127.0.0.1 - - [04/Jan/2018:02:26:27 -0600] "GET /obtenernotificaciones/ HTTP/1.1" 500 13641 "http://127.0.0.1/filtro/buscados/" "Mozilla/5.0 (X11; Ubuntu; Linux x86_64; rv:57.0) Gecko/20100101 Firefox/57.0"
192.168.1.69 - - [04/Jan/2018:02:26:28 -0600] "GET /obtenernotificaciones/ HTTP/1.1" 200 390 "http://192.168.1.74/" "Mozilla/5.0 (Linux; Android 7.1.1; Moto X Play Build/NPD26.48-24-1) AppleWebKit/537.36 (KHTML, like Gecko) Chrome/63.0.3239.111 Mobile Safari/537.36"
127.0.0.1 - - [04/Jan/2018:02:26:30 -0600] "GET /obtenernotificaciones/ HTTP/1.1" 500 13641 "http://127.0.0.1/filtro/buscados/" "Mozilla/5.0 (X11; Ubuntu; Linux x86_64; rv:57.0) Gecko/20100101 Firefox/57.0"
192.168.1.69 - - [04/Jan/2018:02:26:31 -0600] "GET /obtenernotificaciones/ HTTP/1.1" 200 390 "http://192.168.1.74/" "Mozilla/5.0 (Linux; Android 7.1.1; Moto X Play Build/NPD26.48-24-1) AppleWebKit/537.36 (KHTML, like Gecko) Chrome/63.0.3239.111 Mobile Safari/537.36"
127.0.0.1 - - [04/Jan/2018:02:26:33 -0600] "GET /obtenernotificaciones/ HTTP/1.1" 500 13641 "http://127.0.0.1/filtro/buscados/" "Mozilla/5.0 (X11; Ubuntu; Linux x86_64; rv:57.0) Gecko/20100101 Firefox/57.0"
192.168.1.69 - - [04/Jan/2018:02:26:34 -0600] "GET /obtenernotificaciones/ HTTP/1.1" 200 390 "http://192.168.1.74/" "Mozilla/5.0 (Linux; Android 7.1.1; Moto X Play Build/NPD26.48-24-1) AppleWebKit/537.36 (KHTML, like Gecko) Chrome/63.0.3239.111 Mobile Safari/537.36"
127.0.0.1 - - [04/Jan/2018:02:26:36 -0600] "GET /obtenernotificaciones/ HTTP/1.1" 500 13641 "http://127.0.0.1/filtro/buscados/" "Mozilla/5.0 (X11; Ubuntu; Linux x86_64; rv:57.0) Gecko/20100101 Firefox/57.0"
192.168.1.69 - - [04/Jan/2018:02:26:37 -0600] "GET /obtenernotificaciones/ HTTP/1.1" 200 390 "http://192.168.1.74/" "Mozilla/5.0 (Linux; Android 7.1.1; Moto X Play Build/NPD26.48-24-1) AppleWebKit/537.36 (KHTML, like Gecko) Chrome/63.0.3239.111 Mobile Safari/537.36"
127.0.0.1 - - [04/Jan/2018:02:26:39 -0600] "GET /obtenernotificaciones/ HTTP/1.1" 500 13641 "http://127.0.0.1/filtro/buscados/" "Mozilla/5.0 (X11; Ubuntu; Linux x86_64; rv:57.0) Gecko/20100101 Firefox/57.0"
192.168.1.69 - - [04/Jan/2018:02:26:40 -0600] "GET /obtenernotificaciones/ HTTP/1.1" 200 390 "http://192.168.1.74/" "Mozilla/5.0 (Linux; Android 7.1.1; Moto X Play Build/NPD26.48-24-1) AppleWebKit/537.36 (KHTML, like Gecko) Chrome/63.0.3239.111 Mobile Safari/537.36"
127.0.0.1 - - [04/Jan/2018:02:26:42 -0600] "GET /obtenernotificaciones/ HTTP/1.1" 500 13641 "http://127.0.0.1/filtro/buscados/" "Mozilla/5.0 (X11; Ubuntu; Linux x86_64; rv:57.0) Gecko/20100101 Firefox/57.0"
192.168.1.69 - - [04/Jan/2018:02:26:43 -0600] "GET /obtenernotificaciones/ HTTP/1.1" 200 390 "http://192.168.1.74/" "Mozilla/5.0 (Linux; Android 7.1.1; Moto X Play Build/NPD26.48-24-1) AppleWebKit/537.36 (KHTML, like Gecko) Chrome/63.0.3239.111 Mobile Safari/537.36"
127.0.0.1 - - [04/Jan/2018:02:26:45 -0600] "GET /obtenernotificaciones/ HTTP/1.1" 500 13641 "http://127.0.0.1/filtro/buscados/" "Mozilla/5.0 (X11; Ubuntu; Linux x86_64; rv:57.0) Gecko/20100101 Firefox/57.0"
192.168.1.69 - - [04/Jan/2018:02:26:46 -0600] "GET /obtenernotificaciones/ HTTP/1.1" 200 390 "http://192.168.1.74/" "Mozilla/5.0 (Linux; Android 7.1.1; Moto X Play Build/NPD26.48-24-1) AppleWebKit/537.36 (KHTML, like Gecko) Chrome/63.0.3239.111 Mobile Safari/537.36"
127.0.0.1 - - [04/Jan/2018:02:26:48 -0600] "GET /obtenernotificaciones/ HTTP/1.1" 500 13641 "http://127.0.0.1/filtro/buscados/" "Mozilla/5.0 (X11; Ubuntu; Linux x86_64; rv:57.0) Gecko/20100101 Firefox/57.0"
192.168.1.69 - - [04/Jan/2018:02:26:49 -0600] "GET /obtenernotificaciones/ HTTP/1.1" 200 390 "http://192.168.1.74/" "Mozilla/5.0 (Linux; Android 7.1.1; Moto X Play Build/NPD26.48-24-1) AppleWebKit/537.36 (KHTML, like Gecko) Chrome/63.0.3239.111 Mobile Safari/537.36"
127.0.0.1 - - [04/Jan/2018:02:26:51 -0600] "GET /obtenernotificaciones/ HTTP/1.1" 500 13641 "http://127.0.0.1/filtro/buscados/" "Mozilla/5.0 (X11; Ubuntu; Linux x86_64; rv:57.0) Gecko/20100101 Firefox/57.0"
192.168.1.69 - - [04/Jan/2018:02:26:52 -0600] "GET /obtenernotificaciones/ HTTP/1.1" 200 390 "http://192.168.1.74/" "Mozilla/5.0 (Linux; Android 7.1.1; Moto X Play Build/NPD26.48-24-1) AppleWebKit/537.36 (KHTML, like Gecko) Chrome/63.0.3239.111 Mobile Safari/537.36"
127.0.0.1 - - [04/Jan/2018:02:26:54 -0600] "GET /obtenernotificaciones/ HTTP/1.1" 500 13641 "http://127.0.0.1/filtro/buscados/" "Mozilla/5.0 (X11; Ubuntu; Linux x86_64; rv:57.0) Gecko/20100101 Firefox/57.0"
192.168.1.69 - - [04/Jan/2018:02:26:55 -0600] "GET /obtenernotificaciones/ HTTP/1.1" 200 390 "http://192.168.1.74/" "Mozilla/5.0 (Linux; Android 7.1.1; Moto X Play Build/NPD26.48-24-1) AppleWebKit/537.36 (KHTML, like Gecko) Chrome/63.0.3239.111 Mobile Safari/537.36"
127.0.0.1 - - [04/Jan/2018:02:26:57 -0600] "GET /obtenernotificaciones/ HTTP/1.1" 500 13641 "http://127.0.0.1/filtro/buscados/" "Mozilla/5.0 (X11; Ubuntu; Linux x86_64; rv:57.0) Gecko/20100101 Firefox/57.0"
192.168.1.69 - - [04/Jan/2018:02:26:58 -0600] "GET /obtenernotificaciones/ HTTP/1.1" 200 390 "http://192.168.1.74/" "Mozilla/5.0 (Linux; Android 7.1.1; Moto X Play Build/NPD26.48-24-1) AppleWebKit/537.36 (KHTML, like Gecko) Chrome/63.0.3239.111 Mobile Safari/537.36"
127.0.0.1 - - [04/Jan/2018:02:27:00 -0600] "GET /obtenernotificaciones/ HTTP/1.1" 500 13641 "http://127.0.0.1/filtro/buscados/" "Mozilla/5.0 (X11; Ubuntu; Linux x86_64; rv:57.0) Gecko/20100101 Firefox/57.0"
192.168.1.69 - - [04/Jan/2018:02:27:01 -0600] "GET /obtenernotificaciones/ HTTP/1.1" 200 390 "http://192.168.1.74/" "Mozilla/5.0 (Linux; Android 7.1.1; Moto X Play Build/NPD26.48-24-1) AppleWebKit/537.36 (KHTML, like Gecko) Chrome/63.0.3239.111 Mobile Safari/537.36"
192.168.1.69 - - [04/Jan/2018:02:27:03 -0600] "GET /obtenernotificaciones/ HTTP/1.1" 200 390 "http://192.168.1.74/" "Mozilla/5.0 (Linux; Android 7.1.1; Moto X Play Build/NPD26.48-24-1) AppleWebKit/537.36 (KHTML, like Gecko) Chrome/63.0.3239.111 Mobile Safari/537.36"
127.0.0.1 - - [04/Jan/2018:02:27:04 -0600] "GET /obtenernotificaciones/ HTTP/1.1" 500 13641 "http://127.0.0.1/filtro/buscados/" "Mozilla/5.0 (X11; Ubuntu; Linux x86_64; rv:57.0) Gecko/20100101 Firefox/57.0"
192.168.1.69 - - [04/Jan/2018:02:27:06 -0600] "GET /obtenernotificaciones/ HTTP/1.1" 200 390 "http://192.168.1.74/" "Mozilla/5.0 (Linux; Android 7.1.1; Moto X Play Build/NPD26.48-24-1) AppleWebKit/537.36 (KHTML, like Gecko) Chrome/63.0.3239.111 Mobile Safari/537.36"
127.0.0.1 - - [04/Jan/2018:02:27:06 -0600] "GET /obtenernotificaciones/ HTTP/1.1" 500 13641 "http://127.0.0.1/filtro/buscados/" "Mozilla/5.0 (X11; Ubuntu; Linux x86_64; rv:57.0) Gecko/20100101 Firefox/57.0"
127.0.0.1 - - [04/Jan/2018:02:27:09 -0600] "GET /obtenernotificaciones/ HTTP/1.1" 500 13641 "http://127.0.0.1/filtro/buscados/" "Mozilla/5.0 (X11; Ubuntu; Linux x86_64; rv:57.0) Gecko/20100101 Firefox/57.0"
192.168.1.69 - - [04/Jan/2018:02:27:10 -0600] "GET /obtenernotificaciones/ HTTP/1.1" 200 390 "http://192.168.1.74/" "Mozilla/5.0 (Linux; Android 7.1.1; Moto X Play Build/NPD26.48-24-1) AppleWebKit/537.36 (KHTML, like Gecko) Chrome/63.0.3239.111 Mobile Safari/537.36"
192.168.1.69 - - [04/Jan/2018:02:27:12 -0600] "GET /obtenernotificaciones/ HTTP/1.1" 200 390 "http://192.168.1.74/" "Mozilla/5.0 (Linux; Android 7.1.1; Moto X Play Build/NPD26.48-24-1) AppleWebKit/537.36 (KHTML, like Gecko) Chrome/63.0.3239.111 Mobile Safari/537.36"
127.0.0.1 - - [04/Jan/2018:02:27:12 -0600] "GET /obtenernotificaciones/ HTTP/1.1" 500 13641 "http://127.0.0.1/filtro/buscados/" "Mozilla/5.0 (X11; Ubuntu; Linux x86_64; rv:57.0) Gecko/20100101 Firefox/57.0"
127.0.0.1 - - [04/Jan/2018:02:27:15 -0600] "GET /obtenernotificaciones/ HTTP/1.1" 500 13641 "http://127.0.0.1/filtro/buscados/" "Mozilla/5.0 (X11; Ubuntu; Linux x86_64; rv:57.0) Gecko/20100101 Firefox/57.0"
192.168.1.69 - - [04/Jan/2018:02:27:16 -0600] "GET /obtenernotificaciones/ HTTP/1.1" 200 390 "http://192.168.1.74/" "Mozilla/5.0 (Linux; Android 7.1.1; Moto X Play Build/NPD26.48-24-1) AppleWebKit/537.36 (KHTML, like Gecko) Chrome/63.0.3239.111 Mobile Safari/537.36"
127.0.0.1 - - [04/Jan/2018:02:27:18 -0600] "GET /obtenernotificaciones/ HTTP/1.1" 500 13641 "http://127.0.0.1/filtro/buscados/" "Mozilla/5.0 (X11; Ubuntu; Linux x86_64; rv:57.0) Gecko/20100101 Firefox/57.0"
127.0.0.1 - - [04/Jan/2018:02:27:21 -0600] "GET /obtenernotificaciones/ HTTP/1.1" 500 13641 "http://127.0.0.1/filtro/buscados/" "Mozilla/5.0 (X11; Ubuntu; Linux x86_64; rv:57.0) Gecko/20100101 Firefox/57.0"
127.0.0.1 - - [04/Jan/2018:02:27:24 -0600] "GET /obtenernotificaciones/ HTTP/1.1" 500 13641 "http://127.0.0.1/filtro/buscados/" "Mozilla/5.0 (X11; Ubuntu; Linux x86_64; rv:57.0) Gecko/20100101 Firefox/57.0"
127.0.0.1 - - [04/Jan/2018:02:27:28 -0600] "GET /obtenernotificaciones/ HTTP/1.1" 500 13641 "http://127.0.0.1/filtro/buscados/" "Mozilla/5.0 (X11; Ubuntu; Linux x86_64; rv:57.0) Gecko/20100101 Firefox/57.0"
127.0.0.1 - - [04/Jan/2018:02:27:30 -0600] "GET /obtenernotificaciones/ HTTP/1.1" 500 13641 "http://127.0.0.1/filtro/buscados/" "Mozilla/5.0 (X11; Ubuntu; Linux x86_64; rv:57.0) Gecko/20100101 Firefox/57.0"
127.0.0.1 - - [04/Jan/2018:02:27:33 -0600] "GET /obtenernotificaciones/ HTTP/1.1" 500 13641 "http://127.0.0.1/filtro/buscados/" "Mozilla/5.0 (X11; Ubuntu; Linux x86_64; rv:57.0) Gecko/20100101 Firefox/57.0"
127.0.0.1 - - [04/Jan/2018:02:27:36 -0600] "GET /obtenernotificaciones/ HTTP/1.1" 500 13641 "http://127.0.0.1/filtro/buscados/" "Mozilla/5.0 (X11; Ubuntu; Linux x86_64; rv:57.0) Gecko/20100101 Firefox/57.0"
127.0.0.1 - - [04/Jan/2018:02:27:39 -0600] "GET /obtenernotificaciones/ HTTP/1.1" 500 13641 "http://127.0.0.1/filtro/buscados/" "Mozilla/5.0 (X11; Ubuntu; Linux x86_64; rv:57.0) Gecko/20100101 Firefox/57.0"
127.0.0.1 - - [04/Jan/2018:02:27:42 -0600] "GET /obtenernotificaciones/ HTTP/1.1" 500 13641 "http://127.0.0.1/filtro/buscados/" "Mozilla/5.0 (X11; Ubuntu; Linux x86_64; rv:57.0) Gecko/20100101 Firefox/57.0"
127.0.0.1 - - [04/Jan/2018:02:27:45 -0600] "GET /obtenernotificaciones/ HTTP/1.1" 500 13641 "http://127.0.0.1/filtro/buscados/" "Mozilla/5.0 (X11; Ubuntu; Linux x86_64; rv:57.0) Gecko/20100101 Firefox/57.0"
127.0.0.1 - - [04/Jan/2018:02:27:48 -0600] "GET /obtenernotificaciones/ HTTP/1.1" 500 13641 "http://127.0.0.1/filtro/buscados/" "Mozilla/5.0 (X11; Ubuntu; Linux x86_64; rv:57.0) Gecko/20100101 Firefox/57.0"
127.0.0.1 - - [04/Jan/2018:02:27:51 -0600] "GET /obtenernotificaciones/ HTTP/1.1" 500 13641 "http://127.0.0.1/filtro/buscados/" "Mozilla/5.0 (X11; Ubuntu; Linux x86_64; rv:57.0) Gecko/20100101 Firefox/57.0"
127.0.0.1 - - [04/Jan/2018:02:27:54 -0600] "GET /obtenernotificaciones/ HTTP/1.1" 500 13641 "http://127.0.0.1/filtro/buscados/" "Mozilla/5.0 (X11; Ubuntu; Linux x86_64; rv:57.0) Gecko/20100101 Firefox/57.0"
127.0.0.1 - - [04/Jan/2018:02:27:57 -0600] "GET /obtenernotificaciones/ HTTP/1.1" 500 13641 "http://127.0.0.1/filtro/buscados/" "Mozilla/5.0 (X11; Ubuntu; Linux x86_64; rv:57.0) Gecko/20100101 Firefox/57.0"
127.0.0.1 - - [04/Jan/2018:02:28:00 -0600] "GET /obtenernotificaciones/ HTTP/1.1" 500 13641 "http://127.0.0.1/filtro/buscados/" "Mozilla/5.0 (X11; Ubuntu; Linux x86_64; rv:57.0) Gecko/20100101 Firefox/57.0"
127.0.0.1 - - [04/Jan/2018:02:28:03 -0600] "GET /obtenernotificaciones/ HTTP/1.1" 500 13641 "http://127.0.0.1/filtro/buscados/" "Mozilla/5.0 (X11; Ubuntu; Linux x86_64; rv:57.0) Gecko/20100101 Firefox/57.0"
127.0.0.1 - - [04/Jan/2018:02:28:06 -0600] "GET /obtenernotificaciones/ HTTP/1.1" 500 13641 "http://127.0.0.1/filtro/buscados/" "Mozilla/5.0 (X11; Ubuntu; Linux x86_64; rv:57.0) Gecko/20100101 Firefox/57.0"
127.0.0.1 - - [04/Jan/2018:02:28:09 -0600] "GET /obtenernotificaciones/ HTTP/1.1" 500 13641 "http://127.0.0.1/filtro/buscados/" "Mozilla/5.0 (X11; Ubuntu; Linux x86_64; rv:57.0) Gecko/20100101 Firefox/57.0"
127.0.0.1 - - [04/Jan/2018:02:28:12 -0600] "GET /obtenernotificaciones/ HTTP/1.1" 500 13641 "http://127.0.0.1/filtro/buscados/" "Mozilla/5.0 (X11; Ubuntu; Linux x86_64; rv:57.0) Gecko/20100101 Firefox/57.0"
127.0.0.1 - - [04/Jan/2018:02:28:15 -0600] "GET /obtenernotificaciones/ HTTP/1.1" 500 13641 "http://127.0.0.1/filtro/buscados/" "Mozilla/5.0 (X11; Ubuntu; Linux x86_64; rv:57.0) Gecko/20100101 Firefox/57.0"
127.0.0.1 - - [04/Jan/2018:02:28:18 -0600] "GET /obtenernotificaciones/ HTTP/1.1" 500 13641 "http://127.0.0.1/filtro/buscados/" "Mozilla/5.0 (X11; Ubuntu; Linux x86_64; rv:57.0) Gecko/20100101 Firefox/57.0"
127.0.0.1 - - [04/Jan/2018:02:28:21 -0600] "GET /obtenernotificaciones/ HTTP/1.1" 500 13641 "http://127.0.0.1/filtro/buscados/" "Mozilla/5.0 (X11; Ubuntu; Linux x86_64; rv:57.0) Gecko/20100101 Firefox/57.0"
127.0.0.1 - - [04/Jan/2018:02:28:24 -0600] "GET /obtenernotificaciones/ HTTP/1.1" 500 13641 "http://127.0.0.1/filtro/buscados/" "Mozilla/5.0 (X11; Ubuntu; Linux x86_64; rv:57.0) Gecko/20100101 Firefox/57.0"
127.0.0.1 - - [04/Jan/2018:02:28:27 -0600] "GET /obtenernotificaciones/ HTTP/1.1" 500 13641 "http://127.0.0.1/filtro/buscados/" "Mozilla/5.0 (X11; Ubuntu; Linux x86_64; rv:57.0) Gecko/20100101 Firefox/57.0"
127.0.0.1 - - [04/Jan/2018:02:28:30 -0600] "GET /obtenernotificaciones/ HTTP/1.1" 500 13641 "http://127.0.0.1/filtro/buscados/" "Mozilla/5.0 (X11; Ubuntu; Linux x86_64; rv:57.0) Gecko/20100101 Firefox/57.0"
127.0.0.1 - - [04/Jan/2018:02:28:33 -0600] "GET /obtenernotificaciones/ HTTP/1.1" 500 13641 "http://127.0.0.1/filtro/buscados/" "Mozilla/5.0 (X11; Ubuntu; Linux x86_64; rv:57.0) Gecko/20100101 Firefox/57.0"
127.0.0.1 - - [04/Jan/2018:02:28:36 -0600] "GET /obtenernotificaciones/ HTTP/1.1" 500 13641 "http://127.0.0.1/filtro/buscados/" "Mozilla/5.0 (X11; Ubuntu; Linux x86_64; rv:57.0) Gecko/20100101 Firefox/57.0"
127.0.0.1 - - [04/Jan/2018:02:28:39 -0600] "GET /obtenernotificaciones/ HTTP/1.1" 500 13641 "http://127.0.0.1/filtro/buscados/" "Mozilla/5.0 (X11; Ubuntu; Linux x86_64; rv:57.0) Gecko/20100101 Firefox/57.0"
127.0.0.1 - - [04/Jan/2018:02:28:42 -0600] "GET /obtenernotificaciones/ HTTP/1.1" 500 13641 "http://127.0.0.1/filtro/buscados/" "Mozilla/5.0 (X11; Ubuntu; Linux x86_64; rv:57.0) Gecko/20100101 Firefox/57.0"
127.0.0.1 - - [04/Jan/2018:02:28:45 -0600] "GET /obtenernotificaciones/ HTTP/1.1" 500 13641 "http://127.0.0.1/filtro/buscados/" "Mozilla/5.0 (X11; Ubuntu; Linux x86_64; rv:57.0) Gecko/20100101 Firefox/57.0"
127.0.0.1 - - [04/Jan/2018:02:28:48 -0600] "GET /obtenernotificaciones/ HTTP/1.1" 500 13641 "http://127.0.0.1/filtro/buscados/" "Mozilla/5.0 (X11; Ubuntu; Linux x86_64; rv:57.0) Gecko/20100101 Firefox/57.0"
127.0.0.1 - - [04/Jan/2018:02:28:51 -0600] "GET /obtenernotificaciones/ HTTP/1.1" 500 13641 "http://127.0.0.1/filtro/buscados/" "Mozilla/5.0 (X11; Ubuntu; Linux x86_64; rv:57.0) Gecko/20100101 Firefox/57.0"
127.0.0.1 - - [04/Jan/2018:02:28:54 -0600] "GET /obtenernotificaciones/ HTTP/1.1" 500 13641 "http://127.0.0.1/filtro/buscados/" "Mozilla/5.0 (X11; Ubuntu; Linux x86_64; rv:57.0) Gecko/20100101 Firefox/57.0"
127.0.0.1 - - [04/Jan/2018:02:28:57 -0600] "GET /obtenernotificaciones/ HTTP/1.1" 500 13641 "http://127.0.0.1/filtro/buscados/" "Mozilla/5.0 (X11; Ubuntu; Linux x86_64; rv:57.0) Gecko/20100101 Firefox/57.0"
127.0.0.1 - - [04/Jan/2018:02:29:00 -0600] "GET /obtenernotificaciones/ HTTP/1.1" 500 13641 "http://127.0.0.1/filtro/buscados/" "Mozilla/5.0 (X11; Ubuntu; Linux x86_64; rv:57.0) Gecko/20100101 Firefox/57.0"
127.0.0.1 - - [04/Jan/2018:02:29:03 -0600] "GET /obtenernotificaciones/ HTTP/1.1" 500 13641 "http://127.0.0.1/filtro/buscados/" "Mozilla/5.0 (X11; Ubuntu; Linux x86_64; rv:57.0) Gecko/20100101 Firefox/57.0"
127.0.0.1 - - [04/Jan/2018:02:29:06 -0600] "GET /obtenernotificaciones/ HTTP/1.1" 500 13641 "http://127.0.0.1/filtro/buscados/" "Mozilla/5.0 (X11; Ubuntu; Linux x86_64; rv:57.0) Gecko/20100101 Firefox/57.0"
127.0.0.1 - - [04/Jan/2018:02:29:09 -0600] "GET /obtenernotificaciones/ HTTP/1.1" 500 13641 "http://127.0.0.1/filtro/buscados/" "Mozilla/5.0 (X11; Ubuntu; Linux x86_64; rv:57.0) Gecko/20100101 Firefox/57.0"
127.0.0.1 - - [04/Jan/2018:02:29:12 -0600] "GET /obtenernotificaciones/ HTTP/1.1" 500 13641 "http://127.0.0.1/filtro/buscados/" "Mozilla/5.0 (X11; Ubuntu; Linux x86_64; rv:57.0) Gecko/20100101 Firefox/57.0"
127.0.0.1 - - [04/Jan/2018:02:29:15 -0600] "GET /obtenernotificaciones/ HTTP/1.1" 500 13641 "http://127.0.0.1/filtro/buscados/" "Mozilla/5.0 (X11; Ubuntu; Linux x86_64; rv:57.0) Gecko/20100101 Firefox/57.0"
127.0.0.1 - - [04/Jan/2018:02:29:18 -0600] "GET /obtenernotificaciones/ HTTP/1.1" 500 13641 "http://127.0.0.1/filtro/buscados/" "Mozilla/5.0 (X11; Ubuntu; Linux x86_64; rv:57.0) Gecko/20100101 Firefox/57.0"
127.0.0.1 - - [04/Jan/2018:02:29:21 -0600] "GET /obtenernotificaciones/ HTTP/1.1" 500 13641 "http://127.0.0.1/filtro/buscados/" "Mozilla/5.0 (X11; Ubuntu; Linux x86_64; rv:57.0) Gecko/20100101 Firefox/57.0"
127.0.0.1 - - [04/Jan/2018:02:29:24 -0600] "GET /obtenernotificaciones/ HTTP/1.1" 500 13641 "http://127.0.0.1/filtro/buscados/" "Mozilla/5.0 (X11; Ubuntu; Linux x86_64; rv:57.0) Gecko/20100101 Firefox/57.0"
127.0.0.1 - - [04/Jan/2018:02:29:27 -0600] "GET /obtenernotificaciones/ HTTP/1.1" 500 13641 "http://127.0.0.1/filtro/buscados/" "Mozilla/5.0 (X11; Ubuntu; Linux x86_64; rv:57.0) Gecko/20100101 Firefox/57.0"
127.0.0.1 - - [04/Jan/2018:02:29:30 -0600] "GET /obtenernotificaciones/ HTTP/1.1" 500 13641 "http://127.0.0.1/filtro/buscados/" "Mozilla/5.0 (X11; Ubuntu; Linux x86_64; rv:57.0) Gecko/20100101 Firefox/57.0"
127.0.0.1 - - [04/Jan/2018:02:29:33 -0600] "GET /obtenernotificaciones/ HTTP/1.1" 500 13641 "http://127.0.0.1/filtro/buscados/" "Mozilla/5.0 (X11; Ubuntu; Linux x86_64; rv:57.0) Gecko/20100101 Firefox/57.0"
127.0.0.1 - - [04/Jan/2018:02:29:36 -0600] "GET /obtenernotificaciones/ HTTP/1.1" 500 13641 "http://127.0.0.1/filtro/buscados/" "Mozilla/5.0 (X11; Ubuntu; Linux x86_64; rv:57.0) Gecko/20100101 Firefox/57.0"
127.0.0.1 - - [04/Jan/2018:02:29:39 -0600] "GET /obtenernotificaciones/ HTTP/1.1" 500 13641 "http://127.0.0.1/filtro/buscados/" "Mozilla/5.0 (X11; Ubuntu; Linux x86_64; rv:57.0) Gecko/20100101 Firefox/57.0"
127.0.0.1 - - [04/Jan/2018:02:29:42 -0600] "GET /obtenernotificaciones/ HTTP/1.1" 500 13641 "http://127.0.0.1/filtro/buscados/" "Mozilla/5.0 (X11; Ubuntu; Linux x86_64; rv:57.0) Gecko/20100101 Firefox/57.0"
127.0.0.1 - - [04/Jan/2018:02:29:45 -0600] "GET /obtenernotificaciones/ HTTP/1.1" 500 13641 "http://127.0.0.1/filtro/buscados/" "Mozilla/5.0 (X11; Ubuntu; Linux x86_64; rv:57.0) Gecko/20100101 Firefox/57.0"
127.0.0.1 - - [04/Jan/2018:02:29:48 -0600] "GET /obtenernotificaciones/ HTTP/1.1" 500 13641 "http://127.0.0.1/filtro/buscados/" "Mozilla/5.0 (X11; Ubuntu; Linux x86_64; rv:57.0) Gecko/20100101 Firefox/57.0"
127.0.0.1 - - [04/Jan/2018:02:29:51 -0600] "GET /obtenernotificaciones/ HTTP/1.1" 500 13641 "http://127.0.0.1/filtro/buscados/" "Mozilla/5.0 (X11; Ubuntu; Linux x86_64; rv:57.0) Gecko/20100101 Firefox/57.0"
127.0.0.1 - - [04/Jan/2018:02:29:54 -0600] "GET /obtenernotificaciones/ HTTP/1.1" 500 13641 "http://127.0.0.1/filtro/buscados/" "Mozilla/5.0 (X11; Ubuntu; Linux x86_64; rv:57.0) Gecko/20100101 Firefox/57.0"
127.0.0.1 - - [04/Jan/2018:02:29:57 -0600] "GET /obtenernotificaciones/ HTTP/1.1" 500 13641 "http://127.0.0.1/filtro/buscados/" "Mozilla/5.0 (X11; Ubuntu; Linux x86_64; rv:57.0) Gecko/20100101 Firefox/57.0"
127.0.0.1 - - [04/Jan/2018:02:30:00 -0600] "GET /obtenernotificaciones/ HTTP/1.1" 500 13641 "http://127.0.0.1/filtro/buscados/" "Mozilla/5.0 (X11; Ubuntu; Linux x86_64; rv:57.0) Gecko/20100101 Firefox/57.0"
127.0.0.1 - - [04/Jan/2018:02:30:03 -0600] "GET /obtenernotificaciones/ HTTP/1.1" 500 13641 "http://127.0.0.1/filtro/buscados/" "Mozilla/5.0 (X11; Ubuntu; Linux x86_64; rv:57.0) Gecko/20100101 Firefox/57.0"
127.0.0.1 - - [04/Jan/2018:02:30:06 -0600] "GET /obtenernotificaciones/ HTTP/1.1" 500 13641 "http://127.0.0.1/filtro/buscados/" "Mozilla/5.0 (X11; Ubuntu; Linux x86_64; rv:57.0) Gecko/20100101 Firefox/57.0"
127.0.0.1 - - [04/Jan/2018:02:30:09 -0600] "GET /obtenernotificaciones/ HTTP/1.1" 500 13641 "http://127.0.0.1/filtro/buscados/" "Mozilla/5.0 (X11; Ubuntu; Linux x86_64; rv:57.0) Gecko/20100101 Firefox/57.0"
127.0.0.1 - - [04/Jan/2018:02:30:12 -0600] "GET /obtenernotificaciones/ HTTP/1.1" 500 13641 "http://127.0.0.1/filtro/buscados/" "Mozilla/5.0 (X11; Ubuntu; Linux x86_64; rv:57.0) Gecko/20100101 Firefox/57.0"
127.0.0.1 - - [04/Jan/2018:02:30:15 -0600] "GET /obtenernotificaciones/ HTTP/1.1" 500 13641 "http://127.0.0.1/filtro/buscados/" "Mozilla/5.0 (X11; Ubuntu; Linux x86_64; rv:57.0) Gecko/20100101 Firefox/57.0"
127.0.0.1 - - [04/Jan/2018:02:30:18 -0600] "GET /obtenernotificaciones/ HTTP/1.1" 500 13641 "http://127.0.0.1/filtro/buscados/" "Mozilla/5.0 (X11; Ubuntu; Linux x86_64; rv:57.0) Gecko/20100101 Firefox/57.0"
127.0.0.1 - - [04/Jan/2018:02:30:21 -0600] "GET /obtenernotificaciones/ HTTP/1.1" 500 13641 "http://127.0.0.1/filtro/buscados/" "Mozilla/5.0 (X11; Ubuntu; Linux x86_64; rv:57.0) Gecko/20100101 Firefox/57.0"
127.0.0.1 - - [04/Jan/2018:02:30:24 -0600] "GET /obtenernotificaciones/ HTTP/1.1" 500 13641 "http://127.0.0.1/filtro/buscados/" "Mozilla/5.0 (X11; Ubuntu; Linux x86_64; rv:57.0) Gecko/20100101 Firefox/57.0"
127.0.0.1 - - [04/Jan/2018:02:30:27 -0600] "GET /obtenernotificaciones/ HTTP/1.1" 500 13641 "http://127.0.0.1/filtro/buscados/" "Mozilla/5.0 (X11; Ubuntu; Linux x86_64; rv:57.0) Gecko/20100101 Firefox/57.0"
127.0.0.1 - - [04/Jan/2018:02:30:30 -0600] "GET /obtenernotificaciones/ HTTP/1.1" 500 13641 "http://127.0.0.1/filtro/buscados/" "Mozilla/5.0 (X11; Ubuntu; Linux x86_64; rv:57.0) Gecko/20100101 Firefox/57.0"
127.0.0.1 - - [04/Jan/2018:02:30:33 -0600] "GET /obtenernotificaciones/ HTTP/1.1" 500 13641 "http://127.0.0.1/filtro/buscados/" "Mozilla/5.0 (X11; Ubuntu; Linux x86_64; rv:57.0) Gecko/20100101 Firefox/57.0"
127.0.0.1 - - [04/Jan/2018:02:30:36 -0600] "GET /obtenernotificaciones/ HTTP/1.1" 500 13641 "http://127.0.0.1/filtro/buscados/" "Mozilla/5.0 (X11; Ubuntu; Linux x86_64; rv:57.0) Gecko/20100101 Firefox/57.0"
127.0.0.1 - - [04/Jan/2018:02:30:39 -0600] "GET /obtenernotificaciones/ HTTP/1.1" 500 13641 "http://127.0.0.1/filtro/buscados/" "Mozilla/5.0 (X11; Ubuntu; Linux x86_64; rv:57.0) Gecko/20100101 Firefox/57.0"
127.0.0.1 - - [04/Jan/2018:02:30:42 -0600] "GET /obtenernotificaciones/ HTTP/1.1" 500 13641 "http://127.0.0.1/filtro/buscados/" "Mozilla/5.0 (X11; Ubuntu; Linux x86_64; rv:57.0) Gecko/20100101 Firefox/57.0"
127.0.0.1 - - [04/Jan/2018:02:30:45 -0600] "GET /obtenernotificaciones/ HTTP/1.1" 500 13641 "http://127.0.0.1/filtro/buscados/" "Mozilla/5.0 (X11; Ubuntu; Linux x86_64; rv:57.0) Gecko/20100101 Firefox/57.0"
127.0.0.1 - - [04/Jan/2018:02:30:48 -0600] "GET /obtenernotificaciones/ HTTP/1.1" 500 13641 "http://127.0.0.1/filtro/buscados/" "Mozilla/5.0 (X11; Ubuntu; Linux x86_64; rv:57.0) Gecko/20100101 Firefox/57.0"
127.0.0.1 - - [04/Jan/2018:02:30:51 -0600] "GET /obtenernotificaciones/ HTTP/1.1" 500 13641 "http://127.0.0.1/filtro/buscados/" "Mozilla/5.0 (X11; Ubuntu; Linux x86_64; rv:57.0) Gecko/20100101 Firefox/57.0"
127.0.0.1 - - [04/Jan/2018:02:30:54 -0600] "GET /obtenernotificaciones/ HTTP/1.1" 500 13641 "http://127.0.0.1/filtro/buscados/" "Mozilla/5.0 (X11; Ubuntu; Linux x86_64; rv:57.0) Gecko/20100101 Firefox/57.0"
127.0.0.1 - - [04/Jan/2018:02:30:57 -0600] "GET /obtenernotificaciones/ HTTP/1.1" 500 13641 "http://127.0.0.1/filtro/buscados/" "Mozilla/5.0 (X11; Ubuntu; Linux x86_64; rv:57.0) Gecko/20100101 Firefox/57.0"
127.0.0.1 - - [04/Jan/2018:02:31:00 -0600] "GET /obtenernotificaciones/ HTTP/1.1" 500 13641 "http://127.0.0.1/filtro/buscados/" "Mozilla/5.0 (X11; Ubuntu; Linux x86_64; rv:57.0) Gecko/20100101 Firefox/57.0"
127.0.0.1 - - [04/Jan/2018:02:31:03 -0600] "GET /obtenernotificaciones/ HTTP/1.1" 500 13641 "http://127.0.0.1/filtro/buscados/" "Mozilla/5.0 (X11; Ubuntu; Linux x86_64; rv:57.0) Gecko/20100101 Firefox/57.0"
127.0.0.1 - - [04/Jan/2018:02:31:06 -0600] "GET /obtenernotificaciones/ HTTP/1.1" 500 13641 "http://127.0.0.1/filtro/buscados/" "Mozilla/5.0 (X11; Ubuntu; Linux x86_64; rv:57.0) Gecko/20100101 Firefox/57.0"
127.0.0.1 - - [04/Jan/2018:02:31:09 -0600] "GET /obtenernotificaciones/ HTTP/1.1" 500 13641 "http://127.0.0.1/filtro/buscados/" "Mozilla/5.0 (X11; Ubuntu; Linux x86_64; rv:57.0) Gecko/20100101 Firefox/57.0"
127.0.0.1 - - [04/Jan/2018:02:31:12 -0600] "GET /obtenernotificaciones/ HTTP/1.1" 500 13641 "http://127.0.0.1/filtro/buscados/" "Mozilla/5.0 (X11; Ubuntu; Linux x86_64; rv:57.0) Gecko/20100101 Firefox/57.0"
127.0.0.1 - - [04/Jan/2018:02:31:15 -0600] "GET /obtenernotificaciones/ HTTP/1.1" 500 13641 "http://127.0.0.1/filtro/buscados/" "Mozilla/5.0 (X11; Ubuntu; Linux x86_64; rv:57.0) Gecko/20100101 Firefox/57.0"
127.0.0.1 - - [04/Jan/2018:02:31:18 -0600] "GET /obtenernotificaciones/ HTTP/1.1" 500 13641 "http://127.0.0.1/filtro/buscados/" "Mozilla/5.0 (X11; Ubuntu; Linux x86_64; rv:57.0) Gecko/20100101 Firefox/57.0"
127.0.0.1 - - [04/Jan/2018:02:31:21 -0600] "GET /obtenernotificaciones/ HTTP/1.1" 500 13641 "http://127.0.0.1/filtro/buscados/" "Mozilla/5.0 (X11; Ubuntu; Linux x86_64; rv:57.0) Gecko/20100101 Firefox/57.0"
127.0.0.1 - - [04/Jan/2018:02:31:24 -0600] "GET /obtenernotificaciones/ HTTP/1.1" 500 13641 "http://127.0.0.1/filtro/buscados/" "Mozilla/5.0 (X11; Ubuntu; Linux x86_64; rv:57.0) Gecko/20100101 Firefox/57.0"
127.0.0.1 - - [04/Jan/2018:02:31:27 -0600] "GET /obtenernotificaciones/ HTTP/1.1" 500 13641 "http://127.0.0.1/filtro/buscados/" "Mozilla/5.0 (X11; Ubuntu; Linux x86_64; rv:57.0) Gecko/20100101 Firefox/57.0"
127.0.0.1 - - [04/Jan/2018:02:31:30 -0600] "GET /obtenernotificaciones/ HTTP/1.1" 500 13641 "http://127.0.0.1/filtro/buscados/" "Mozilla/5.0 (X11; Ubuntu; Linux x86_64; rv:57.0) Gecko/20100101 Firefox/57.0"
127.0.0.1 - - [04/Jan/2018:02:31:33 -0600] "GET /obtenernotificaciones/ HTTP/1.1" 500 13641 "http://127.0.0.1/filtro/buscados/" "Mozilla/5.0 (X11; Ubuntu; Linux x86_64; rv:57.0) Gecko/20100101 Firefox/57.0"
127.0.0.1 - - [04/Jan/2018:02:31:36 -0600] "GET /obtenernotificaciones/ HTTP/1.1" 500 13641 "http://127.0.0.1/filtro/buscados/" "Mozilla/5.0 (X11; Ubuntu; Linux x86_64; rv:57.0) Gecko/20100101 Firefox/57.0"
127.0.0.1 - - [04/Jan/2018:02:31:39 -0600] "GET /obtenernotificaciones/ HTTP/1.1" 500 13641 "http://127.0.0.1/filtro/buscados/" "Mozilla/5.0 (X11; Ubuntu; Linux x86_64; rv:57.0) Gecko/20100101 Firefox/57.0"
127.0.0.1 - - [04/Jan/2018:02:31:42 -0600] "GET /obtenernotificaciones/ HTTP/1.1" 500 13641 "http://127.0.0.1/filtro/buscados/" "Mozilla/5.0 (X11; Ubuntu; Linux x86_64; rv:57.0) Gecko/20100101 Firefox/57.0"
127.0.0.1 - - [04/Jan/2018:02:31:45 -0600] "GET /obtenernotificaciones/ HTTP/1.1" 500 13641 "http://127.0.0.1/filtro/buscados/" "Mozilla/5.0 (X11; Ubuntu; Linux x86_64; rv:57.0) Gecko/20100101 Firefox/57.0"
127.0.0.1 - - [04/Jan/2018:02:31:48 -0600] "GET /obtenernotificaciones/ HTTP/1.1" 500 13641 "http://127.0.0.1/filtro/buscados/" "Mozilla/5.0 (X11; Ubuntu; Linux x86_64; rv:57.0) Gecko/20100101 Firefox/57.0"
127.0.0.1 - - [04/Jan/2018:02:31:51 -0600] "GET /obtenernotificaciones/ HTTP/1.1" 500 13641 "http://127.0.0.1/filtro/buscados/" "Mozilla/5.0 (X11; Ubuntu; Linux x86_64; rv:57.0) Gecko/20100101 Firefox/57.0"
127.0.0.1 - - [04/Jan/2018:02:31:54 -0600] "GET /obtenernotificaciones/ HTTP/1.1" 500 13641 "http://127.0.0.1/filtro/buscados/" "Mozilla/5.0 (X11; Ubuntu; Linux x86_64; rv:57.0) Gecko/20100101 Firefox/57.0"
127.0.0.1 - - [04/Jan/2018:02:31:57 -0600] "GET /obtenernotificaciones/ HTTP/1.1" 500 13641 "http://127.0.0.1/filtro/buscados/" "Mozilla/5.0 (X11; Ubuntu; Linux x86_64; rv:57.0) Gecko/20100101 Firefox/57.0"
127.0.0.1 - - [04/Jan/2018:02:32:00 -0600] "GET /obtenernotificaciones/ HTTP/1.1" 500 13641 "http://127.0.0.1/filtro/buscados/" "Mozilla/5.0 (X11; Ubuntu; Linux x86_64; rv:57.0) Gecko/20100101 Firefox/57.0"
127.0.0.1 - - [04/Jan/2018:02:32:03 -0600] "GET /obtenernotificaciones/ HTTP/1.1" 500 13641 "http://127.0.0.1/filtro/buscados/" "Mozilla/5.0 (X11; Ubuntu; Linux x86_64; rv:57.0) Gecko/20100101 Firefox/57.0"
127.0.0.1 - - [04/Jan/2018:02:32:06 -0600] "GET /obtenernotificaciones/ HTTP/1.1" 500 13641 "http://127.0.0.1/filtro/buscados/" "Mozilla/5.0 (X11; Ubuntu; Linux x86_64; rv:57.0) Gecko/20100101 Firefox/57.0"
127.0.0.1 - - [04/Jan/2018:02:32:09 -0600] "GET /obtenernotificaciones/ HTTP/1.1" 500 13641 "http://127.0.0.1/filtro/buscados/" "Mozilla/5.0 (X11; Ubuntu; Linux x86_64; rv:57.0) Gecko/20100101 Firefox/57.0"
127.0.0.1 - - [04/Jan/2018:02:32:12 -0600] "GET /obtenernotificaciones/ HTTP/1.1" 500 13641 "http://127.0.0.1/filtro/buscados/" "Mozilla/5.0 (X11; Ubuntu; Linux x86_64; rv:57.0) Gecko/20100101 Firefox/57.0"
127.0.0.1 - - [04/Jan/2018:02:32:15 -0600] "GET /obtenernotificaciones/ HTTP/1.1" 500 13641 "http://127.0.0.1/filtro/buscados/" "Mozilla/5.0 (X11; Ubuntu; Linux x86_64; rv:57.0) Gecko/20100101 Firefox/57.0"
127.0.0.1 - - [04/Jan/2018:02:32:18 -0600] "GET /obtenernotificaciones/ HTTP/1.1" 500 13641 "http://127.0.0.1/filtro/buscados/" "Mozilla/5.0 (X11; Ubuntu; Linux x86_64; rv:57.0) Gecko/20100101 Firefox/57.0"
127.0.0.1 - - [04/Jan/2018:02:32:21 -0600] "GET /obtenernotificaciones/ HTTP/1.1" 500 13641 "http://127.0.0.1/filtro/buscados/" "Mozilla/5.0 (X11; Ubuntu; Linux x86_64; rv:57.0) Gecko/20100101 Firefox/57.0"
127.0.0.1 - - [04/Jan/2018:02:32:24 -0600] "GET /obtenernotificaciones/ HTTP/1.1" 500 13641 "http://127.0.0.1/filtro/buscados/" "Mozilla/5.0 (X11; Ubuntu; Linux x86_64; rv:57.0) Gecko/20100101 Firefox/57.0"
127.0.0.1 - - [04/Jan/2018:02:32:27 -0600] "GET /obtenernotificaciones/ HTTP/1.1" 500 13641 "http://127.0.0.1/filtro/buscados/" "Mozilla/5.0 (X11; Ubuntu; Linux x86_64; rv:57.0) Gecko/20100101 Firefox/57.0"
127.0.0.1 - - [04/Jan/2018:02:32:30 -0600] "GET /obtenernotificaciones/ HTTP/1.1" 500 13641 "http://127.0.0.1/filtro/buscados/" "Mozilla/5.0 (X11; Ubuntu; Linux x86_64; rv:57.0) Gecko/20100101 Firefox/57.0"
127.0.0.1 - - [04/Jan/2018:02:32:33 -0600] "GET /obtenernotificaciones/ HTTP/1.1" 500 13641 "http://127.0.0.1/filtro/buscados/" "Mozilla/5.0 (X11; Ubuntu; Linux x86_64; rv:57.0) Gecko/20100101 Firefox/57.0"
127.0.0.1 - - [04/Jan/2018:02:32:36 -0600] "GET /obtenernotificaciones/ HTTP/1.1" 500 13641 "http://127.0.0.1/filtro/buscados/" "Mozilla/5.0 (X11; Ubuntu; Linux x86_64; rv:57.0) Gecko/20100101 Firefox/57.0"
127.0.0.1 - - [04/Jan/2018:02:32:39 -0600] "GET /obtenernotificaciones/ HTTP/1.1" 500 13641 "http://127.0.0.1/filtro/buscados/" "Mozilla/5.0 (X11; Ubuntu; Linux x86_64; rv:57.0) Gecko/20100101 Firefox/57.0"
127.0.0.1 - - [04/Jan/2018:02:32:42 -0600] "GET /obtenernotificaciones/ HTTP/1.1" 500 13641 "http://127.0.0.1/filtro/buscados/" "Mozilla/5.0 (X11; Ubuntu; Linux x86_64; rv:57.0) Gecko/20100101 Firefox/57.0"
127.0.0.1 - - [04/Jan/2018:02:32:45 -0600] "GET /obtenernotificaciones/ HTTP/1.1" 500 13641 "http://127.0.0.1/filtro/buscados/" "Mozilla/5.0 (X11; Ubuntu; Linux x86_64; rv:57.0) Gecko/20100101 Firefox/57.0"
127.0.0.1 - - [04/Jan/2018:02:32:48 -0600] "GET /obtenernotificaciones/ HTTP/1.1" 500 13641 "http://127.0.0.1/filtro/buscados/" "Mozilla/5.0 (X11; Ubuntu; Linux x86_64; rv:57.0) Gecko/20100101 Firefox/57.0"
127.0.0.1 - - [04/Jan/2018:02:32:51 -0600] "GET /obtenernotificaciones/ HTTP/1.1" 500 13641 "http://127.0.0.1/filtro/buscados/" "Mozilla/5.0 (X11; Ubuntu; Linux x86_64; rv:57.0) Gecko/20100101 Firefox/57.0"
127.0.0.1 - - [04/Jan/2018:02:32:54 -0600] "GET /obtenernotificaciones/ HTTP/1.1" 500 13641 "http://127.0.0.1/filtro/buscados/" "Mozilla/5.0 (X11; Ubuntu; Linux x86_64; rv:57.0) Gecko/20100101 Firefox/57.0"
127.0.0.1 - - [04/Jan/2018:02:32:57 -0600] "GET /obtenernotificaciones/ HTTP/1.1" 500 13641 "http://127.0.0.1/filtro/buscados/" "Mozilla/5.0 (X11; Ubuntu; Linux x86_64; rv:57.0) Gecko/20100101 Firefox/57.0"
127.0.0.1 - - [04/Jan/2018:02:33:00 -0600] "GET /obtenernotificaciones/ HTTP/1.1" 500 13641 "http://127.0.0.1/filtro/buscados/" "Mozilla/5.0 (X11; Ubuntu; Linux x86_64; rv:57.0) Gecko/20100101 Firefox/57.0"
127.0.0.1 - - [04/Jan/2018:02:33:03 -0600] "GET /obtenernotificaciones/ HTTP/1.1" 500 13641 "http://127.0.0.1/filtro/buscados/" "Mozilla/5.0 (X11; Ubuntu; Linux x86_64; rv:57.0) Gecko/20100101 Firefox/57.0"
127.0.0.1 - - [04/Jan/2018:02:33:06 -0600] "GET /obtenernotificaciones/ HTTP/1.1" 500 13641 "http://127.0.0.1/filtro/buscados/" "Mozilla/5.0 (X11; Ubuntu; Linux x86_64; rv:57.0) Gecko/20100101 Firefox/57.0"
127.0.0.1 - - [04/Jan/2018:02:33:09 -0600] "GET /obtenernotificaciones/ HTTP/1.1" 500 13641 "http://127.0.0.1/filtro/buscados/" "Mozilla/5.0 (X11; Ubuntu; Linux x86_64; rv:57.0) Gecko/20100101 Firefox/57.0"
127.0.0.1 - - [04/Jan/2018:02:33:12 -0600] "GET /obtenernotificaciones/ HTTP/1.1" 500 13641 "http://127.0.0.1/filtro/buscados/" "Mozilla/5.0 (X11; Ubuntu; Linux x86_64; rv:57.0) Gecko/20100101 Firefox/57.0"
127.0.0.1 - - [04/Jan/2018:02:33:15 -0600] "GET /obtenernotificaciones/ HTTP/1.1" 500 13641 "http://127.0.0.1/filtro/buscados/" "Mozilla/5.0 (X11; Ubuntu; Linux x86_64; rv:57.0) Gecko/20100101 Firefox/57.0"
127.0.0.1 - - [04/Jan/2018:02:33:18 -0600] "GET /obtenernotificaciones/ HTTP/1.1" 500 13641 "http://127.0.0.1/filtro/buscados/" "Mozilla/5.0 (X11; Ubuntu; Linux x86_64; rv:57.0) Gecko/20100101 Firefox/57.0"
127.0.0.1 - - [04/Jan/2018:02:33:20 -0600] "GET /static/bootstrap/tables.html HTTP/1.1" 200 5627 "http://127.0.0.1/filtro/buscados/" "Mozilla/5.0 (X11; Ubuntu; Linux x86_64; rv:57.0) Gecko/20100101 Firefox/57.0"
127.0.0.1 - - [04/Jan/2018:02:33:20 -0600] "GET /static/bootstrap/vendor/datatables/dataTables.bootstrap4.css HTTP/1.1" 200 5604 "http://127.0.0.1/static/bootstrap/tables.html" "Mozilla/5.0 (X11; Ubuntu; Linux x86_64; rv:57.0) Gecko/20100101 Firefox/57.0"
127.0.0.1 - - [04/Jan/2018:02:33:20 -0600] "GET /static/bootstrap/vendor/datatables/jquery.dataTables.js HTTP/1.1" 200 445792 "http://127.0.0.1/static/bootstrap/tables.html" "Mozilla/5.0 (X11; Ubuntu; Linux x86_64; rv:57.0) Gecko/20100101 Firefox/57.0"
127.0.0.1 - - [04/Jan/2018:02:33:20 -0600] "GET /static/bootstrap/vendor/datatables/dataTables.bootstrap4.js HTTP/1.1" 200 4678 "http://127.0.0.1/static/bootstrap/tables.html" "Mozilla/5.0 (X11; Ubuntu; Linux x86_64; rv:57.0) Gecko/20100101 Firefox/57.0"
127.0.0.1 - - [04/Jan/2018:02:33:20 -0600] "GET /static/bootstrap/js/sb-admin-datatables.min.js HTTP/1.1" 200 311 "http://127.0.0.1/static/bootstrap/tables.html" "Mozilla/5.0 (X11; Ubuntu; Linux x86_64; rv:57.0) Gecko/20100101 Firefox/57.0"
127.0.0.1 - - [04/Jan/2018:02:33:24 -0600] "GET /obtenernotificaciones/ HTTP/1.1" 500 13641 "http://127.0.0.1/filtro/buscados/" "Mozilla/5.0 (X11; Ubuntu; Linux x86_64; rv:57.0) Gecko/20100101 Firefox/57.0"
127.0.0.1 - - [04/Jan/2018:02:33:27 -0600] "GET /obtenernotificaciones/ HTTP/1.1" 500 13641 "http://127.0.0.1/filtro/buscados/" "Mozilla/5.0 (X11; Ubuntu; Linux x86_64; rv:57.0) Gecko/20100101 Firefox/57.0"
127.0.0.1 - - [04/Jan/2018:02:33:30 -0600] "GET /obtenernotificaciones/ HTTP/1.1" 500 13641 "http://127.0.0.1/filtro/buscados/" "Mozilla/5.0 (X11; Ubuntu; Linux x86_64; rv:57.0) Gecko/20100101 Firefox/57.0"
127.0.0.1 - - [04/Jan/2018:02:33:33 -0600] "GET /obtenernotificaciones/ HTTP/1.1" 500 13641 "http://127.0.0.1/filtro/buscados/" "Mozilla/5.0 (X11; Ubuntu; Linux x86_64; rv:57.0) Gecko/20100101 Firefox/57.0"
127.0.0.1 - - [04/Jan/2018:02:33:36 -0600] "GET /obtenernotificaciones/ HTTP/1.1" 500 13641 "http://127.0.0.1/filtro/buscados/" "Mozilla/5.0 (X11; Ubuntu; Linux x86_64; rv:57.0) Gecko/20100101 Firefox/57.0"
127.0.0.1 - - [04/Jan/2018:02:33:39 -0600] "GET /obtenernotificaciones/ HTTP/1.1" 500 13641 "http://127.0.0.1/filtro/buscados/" "Mozilla/5.0 (X11; Ubuntu; Linux x86_64; rv:57.0) Gecko/20100101 Firefox/57.0"
192.168.1.69 - - [04/Jan/2018:02:33:40 -0600] "GET / HTTP/1.1" 200 6326 "-" "Mozilla/5.0 (Linux; Android 7.1.1; Moto X Play Build/NPD26.48-24-1) AppleWebKit/537.36 (KHTML, like Gecko) Chrome/63.0.3239.111 Mobile Safari/537.36"
192.168.1.69 - - [04/Jan/2018:02:33:40 -0600] "GET /static/js/bootstrap-fileprogress.js HTTP/1.1" 404 209 "http://192.168.1.74/" "Mozilla/5.0 (Linux; Android 7.1.1; Moto X Play Build/NPD26.48-24-1) AppleWebKit/537.36 (KHTML, like Gecko) Chrome/63.0.3239.111 Mobile Safari/537.36"
192.168.1.69 - - [04/Jan/2018:02:33:40 -0600] "GET /media/thumbnails/use_your_head.gif HTTP/1.1" 403 208 "http://192.168.1.74/" "Mozilla/5.0 (Linux; Android 7.1.1; Moto X Play Build/NPD26.48-24-1) AppleWebKit/537.36 (KHTML, like Gecko) Chrome/63.0.3239.111 Mobile Safari/537.36"
192.168.1.69 - - [04/Jan/2018:02:33:40 -0600] "GET /media/thumbnails/use_your_head_3GmI5Mv.gif HTTP/1.1" 403 208 "http://192.168.1.74/" "Mozilla/5.0 (Linux; Android 7.1.1; Moto X Play Build/NPD26.48-24-1) AppleWebKit/537.36 (KHTML, like Gecko) Chrome/63.0.3239.111 Mobile Safari/537.36"
192.168.1.69 - - [04/Jan/2018:02:33:40 -0600] "GET /media/ HTTP/1.1" 403 208 "http://192.168.1.74/" "Mozilla/5.0 (Linux; Android 7.1.1; Moto X Play Build/NPD26.48-24-1) AppleWebKit/537.36 (KHTML, like Gecko) Chrome/63.0.3239.111 Mobile Safari/537.36"
192.168.1.69 - - [04/Jan/2018:02:33:40 -0600] "GET /media//home/carlos/Escritorio/tutub/media/thumbnails/bob_esponja_SoCXkz4..gif HTTP/1.1" 404 209 "http://192.168.1.74/" "Mozilla/5.0 (Linux; Android 7.1.1; Moto X Play Build/NPD26.48-24-1) AppleWebKit/537.36 (KHTML, like Gecko) Chrome/63.0.3239.111 Mobile Safari/537.36"
192.168.1.69 - - [04/Jan/2018:02:33:40 -0600] "GET /media/bob_esponja_1mPoEn8.gif HTTP/1.1" 404 209 "http://192.168.1.74/" "Mozilla/5.0 (Linux; Android 7.1.1; Moto X Play Build/NPD26.48-24-1) AppleWebKit/537.36 (KHTML, like Gecko) Chrome/63.0.3239.111 Mobile Safari/537.36"
192.168.1.69 - - [04/Jan/2018:02:33:40 -0600] "GET /media/thumbnails/use_your_head_m1Nq265.gif HTTP/1.1" 403 208 "http://192.168.1.74/" "Mozilla/5.0 (Linux; Android 7.1.1; Moto X Play Build/NPD26.48-24-1) AppleWebKit/537.36 (KHTML, like Gecko) Chrome/63.0.3239.111 Mobile Safari/537.36"
192.168.1.69 - - [04/Jan/2018:02:33:41 -0600] "GET /obtenernotificaciones/ HTTP/1.1" 200 390 "http://192.168.1.74/" "Mozilla/5.0 (Linux; Android 7.1.1; Moto X Play Build/NPD26.48-24-1) AppleWebKit/537.36 (KHTML, like Gecko) Chrome/63.0.3239.111 Mobile Safari/537.36"
127.0.0.1 - - [04/Jan/2018:02:33:42 -0600] "GET /obtenernotificaciones/ HTTP/1.1" 500 13641 "http://127.0.0.1/filtro/buscados/" "Mozilla/5.0 (X11; Ubuntu; Linux x86_64; rv:57.0) Gecko/20100101 Firefox/57.0"
192.168.1.69 - - [04/Jan/2018:02:33:44 -0600] "GET /obtenernotificaciones/ HTTP/1.1" 200 390 "http://192.168.1.74/" "Mozilla/5.0 (Linux; Android 7.1.1; Moto X Play Build/NPD26.48-24-1) AppleWebKit/537.36 (KHTML, like Gecko) Chrome/63.0.3239.111 Mobile Safari/537.36"
127.0.0.1 - - [04/Jan/2018:02:33:45 -0600] "GET /obtenernotificaciones/ HTTP/1.1" 500 13641 "http://127.0.0.1/filtro/buscados/" "Mozilla/5.0 (X11; Ubuntu; Linux x86_64; rv:57.0) Gecko/20100101 Firefox/57.0"
192.168.1.69 - - [04/Jan/2018:02:33:45 -0600] "GET /upload/ HTTP/1.1" 200 5422 "http://192.168.1.74/" "Mozilla/5.0 (Linux; Android 7.1.1; Moto X Play Build/NPD26.48-24-1) AppleWebKit/537.36 (KHTML, like Gecko) Chrome/63.0.3239.111 Mobile Safari/537.36"
192.168.1.69 - - [04/Jan/2018:02:33:45 -0600] "GET /static/css/subir_video.css HTTP/1.1" 200 2946 "http://192.168.1.74/upload/" "Mozilla/5.0 (Linux; Android 7.1.1; Moto X Play Build/NPD26.48-24-1) AppleWebKit/537.36 (KHTML, like Gecko) Chrome/63.0.3239.111 Mobile Safari/537.36"
192.168.1.69 - - [04/Jan/2018:02:33:45 -0600] "GET /static/js/subir_archivo.js HTTP/1.1" 200 2609 "http://192.168.1.74/upload/" "Mozilla/5.0 (Linux; Android 7.1.1; Moto X Play Build/NPD26.48-24-1) AppleWebKit/537.36 (KHTML, like Gecko) Chrome/63.0.3239.111 Mobile Safari/537.36"
192.168.1.69 - - [04/Jan/2018:02:33:46 -0600] "GET /obtenernotificaciones/ HTTP/1.1" 200 390 "http://192.168.1.74/upload/" "Mozilla/5.0 (Linux; Android 7.1.1; Moto X Play Build/NPD26.48-24-1) AppleWebKit/537.36 (KHTML, like Gecko) Chrome/63.0.3239.111 Mobile Safari/537.36"
127.0.0.1 - - [04/Jan/2018:02:33:48 -0600] "GET /obtenernotificaciones/ HTTP/1.1" 500 13641 "http://127.0.0.1/filtro/buscados/" "Mozilla/5.0 (X11; Ubuntu; Linux x86_64; rv:57.0) Gecko/20100101 Firefox/57.0"
192.168.1.69 - - [04/Jan/2018:02:33:49 -0600] "GET /obtenernotificaciones/ HTTP/1.1" 200 390 "http://192.168.1.74/upload/" "Mozilla/5.0 (Linux; Android 7.1.1; Moto X Play Build/NPD26.48-24-1) AppleWebKit/537.36 (KHTML, like Gecko) Chrome/63.0.3239.111 Mobile Safari/537.36"
127.0.0.1 - - [04/Jan/2018:02:33:51 -0600] "GET /obtenernotificaciones/ HTTP/1.1" 500 13641 "http://127.0.0.1/filtro/buscados/" "Mozilla/5.0 (X11; Ubuntu; Linux x86_64; rv:57.0) Gecko/20100101 Firefox/57.0"
192.168.1.69 - - [04/Jan/2018:02:33:53 -0600] "GET /obtenernotificaciones/ HTTP/1.1" 200 390 "http://192.168.1.74/upload/" "Mozilla/5.0 (Linux; Android 7.1.1; Moto X Play Build/NPD26.48-24-1) AppleWebKit/537.36 (KHTML, like Gecko) Chrome/63.0.3239.111 Mobile Safari/537.36"
127.0.0.1 - - [04/Jan/2018:02:33:54 -0600] "GET /obtenernotificaciones/ HTTP/1.1" 500 13641 "http://127.0.0.1/filtro/buscados/" "Mozilla/5.0 (X11; Ubuntu; Linux x86_64; rv:57.0) Gecko/20100101 Firefox/57.0"
192.168.1.69 - - [04/Jan/2018:02:33:55 -0600] "GET /obtenernotificaciones/ HTTP/1.1" 200 390 "http://192.168.1.74/upload/" "Mozilla/5.0 (Linux; Android 7.1.1; Moto X Play Build/NPD26.48-24-1) AppleWebKit/537.36 (KHTML, like Gecko) Chrome/63.0.3239.111 Mobile Safari/537.36"
127.0.0.1 - - [04/Jan/2018:02:33:57 -0600] "GET /obtenernotificaciones/ HTTP/1.1" 500 13641 "http://127.0.0.1/filtro/buscados/" "Mozilla/5.0 (X11; Ubuntu; Linux x86_64; rv:57.0) Gecko/20100101 Firefox/57.0"
192.168.1.69 - - [04/Jan/2018:02:33:58 -0600] "GET /obtenernotificaciones/ HTTP/1.1" 200 390 "http://192.168.1.74/upload/" "Mozilla/5.0 (Linux; Android 7.1.1; Moto X Play Build/NPD26.48-24-1) AppleWebKit/537.36 (KHTML, like Gecko) Chrome/63.0.3239.111 Mobile Safari/537.36"
127.0.0.1 - - [04/Jan/2018:02:34:00 -0600] "GET /obtenernotificaciones/ HTTP/1.1" 500 13641 "http://127.0.0.1/filtro/buscados/" "Mozilla/5.0 (X11; Ubuntu; Linux x86_64; rv:57.0) Gecko/20100101 Firefox/57.0"
192.168.1.69 - - [04/Jan/2018:02:34:01 -0600] "GET /obtenernotificaciones/ HTTP/1.1" 200 390 "http://192.168.1.74/upload/" "Mozilla/5.0 (Linux; Android 7.1.1; Moto X Play Build/NPD26.48-24-1) AppleWebKit/537.36 (KHTML, like Gecko) Chrome/63.0.3239.111 Mobile Safari/537.36"
127.0.0.1 - - [04/Jan/2018:02:34:03 -0600] "GET /obtenernotificaciones/ HTTP/1.1" 500 13641 "http://127.0.0.1/filtro/buscados/" "Mozilla/5.0 (X11; Ubuntu; Linux x86_64; rv:57.0) Gecko/20100101 Firefox/57.0"
192.168.1.69 - - [04/Jan/2018:02:34:04 -0600] "GET /obtenernotificaciones/ HTTP/1.1" 200 390 "http://192.168.1.74/upload/" "Mozilla/5.0 (Linux; Android 7.1.1; Moto X Play Build/NPD26.48-24-1) AppleWebKit/537.36 (KHTML, like Gecko) Chrome/63.0.3239.111 Mobile Safari/537.36"
127.0.0.1 - - [04/Jan/2018:02:34:06 -0600] "GET /obtenernotificaciones/ HTTP/1.1" 500 13641 "http://127.0.0.1/filtro/buscados/" "Mozilla/5.0 (X11; Ubuntu; Linux x86_64; rv:57.0) Gecko/20100101 Firefox/57.0"
192.168.1.69 - - [04/Jan/2018:02:34:07 -0600] "GET /obtenernotificaciones/ HTTP/1.1" 200 390 "http://192.168.1.74/upload/" "Mozilla/5.0 (Linux; Android 7.1.1; Moto X Play Build/NPD26.48-24-1) AppleWebKit/537.36 (KHTML, like Gecko) Chrome/63.0.3239.111 Mobile Safari/537.36"
127.0.0.1 - - [04/Jan/2018:02:34:09 -0600] "GET /obtenernotificaciones/ HTTP/1.1" 500 13641 "http://127.0.0.1/filtro/buscados/" "Mozilla/5.0 (X11; Ubuntu; Linux x86_64; rv:57.0) Gecko/20100101 Firefox/57.0"
192.168.1.69 - - [04/Jan/2018:02:34:10 -0600] "GET /obtenernotificaciones/ HTTP/1.1" 200 390 "http://192.168.1.74/upload/" "Mozilla/5.0 (Linux; Android 7.1.1; Moto X Play Build/NPD26.48-24-1) AppleWebKit/537.36 (KHTML, like Gecko) Chrome/63.0.3239.111 Mobile Safari/537.36"
127.0.0.1 - - [04/Jan/2018:02:34:12 -0600] "GET /obtenernotificaciones/ HTTP/1.1" 500 13641 "http://127.0.0.1/filtro/buscados/" "Mozilla/5.0 (X11; Ubuntu; Linux x86_64; rv:57.0) Gecko/20100101 Firefox/57.0"
192.168.1.69 - - [04/Jan/2018:02:34:13 -0600] "GET /obtenernotificaciones/ HTTP/1.1" 200 390 "http://192.168.1.74/upload/" "Mozilla/5.0 (Linux; Android 7.1.1; Moto X Play Build/NPD26.48-24-1) AppleWebKit/537.36 (KHTML, like Gecko) Chrome/63.0.3239.111 Mobile Safari/537.36"
127.0.0.1 - - [04/Jan/2018:02:34:15 -0600] "GET /obtenernotificaciones/ HTTP/1.1" 500 13641 "http://127.0.0.1/filtro/buscados/" "Mozilla/5.0 (X11; Ubuntu; Linux x86_64; rv:57.0) Gecko/20100101 Firefox/57.0"
192.168.1.69 - - [04/Jan/2018:02:34:16 -0600] "GET /obtenernotificaciones/ HTTP/1.1" 200 390 "http://192.168.1.74/upload/" "Mozilla/5.0 (Linux; Android 7.1.1; Moto X Play Build/NPD26.48-24-1) AppleWebKit/537.36 (KHTML, like Gecko) Chrome/63.0.3239.111 Mobile Safari/537.36"
127.0.0.1 - - [04/Jan/2018:02:34:18 -0600] "GET /obtenernotificaciones/ HTTP/1.1" 500 13641 "http://127.0.0.1/filtro/buscados/" "Mozilla/5.0 (X11; Ubuntu; Linux x86_64; rv:57.0) Gecko/20100101 Firefox/57.0"
192.168.1.69 - - [04/Jan/2018:02:34:19 -0600] "GET /obtenernotificaciones/ HTTP/1.1" 200 390 "http://192.168.1.74/upload/" "Mozilla/5.0 (Linux; Android 7.1.1; Moto X Play Build/NPD26.48-24-1) AppleWebKit/537.36 (KHTML, like Gecko) Chrome/63.0.3239.111 Mobile Safari/537.36"
127.0.0.1 - - [04/Jan/2018:02:34:21 -0600] "GET /obtenernotificaciones/ HTTP/1.1" 500 13641 "http://127.0.0.1/filtro/buscados/" "Mozilla/5.0 (X11; Ubuntu; Linux x86_64; rv:57.0) Gecko/20100101 Firefox/57.0"
192.168.1.69 - - [04/Jan/2018:02:34:22 -0600] "GET /obtenernotificaciones/ HTTP/1.1" 200 390 "http://192.168.1.74/upload/" "Mozilla/5.0 (Linux; Android 7.1.1; Moto X Play Build/NPD26.48-24-1) AppleWebKit/537.36 (KHTML, like Gecko) Chrome/63.0.3239.111 Mobile Safari/537.36"
127.0.0.1 - - [04/Jan/2018:02:34:24 -0600] "GET /obtenernotificaciones/ HTTP/1.1" 500 13641 "http://127.0.0.1/filtro/buscados/" "Mozilla/5.0 (X11; Ubuntu; Linux x86_64; rv:57.0) Gecko/20100101 Firefox/57.0"
192.168.1.69 - - [04/Jan/2018:02:34:25 -0600] "GET /obtenernotificaciones/ HTTP/1.1" 200 390 "http://192.168.1.74/upload/" "Mozilla/5.0 (Linux; Android 7.1.1; Moto X Play Build/NPD26.48-24-1) AppleWebKit/537.36 (KHTML, like Gecko) Chrome/63.0.3239.111 Mobile Safari/537.36"
127.0.0.1 - - [04/Jan/2018:02:34:27 -0600] "GET /obtenernotificaciones/ HTTP/1.1" 500 13641 "http://127.0.0.1/filtro/buscados/" "Mozilla/5.0 (X11; Ubuntu; Linux x86_64; rv:57.0) Gecko/20100101 Firefox/57.0"
192.168.1.69 - - [04/Jan/2018:02:34:28 -0600] "GET /obtenernotificaciones/ HTTP/1.1" 200 390 "http://192.168.1.74/upload/" "Mozilla/5.0 (Linux; Android 7.1.1; Moto X Play Build/NPD26.48-24-1) AppleWebKit/537.36 (KHTML, like Gecko) Chrome/63.0.3239.111 Mobile Safari/537.36"
127.0.0.1 - - [04/Jan/2018:02:34:30 -0600] "GET /obtenernotificaciones/ HTTP/1.1" 500 13641 "http://127.0.0.1/filtro/buscados/" "Mozilla/5.0 (X11; Ubuntu; Linux x86_64; rv:57.0) Gecko/20100101 Firefox/57.0"
192.168.1.69 - - [04/Jan/2018:02:34:31 -0600] "GET /obtenernotificaciones/ HTTP/1.1" 200 390 "http://192.168.1.74/upload/" "Mozilla/5.0 (Linux; Android 7.1.1; Moto X Play Build/NPD26.48-24-1) AppleWebKit/537.36 (KHTML, like Gecko) Chrome/63.0.3239.111 Mobile Safari/537.36"
127.0.0.1 - - [04/Jan/2018:02:34:33 -0600] "GET /obtenernotificaciones/ HTTP/1.1" 500 13641 "http://127.0.0.1/filtro/buscados/" "Mozilla/5.0 (X11; Ubuntu; Linux x86_64; rv:57.0) Gecko/20100101 Firefox/57.0"
192.168.1.69 - - [04/Jan/2018:02:34:34 -0600] "GET /obtenernotificaciones/ HTTP/1.1" 200 390 "http://192.168.1.74/upload/" "Mozilla/5.0 (Linux; Android 7.1.1; Moto X Play Build/NPD26.48-24-1) AppleWebKit/537.36 (KHTML, like Gecko) Chrome/63.0.3239.111 Mobile Safari/537.36"
127.0.0.1 - - [04/Jan/2018:02:34:36 -0600] "GET /obtenernotificaciones/ HTTP/1.1" 500 13641 "http://127.0.0.1/filtro/buscados/" "Mozilla/5.0 (X11; Ubuntu; Linux x86_64; rv:57.0) Gecko/20100101 Firefox/57.0"
192.168.1.69 - - [04/Jan/2018:02:34:37 -0600] "GET /obtenernotificaciones/ HTTP/1.1" 200 390 "http://192.168.1.74/upload/" "Mozilla/5.0 (Linux; Android 7.1.1; Moto X Play Build/NPD26.48-24-1) AppleWebKit/537.36 (KHTML, like Gecko) Chrome/63.0.3239.111 Mobile Safari/537.36"
127.0.0.1 - - [04/Jan/2018:02:34:39 -0600] "GET /obtenernotificaciones/ HTTP/1.1" 500 13641 "http://127.0.0.1/filtro/buscados/" "Mozilla/5.0 (X11; Ubuntu; Linux x86_64; rv:57.0) Gecko/20100101 Firefox/57.0"
192.168.1.69 - - [04/Jan/2018:02:34:40 -0600] "GET /obtenernotificaciones/ HTTP/1.1" 200 390 "http://192.168.1.74/upload/" "Mozilla/5.0 (Linux; Android 7.1.1; Moto X Play Build/NPD26.48-24-1) AppleWebKit/537.36 (KHTML, like Gecko) Chrome/63.0.3239.111 Mobile Safari/537.36"
127.0.0.1 - - [04/Jan/2018:02:34:42 -0600] "GET /obtenernotificaciones/ HTTP/1.1" 500 13641 "http://127.0.0.1/filtro/buscados/" "Mozilla/5.0 (X11; Ubuntu; Linux x86_64; rv:57.0) Gecko/20100101 Firefox/57.0"
192.168.1.69 - - [04/Jan/2018:02:34:43 -0600] "GET /obtenernotificaciones/ HTTP/1.1" 200 390 "http://192.168.1.74/upload/" "Mozilla/5.0 (Linux; Android 7.1.1; Moto X Play Build/NPD26.48-24-1) AppleWebKit/537.36 (KHTML, like Gecko) Chrome/63.0.3239.111 Mobile Safari/537.36"
127.0.0.1 - - [04/Jan/2018:02:34:45 -0600] "GET /obtenernotificaciones/ HTTP/1.1" 500 13641 "http://127.0.0.1/filtro/buscados/" "Mozilla/5.0 (X11; Ubuntu; Linux x86_64; rv:57.0) Gecko/20100101 Firefox/57.0"
192.168.1.69 - - [04/Jan/2018:02:34:46 -0600] "GET /obtenernotificaciones/ HTTP/1.1" 200 390 "http://192.168.1.74/upload/" "Mozilla/5.0 (Linux; Android 7.1.1; Moto X Play Build/NPD26.48-24-1) AppleWebKit/537.36 (KHTML, like Gecko) Chrome/63.0.3239.111 Mobile Safari/537.36"
127.0.0.1 - - [04/Jan/2018:02:34:48 -0600] "GET /obtenernotificaciones/ HTTP/1.1" 500 13641 "http://127.0.0.1/filtro/buscados/" "Mozilla/5.0 (X11; Ubuntu; Linux x86_64; rv:57.0) Gecko/20100101 Firefox/57.0"
192.168.1.69 - - [04/Jan/2018:02:34:49 -0600] "GET /obtenernotificaciones/ HTTP/1.1" 200 390 "http://192.168.1.74/upload/" "Mozilla/5.0 (Linux; Android 7.1.1; Moto X Play Build/NPD26.48-24-1) AppleWebKit/537.36 (KHTML, like Gecko) Chrome/63.0.3239.111 Mobile Safari/537.36"
