127.0.0.1 - - [04/Jan/2018:02:34:51 -0600] "GET /obtenernotificaciones/ HTTP/1.1" 500 13641 "http://127.0.0.1/filtro/buscados/" "Mozilla/5.0 (X11; Ubuntu; Linux x86_64; rv:57.0) Gecko/20100101 Firefox/57.0"
192.168.1.69 - - [04/Jan/2018:02:34:52 -0600] "GET /obtenernotificaciones/ HTTP/1.1" 200 390 "http://192.168.1.74/upload/" "Mozilla/5.0 (Linux; Android 7.1.1; Moto X Play Build/NPD26.48-24-1) AppleWebKit/537.36 (KHTML, like Gecko) Chrome/63.0.3239.111 Mobile Safari/537.36"
127.0.0.1 - - [04/Jan/2018:02:34:54 -0600] "GET /obtenernotificaciones/ HTTP/1.1" 500 13641 "http://127.0.0.1/filtro/buscados/" "Mozilla/5.0 (X11; Ubuntu; Linux x86_64; rv:57.0) Gecko/20100101 Firefox/57.0"
192.168.1.69 - - [04/Jan/2018:02:34:55 -0600] "GET /obtenernotificaciones/ HTTP/1.1" 200 390 "http://192.168.1.74/upload/" "Mozilla/5.0 (Linux; Android 7.1.1; Moto X Play Build/NPD26.48-24-1) AppleWebKit/537.36 (KHTML, like Gecko) Chrome/63.0.3239.111 Mobile Safari/537.36"
127.0.0.1 - - [04/Jan/2018:02:34:57 -0600] "GET /obtenernotificaciones/ HTTP/1.1" 500 13641 "http://127.0.0.1/filtro/buscados/" "Mozilla/5.0 (X11; Ubuntu; Linux x86_64; rv:57.0) Gecko/20100101 Firefox/57.0"
192.168.1.69 - - [04/Jan/2018:02:34:58 -0600] "GET /obtenernotificaciones/ HTTP/1.1" 200 390 "http://192.168.1.74/upload/" "Mozilla/5.0 (Linux; Android 7.1.1; Moto X Play Build/NPD26.48-24-1) AppleWebKit/537.36 (KHTML, like Gecko) Chrome/63.0.3239.111 Mobile Safari/537.36"
127.0.0.1 - - [04/Jan/2018:02:35:00 -0600] "GET /obtenernotificaciones/ HTTP/1.1" 500 13641 "http://127.0.0.1/filtro/buscados/" "Mozilla/5.0 (X11; Ubuntu; Linux x86_64; rv:57.0) Gecko/20100101 Firefox/57.0"
192.168.1.69 - - [04/Jan/2018:02:35:01 -0600] "GET /obtenernotificaciones/ HTTP/1.1" 200 390 "http://192.168.1.74/upload/" "Mozilla/5.0 (Linux; Android 7.1.1; Moto X Play Build/NPD26.48-24-1) AppleWebKit/537.36 (KHTML, like Gecko) Chrome/63.0.3239.111 Mobile Safari/537.36"
127.0.0.1 - - [04/Jan/2018:02:35:03 -0600] "GET /obtenernotificaciones/ HTTP/1.1" 500 13641 "http://127.0.0.1/filtro/buscados/" "Mozilla/5.0 (X11; Ubuntu; Linux x86_64; rv:57.0) Gecko/20100101 Firefox/57.0"
192.168.1.69 - - [04/Jan/2018:02:35:04 -0600] "GET /obtenernotificaciones/ HTTP/1.1" 200 390 "http://192.168.1.74/upload/" "Mozilla/5.0 (Linux; Android 7.1.1; Moto X Play Build/NPD26.48-24-1) AppleWebKit/537.36 (KHTML, like Gecko) Chrome/63.0.3239.111 Mobile Safari/537.36"
127.0.0.1 - - [04/Jan/2018:02:35:06 -0600] "GET /obtenernotificaciones/ HTTP/1.1" 500 13641 "http://127.0.0.1/filtro/buscados/" "Mozilla/5.0 (X11; Ubuntu; Linux x86_64; rv:57.0) Gecko/20100101 Firefox/57.0"
192.168.1.69 - - [04/Jan/2018:02:35:07 -0600] "GET /obtenernotificaciones/ HTTP/1.1" 200 390 "http://192.168.1.74/upload/" "Mozilla/5.0 (Linux; Android 7.1.1; Moto X Play Build/NPD26.48-24-1) AppleWebKit/537.36 (KHTML, like Gecko) Chrome/63.0.3239.111 Mobile Safari/537.36"
127.0.0.1 - - [04/Jan/2018:02:35:09 -0600] "GET /obtenernotificaciones/ HTTP/1.1" 500 13641 "http://127.0.0.1/filtro/buscados/" "Mozilla/5.0 (X11; Ubuntu; Linux x86_64; rv:57.0) Gecko/20100101 Firefox/57.0"
192.168.1.69 - - [04/Jan/2018:02:35:10 -0600] "GET /obtenernotificaciones/ HTTP/1.1" 200 390 "http://192.168.1.74/upload/" "Mozilla/5.0 (Linux; Android 7.1.1; Moto X Play Build/NPD26.48-24-1) AppleWebKit/537.36 (KHTML, like Gecko) Chrome/63.0.3239.111 Mobile Safari/537.36"
127.0.0.1 - - [04/Jan/2018:02:35:12 -0600] "GET /obtenernotificaciones/ HTTP/1.1" 500 13641 "http://127.0.0.1/filtro/buscados/" "Mozilla/5.0 (X11; Ubuntu; Linux x86_64; rv:57.0) Gecko/20100101 Firefox/57.0"
192.168.1.69 - - [04/Jan/2018:02:35:13 -0600] "GET /obtenernotificaciones/ HTTP/1.1" 200 390 "http://192.168.1.74/upload/" "Mozilla/5.0 (Linux; Android 7.1.1; Moto X Play Build/NPD26.48-24-1) AppleWebKit/537.36 (KHTML, like Gecko) Chrome/63.0.3239.111 Mobile Safari/537.36"
127.0.0.1 - - [04/Jan/2018:02:35:15 -0600] "GET /obtenernotificaciones/ HTTP/1.1" 500 13641 "http://127.0.0.1/filtro/buscados/" "Mozilla/5.0 (X11; Ubuntu; Linux x86_64; rv:57.0) Gecko/20100101 Firefox/57.0"
127.0.0.1 - - [04/Jan/2018:02:35:15 -0600] "GET /login/ HTTP/1.1" 200 4166 "http://127.0.0.1/filtro/buscados/" "Mozilla/5.0 (X11; Ubuntu; Linux x86_64; rv:57.0) Gecko/20100101 Firefox/57.0"
127.0.0.1 - - [04/Jan/2018:02:35:15 -0600] "GET /static/js/iniciar_sesion.js HTTP/1.1" 200 388 "http://127.0.0.1/login/" "Mozilla/5.0 (X11; Ubuntu; Linux x86_64; rv:57.0) Gecko/20100101 Firefox/57.0"
127.0.0.1 - - [04/Jan/2018:02:35:16 -0600] "GET /obtenernotificaciones/ HTTP/1.1" 500 13631 "http://127.0.0.1/login/" "Mozilla/5.0 (X11; Ubuntu; Linux x86_64; rv:57.0) Gecko/20100101 Firefox/57.0"
192.168.1.69 - - [04/Jan/2018:02:35:16 -0600] "GET /obtenernotificaciones/ HTTP/1.1" 200 390 "http://192.168.1.74/upload/" "Mozilla/5.0 (Linux; Android 7.1.1; Moto X Play Build/NPD26.48-24-1) AppleWebKit/537.36 (KHTML, like Gecko) Chrome/63.0.3239.111 Mobile Safari/537.36"
127.0.0.1 - - [04/Jan/2018:02:35:19 -0600] "GET /obtenernotificaciones/ HTTP/1.1" 500 13631 "http://127.0.0.1/login/" "Mozilla/5.0 (X11; Ubuntu; Linux x86_64; rv:57.0) Gecko/20100101 Firefox/57.0"
192.168.1.69 - - [04/Jan/2018:02:35:19 -0600] "GET /obtenernotificaciones/ HTTP/1.1" 200 390 "http://192.168.1.74/upload/" "Mozilla/5.0 (Linux; Android 7.1.1; Moto X Play Build/NPD26.48-24-1) AppleWebKit/537.36 (KHTML, like Gecko) Chrome/63.0.3239.111 Mobile Safari/537.36"
127.0.0.1 - - [04/Jan/2018:02:35:20 -0600] "POST /login/ HTTP/1.1" 302 0 "http://127.0.0.1/login/" "Mozilla/5.0 (X11; Ubuntu; Linux x86_64; rv:57.0) Gecko/20100101 Firefox/57.0"
127.0.0.1 - - [04/Jan/2018:02:35:21 -0600] "GET /videos/ HTTP/1.1" 200 6329 "http://127.0.0.1/login/" "Mozilla/5.0 (X11; Ubuntu; Linux x86_64; rv:57.0) Gecko/20100101 Firefox/57.0"
127.0.0.1 - - [04/Jan/2018:02:35:21 -0600] "GET /static/js/bootstrap-fileprogress.js HTTP/1.1" 404 152 "http://127.0.0.1/videos/" "Mozilla/5.0 (X11; Ubuntu; Linux x86_64; rv:57.0) Gecko/20100101 Firefox/57.0"
127.0.0.1 - - [04/Jan/2018:02:35:21 -0600] "GET /media/thumbnails/use_your_head.gif HTTP/1.1" 403 152 "http://127.0.0.1/videos/" "Mozilla/5.0 (X11; Ubuntu; Linux x86_64; rv:57.0) Gecko/20100101 Firefox/57.0"
127.0.0.1 - - [04/Jan/2018:02:35:21 -0600] "GET /media/thumbnails/use_your_head_3GmI5Mv.gif HTTP/1.1" 403 152 "http://127.0.0.1/videos/" "Mozilla/5.0 (X11; Ubuntu; Linux x86_64; rv:57.0) Gecko/20100101 Firefox/57.0"
127.0.0.1 - - [04/Jan/2018:02:35:21 -0600] "GET /media/ HTTP/1.1" 403 152 "http://127.0.0.1/videos/" "Mozilla/5.0 (X11; Ubuntu; Linux x86_64; rv:57.0) Gecko/20100101 Firefox/57.0"
127.0.0.1 - - [04/Jan/2018:02:35:21 -0600] "GET /media/bob_esponja_1mPoEn8.gif HTTP/1.1" 404 152 "http://127.0.0.1/videos/" "Mozilla/5.0 (X11; Ubuntu; Linux x86_64; rv:57.0) Gecko/20100101 Firefox/57.0"
127.0.0.1 - - [04/Jan/2018:02:35:21 -0600] "GET /media//home/carlos/Escritorio/tutub/media/thumbnails/bob_esponja_SoCXkz4..gif HTTP/1.1" 404 152 "http://127.0.0.1/videos/" "Mozilla/5.0 (X11; Ubuntu; Linux x86_64; rv:57.0) Gecko/20100101 Firefox/57.0"
127.0.0.1 - - [04/Jan/2018:02:35:21 -0600] "GET /media/thumbnails/use_your_head_m1Nq265.gif HTTP/1.1" 403 152 "http://127.0.0.1/videos/" "Mozilla/5.0 (X11; Ubuntu; Linux x86_64; rv:57.0) Gecko/20100101 Firefox/57.0"
127.0.0.1 - - [04/Jan/2018:02:35:21 -0600] "GET /static/js/bootstrap-fileprogress.js HTTP/1.1" 404 152 "http://127.0.0.1/videos/" "Mozilla/5.0 (X11; Ubuntu; Linux x86_64; rv:57.0) Gecko/20100101 Firefox/57.0"
127.0.0.1 - - [04/Jan/2018:02:35:21 -0600] "GET /media/thumbnails/use_your_head.gif HTTP/1.1" 403 152 "http://127.0.0.1/videos/" "Mozilla/5.0 (X11; Ubuntu; Linux x86_64; rv:57.0) Gecko/20100101 Firefox/57.0"
127.0.0.1 - - [04/Jan/2018:02:35:21 -0600] "GET /media/thumbnails/use_your_head_3GmI5Mv.gif HTTP/1.1" 403 152 "http://127.0.0.1/videos/" "Mozilla/5.0 (X11; Ubuntu; Linux x86_64; rv:57.0) Gecko/20100101 Firefox/57.0"
127.0.0.1 - - [04/Jan/2018:02:35:21 -0600] "GET /media/ HTTP/1.1" 403 152 "http://127.0.0.1/videos/" "Mozilla/5.0 (X11; Ubuntu; Linux x86_64; rv:57.0) Gecko/20100101 Firefox/57.0"
127.0.0.1 - - [04/Jan/2018:02:35:21 -0600] "GET /media//home/carlos/Escritorio/tutub/media/thumbnails/bob_esponja_SoCXkz4..gif HTTP/1.1" 404 152 "http://127.0.0.1/videos/" "Mozilla/5.0 (X11; Ubuntu; Linux x86_64; rv:57.0) Gecko/20100101 Firefox/57.0"
127.0.0.1 - - [04/Jan/2018:02:35:21 -0600] "GET /media/bob_esponja_1mPoEn8.gif HTTP/1.1" 404 152 "http://127.0.0.1/videos/" "Mozilla/5.0 (X11; Ubuntu; Linux x86_64; rv:57.0) Gecko/20100101 Firefox/57.0"
127.0.0.1 - - [04/Jan/2018:02:35:21 -0600] "GET /media/thumbnails/use_your_head_m1Nq265.gif HTTP/1.1" 403 152 "http://127.0.0.1/videos/" "Mozilla/5.0 (X11; Ubuntu; Linux x86_64; rv:57.0) Gecko/20100101 Firefox/57.0"
127.0.0.1 - - [04/Jan/2018:02:35:21 -0600] "GET /obtenernotificaciones/ HTTP/1.1" 200 390 "http://127.0.0.1/videos/" "Mozilla/5.0 (X11; Ubuntu; Linux x86_64; rv:57.0) Gecko/20100101 Firefox/57.0"
192.168.1.69 - - [04/Jan/2018:02:35:22 -0600] "GET /obtenernotificaciones/ HTTP/1.1" 200 390 "http://192.168.1.74/upload/" "Mozilla/5.0 (Linux; Android 7.1.1; Moto X Play Build/NPD26.48-24-1) AppleWebKit/537.36 (KHTML, like Gecko) Chrome/63.0.3239.111 Mobile Safari/537.36"
127.0.0.1 - - [04/Jan/2018:02:35:24 -0600] "GET /obtenernotificaciones/ HTTP/1.1" 200 390 "http://127.0.0.1/videos/" "Mozilla/5.0 (X11; Ubuntu; Linux x86_64; rv:57.0) Gecko/20100101 Firefox/57.0"
192.168.1.69 - - [04/Jan/2018:02:35:25 -0600] "GET /obtenernotificaciones/ HTTP/1.1" 200 390 "http://192.168.1.74/upload/" "Mozilla/5.0 (Linux; Android 7.1.1; Moto X Play Build/NPD26.48-24-1) AppleWebKit/537.36 (KHTML, like Gecko) Chrome/63.0.3239.111 Mobile Safari/537.36"
127.0.0.1 - - [04/Jan/2018:02:35:27 -0600] "GET /obtenernotificaciones/ HTTP/1.1" 200 390 "http://127.0.0.1/videos/" "Mozilla/5.0 (X11; Ubuntu; Linux x86_64; rv:57.0) Gecko/20100101 Firefox/57.0"
192.168.1.69 - - [04/Jan/2018:02:35:28 -0600] "GET /obtenernotificaciones/ HTTP/1.1" 200 390 "http://192.168.1.74/upload/" "Mozilla/5.0 (Linux; Android 7.1.1; Moto X Play Build/NPD26.48-24-1) AppleWebKit/537.36 (KHTML, like Gecko) Chrome/63.0.3239.111 Mobile Safari/537.36"
127.0.0.1 - - [04/Jan/2018:02:35:30 -0600] "GET /obtenernotificaciones/ HTTP/1.1" 200 390 "http://127.0.0.1/videos/" "Mozilla/5.0 (X11; Ubuntu; Linux x86_64; rv:57.0) Gecko/20100101 Firefox/57.0"
192.168.1.69 - - [04/Jan/2018:02:35:30 -0600] "POST /upload/ HTTP/1.1" 413 610 "http://192.168.1.74/upload/" "Mozilla/5.0 (Linux; Android 7.1.1; Moto X Play Build/NPD26.48-24-1) AppleWebKit/537.36 (KHTML, like Gecko) Chrome/63.0.3239.111 Mobile Safari/537.36"
127.0.0.1 - - [04/Jan/2018:02:35:33 -0600] "GET /obtenernotificaciones/ HTTP/1.1" 200 390 "http://127.0.0.1/videos/" "Mozilla/5.0 (X11; Ubuntu; Linux x86_64; rv:57.0) Gecko/20100101 Firefox/57.0"
127.0.0.1 - - [04/Jan/2018:02:35:36 -0600] "GET /obtenernotificaciones/ HTTP/1.1" 200 390 "http://127.0.0.1/videos/" "Mozilla/5.0 (X11; Ubuntu; Linux x86_64; rv:57.0) Gecko/20100101 Firefox/57.0"
127.0.0.1 - - [04/Jan/2018:02:35:39 -0600] "GET /obtenernotificaciones/ HTTP/1.1" 200 390 "http://127.0.0.1/videos/" "Mozilla/5.0 (X11; Ubuntu; Linux x86_64; rv:57.0) Gecko/20100101 Firefox/57.0"
127.0.0.1 - - [04/Jan/2018:02:35:42 -0600] "GET /obtenernotificaciones/ HTTP/1.1" 200 390 "http://127.0.0.1/videos/" "Mozilla/5.0 (X11; Ubuntu; Linux x86_64; rv:57.0) Gecko/20100101 Firefox/57.0"
127.0.0.1 - - [04/Jan/2018:02:35:45 -0600] "GET /obtenernotificaciones/ HTTP/1.1" 200 390 "http://127.0.0.1/videos/" "Mozilla/5.0 (X11; Ubuntu; Linux x86_64; rv:57.0) Gecko/20100101 Firefox/57.0"
127.0.0.1 - - [04/Jan/2018:02:35:48 -0600] "GET /obtenernotificaciones/ HTTP/1.1" 200 390 "http://127.0.0.1/videos/" "Mozilla/5.0 (X11; Ubuntu; Linux x86_64; rv:57.0) Gecko/20100101 Firefox/57.0"
127.0.0.1 - - [04/Jan/2018:02:35:51 -0600] "GET /obtenernotificaciones/ HTTP/1.1" 200 390 "http://127.0.0.1/videos/" "Mozilla/5.0 (X11; Ubuntu; Linux x86_64; rv:57.0) Gecko/20100101 Firefox/57.0"
127.0.0.1 - - [04/Jan/2018:02:35:54 -0600] "GET /obtenernotificaciones/ HTTP/1.1" 200 390 "http://127.0.0.1/videos/" "Mozilla/5.0 (X11; Ubuntu; Linux x86_64; rv:57.0) Gecko/20100101 Firefox/57.0"
127.0.0.1 - - [04/Jan/2018:02:35:57 -0600] "GET /obtenernotificaciones/ HTTP/1.1" 200 390 "http://127.0.0.1/videos/" "Mozilla/5.0 (X11; Ubuntu; Linux x86_64; rv:57.0) Gecko/20100101 Firefox/57.0"
127.0.0.1 - - [04/Jan/2018:02:36:00 -0600] "GET /obtenernotificaciones/ HTTP/1.1" 200 390 "http://127.0.0.1/videos/" "Mozilla/5.0 (X11; Ubuntu; Linux x86_64; rv:57.0) Gecko/20100101 Firefox/57.0"
127.0.0.1 - - [04/Jan/2018:02:36:03 -0600] "GET /obtenernotificaciones/ HTTP/1.1" 200 390 "http://127.0.0.1/videos/" "Mozilla/5.0 (X11; Ubuntu; Linux x86_64; rv:57.0) Gecko/20100101 Firefox/57.0"
127.0.0.1 - - [04/Jan/2018:02:36:06 -0600] "GET /obtenernotificaciones/ HTTP/1.1" 200 390 "http://127.0.0.1/videos/" "Mozilla/5.0 (X11; Ubuntu; Linux x86_64; rv:57.0) Gecko/20100101 Firefox/57.0"
127.0.0.1 - - [04/Jan/2018:02:36:09 -0600] "GET /obtenernotificaciones/ HTTP/1.1" 200 390 "http://127.0.0.1/videos/" "Mozilla/5.0 (X11; Ubuntu; Linux x86_64; rv:57.0) Gecko/20100101 Firefox/57.0"
127.0.0.1 - - [04/Jan/2018:02:36:12 -0600] "GET /obtenernotificaciones/ HTTP/1.1" 200 390 "http://127.0.0.1/videos/" "Mozilla/5.0 (X11; Ubuntu; Linux x86_64; rv:57.0) Gecko/20100101 Firefox/57.0"
127.0.0.1 - - [04/Jan/2018:02:36:15 -0600] "GET /obtenernotificaciones/ HTTP/1.1" 200 390 "http://127.0.0.1/videos/" "Mozilla/5.0 (X11; Ubuntu; Linux x86_64; rv:57.0) Gecko/20100101 Firefox/57.0"
127.0.0.1 - - [04/Jan/2018:02:36:18 -0600] "GET /obtenernotificaciones/ HTTP/1.1" 200 390 "http://127.0.0.1/videos/" "Mozilla/5.0 (X11; Ubuntu; Linux x86_64; rv:57.0) Gecko/20100101 Firefox/57.0"
127.0.0.1 - - [04/Jan/2018:02:36:21 -0600] "GET /obtenernotificaciones/ HTTP/1.1" 200 390 "http://127.0.0.1/videos/" "Mozilla/5.0 (X11; Ubuntu; Linux x86_64; rv:57.0) Gecko/20100101 Firefox/57.0"
127.0.0.1 - - [04/Jan/2018:02:36:24 -0600] "GET /obtenernotificaciones/ HTTP/1.1" 200 390 "http://127.0.0.1/videos/" "Mozilla/5.0 (X11; Ubuntu; Linux x86_64; rv:57.0) Gecko/20100101 Firefox/57.0"
127.0.0.1 - - [04/Jan/2018:02:36:27 -0600] "GET /obtenernotificaciones/ HTTP/1.1" 200 390 "http://127.0.0.1/videos/" "Mozilla/5.0 (X11; Ubuntu; Linux x86_64; rv:57.0) Gecko/20100101 Firefox/57.0"
127.0.0.1 - - [04/Jan/2018:02:36:30 -0600] "GET /obtenernotificaciones/ HTTP/1.1" 200 390 "http://127.0.0.1/videos/" "Mozilla/5.0 (X11; Ubuntu; Linux x86_64; rv:57.0) Gecko/20100101 Firefox/57.0"
127.0.0.1 - - [04/Jan/2018:02:36:33 -0600] "GET /obtenernotificaciones/ HTTP/1.1" 200 390 "http://127.0.0.1/videos/" "Mozilla/5.0 (X11; Ubuntu; Linux x86_64; rv:57.0) Gecko/20100101 Firefox/57.0"
127.0.0.1 - - [04/Jan/2018:02:36:36 -0600] "GET /obtenernotificaciones/ HTTP/1.1" 200 390 "http://127.0.0.1/videos/" "Mozilla/5.0 (X11; Ubuntu; Linux x86_64; rv:57.0) Gecko/20100101 Firefox/57.0"
127.0.0.1 - - [04/Jan/2018:02:36:39 -0600] "GET /obtenernotificaciones/ HTTP/1.1" 200 390 "http://127.0.0.1/videos/" "Mozilla/5.0 (X11; Ubuntu; Linux x86_64; rv:57.0) Gecko/20100101 Firefox/57.0"
127.0.0.1 - - [04/Jan/2018:02:36:42 -0600] "GET /obtenernotificaciones/ HTTP/1.1" 200 390 "http://127.0.0.1/videos/" "Mozilla/5.0 (X11; Ubuntu; Linux x86_64; rv:57.0) Gecko/20100101 Firefox/57.0"
127.0.0.1 - - [04/Jan/2018:02:36:45 -0600] "GET /obtenernotificaciones/ HTTP/1.1" 200 390 "http://127.0.0.1/videos/" "Mozilla/5.0 (X11; Ubuntu; Linux x86_64; rv:57.0) Gecko/20100101 Firefox/57.0"
127.0.0.1 - - [04/Jan/2018:02:36:48 -0600] "GET /obtenernotificaciones/ HTTP/1.1" 200 390 "http://127.0.0.1/videos/" "Mozilla/5.0 (X11; Ubuntu; Linux x86_64; rv:57.0) Gecko/20100101 Firefox/57.0"
127.0.0.1 - - [04/Jan/2018:02:36:51 -0600] "GET /obtenernotificaciones/ HTTP/1.1" 200 390 "http://127.0.0.1/videos/" "Mozilla/5.0 (X11; Ubuntu; Linux x86_64; rv:57.0) Gecko/20100101 Firefox/57.0"
127.0.0.1 - - [04/Jan/2018:02:36:54 -0600] "GET /obtenernotificaciones/ HTTP/1.1" 200 390 "http://127.0.0.1/videos/" "Mozilla/5.0 (X11; Ubuntu; Linux x86_64; rv:57.0) Gecko/20100101 Firefox/57.0"
127.0.0.1 - - [04/Jan/2018:02:36:57 -0600] "GET /obtenernotificaciones/ HTTP/1.1" 200 390 "http://127.0.0.1/videos/" "Mozilla/5.0 (X11; Ubuntu; Linux x86_64; rv:57.0) Gecko/20100101 Firefox/57.0"
127.0.0.1 - - [04/Jan/2018:02:37:00 -0600] "GET /obtenernotificaciones/ HTTP/1.1" 200 390 "http://127.0.0.1/videos/" "Mozilla/5.0 (X11; Ubuntu; Linux x86_64; rv:57.0) Gecko/20100101 Firefox/57.0"
127.0.0.1 - - [04/Jan/2018:02:37:03 -0600] "GET /obtenernotificaciones/ HTTP/1.1" 200 390 "http://127.0.0.1/videos/" "Mozilla/5.0 (X11; Ubuntu; Linux x86_64; rv:57.0) Gecko/20100101 Firefox/57.0"
127.0.0.1 - - [04/Jan/2018:02:37:06 -0600] "GET /obtenernotificaciones/ HTTP/1.1" 200 390 "http://127.0.0.1/videos/" "Mozilla/5.0 (X11; Ubuntu; Linux x86_64; rv:57.0) Gecko/20100101 Firefox/57.0"
127.0.0.1 - - [04/Jan/2018:02:37:09 -0600] "GET /obtenernotificaciones/ HTTP/1.1" 200 390 "http://127.0.0.1/videos/" "Mozilla/5.0 (X11; Ubuntu; Linux x86_64; rv:57.0) Gecko/20100101 Firefox/57.0"
127.0.0.1 - - [04/Jan/2018:02:37:12 -0600] "GET /obtenernotificaciones/ HTTP/1.1" 200 390 "http://127.0.0.1/videos/" "Mozilla/5.0 (X11; Ubuntu; Linux x86_64; rv:57.0) Gecko/20100101 Firefox/57.0"
127.0.0.1 - - [04/Jan/2018:02:37:15 -0600] "GET /obtenernotificaciones/ HTTP/1.1" 200 390 "http://127.0.0.1/videos/" "Mozilla/5.0 (X11; Ubuntu; Linux x86_64; rv:57.0) Gecko/20100101 Firefox/57.0"
127.0.0.1 - - [04/Jan/2018:02:37:18 -0600] "GET /obtenernotificaciones/ HTTP/1.1" 200 390 "http://127.0.0.1/videos/" "Mozilla/5.0 (X11; Ubuntu; Linux x86_64; rv:57.0) Gecko/20100101 Firefox/57.0"
127.0.0.1 - - [04/Jan/2018:02:37:21 -0600] "GET /obtenernotificaciones/ HTTP/1.1" 200 390 "http://127.0.0.1/videos/" "Mozilla/5.0 (X11; Ubuntu; Linux x86_64; rv:57.0) Gecko/20100101 Firefox/57.0"
127.0.0.1 - - [04/Jan/2018:02:37:24 -0600] "GET /obtenernotificaciones/ HTTP/1.1" 200 390 "http://127.0.0.1/videos/" "Mozilla/5.0 (X11; Ubuntu; Linux x86_64; rv:57.0) Gecko/20100101 Firefox/57.0"
127.0.0.1 - - [04/Jan/2018:02:37:27 -0600] "GET /obtenernotificaciones/ HTTP/1.1" 200 390 "http://127.0.0.1/videos/" "Mozilla/5.0 (X11; Ubuntu; Linux x86_64; rv:57.0) Gecko/20100101 Firefox/57.0"
127.0.0.1 - - [04/Jan/2018:02:37:30 -0600] "GET /obtenernotificaciones/ HTTP/1.1" 200 390 "http://127.0.0.1/videos/" "Mozilla/5.0 (X11; Ubuntu; Linux x86_64; rv:57.0) Gecko/20100101 Firefox/57.0"
127.0.0.1 - - [04/Jan/2018:02:37:33 -0600] "GET /obtenernotificaciones/ HTTP/1.1" 200 390 "http://127.0.0.1/videos/" "Mozilla/5.0 (X11; Ubuntu; Linux x86_64; rv:57.0) Gecko/20100101 Firefox/57.0"
127.0.0.1 - - [04/Jan/2018:02:37:36 -0600] "GET /obtenernotificaciones/ HTTP/1.1" 200 390 "http://127.0.0.1/videos/" "Mozilla/5.0 (X11; Ubuntu; Linux x86_64; rv:57.0) Gecko/20100101 Firefox/57.0"
127.0.0.1 - - [04/Jan/2018:02:37:39 -0600] "GET /obtenernotificaciones/ HTTP/1.1" 200 390 "http://127.0.0.1/videos/" "Mozilla/5.0 (X11; Ubuntu; Linux x86_64; rv:57.0) Gecko/20100101 Firefox/57.0"
127.0.0.1 - - [04/Jan/2018:02:37:42 -0600] "GET /obtenernotificaciones/ HTTP/1.1" 200 390 "http://127.0.0.1/videos/" "Mozilla/5.0 (X11; Ubuntu; Linux x86_64; rv:57.0) Gecko/20100101 Firefox/57.0"
127.0.0.1 - - [04/Jan/2018:02:37:45 -0600] "GET /obtenernotificaciones/ HTTP/1.1" 200 390 "http://127.0.0.1/videos/" "Mozilla/5.0 (X11; Ubuntu; Linux x86_64; rv:57.0) Gecko/20100101 Firefox/57.0"
127.0.0.1 - - [04/Jan/2018:02:37:48 -0600] "GET /obtenernotificaciones/ HTTP/1.1" 200 390 "http://127.0.0.1/videos/" "Mozilla/5.0 (X11; Ubuntu; Linux x86_64; rv:57.0) Gecko/20100101 Firefox/57.0"
127.0.0.1 - - [04/Jan/2018:02:37:51 -0600] "GET /obtenernotificaciones/ HTTP/1.1" 200 390 "http://127.0.0.1/videos/" "Mozilla/5.0 (X11; Ubuntu; Linux x86_64; rv:57.0) Gecko/20100101 Firefox/57.0"
127.0.0.1 - - [04/Jan/2018:02:37:54 -0600] "GET /obtenernotificaciones/ HTTP/1.1" 200 390 "http://127.0.0.1/videos/" "Mozilla/5.0 (X11; Ubuntu; Linux x86_64; rv:57.0) Gecko/20100101 Firefox/57.0"
127.0.0.1 - - [04/Jan/2018:02:37:57 -0600] "GET /obtenernotificaciones/ HTTP/1.1" 200 390 "http://127.0.0.1/videos/" "Mozilla/5.0 (X11; Ubuntu; Linux x86_64; rv:57.0) Gecko/20100101 Firefox/57.0"
127.0.0.1 - - [04/Jan/2018:02:37:59 -0600] "GET /upload/ HTTP/1.1" 200 5422 "http://127.0.0.1/videos/" "Mozilla/5.0 (X11; Ubuntu; Linux x86_64; rv:57.0) Gecko/20100101 Firefox/57.0"
127.0.0.1 - - [04/Jan/2018:02:37:59 -0600] "GET /static/css/subir_video.css HTTP/1.1" 200 2946 "http://127.0.0.1/upload/" "Mozilla/5.0 (X11; Ubuntu; Linux x86_64; rv:57.0) Gecko/20100101 Firefox/57.0"
127.0.0.1 - - [04/Jan/2018:02:37:59 -0600] "GET /static/js/subir_archivo.js HTTP/1.1" 200 2609 "http://127.0.0.1/upload/" "Mozilla/5.0 (X11; Ubuntu; Linux x86_64; rv:57.0) Gecko/20100101 Firefox/57.0"
127.0.0.1 - - [04/Jan/2018:02:37:59 -0600] "GET /obtenernotificaciones/ HTTP/1.1" 200 390 "http://127.0.0.1/upload/" "Mozilla/5.0 (X11; Ubuntu; Linux x86_64; rv:57.0) Gecko/20100101 Firefox/57.0"
127.0.0.1 - - [04/Jan/2018:02:38:02 -0600] "GET /obtenernotificaciones/ HTTP/1.1" 200 390 "http://127.0.0.1/upload/" "Mozilla/5.0 (X11; Ubuntu; Linux x86_64; rv:57.0) Gecko/20100101 Firefox/57.0"
127.0.0.1 - - [04/Jan/2018:02:38:05 -0600] "GET /obtenernotificaciones/ HTTP/1.1" 200 390 "http://127.0.0.1/upload/" "Mozilla/5.0 (X11; Ubuntu; Linux x86_64; rv:57.0) Gecko/20100101 Firefox/57.0"
127.0.0.1 - - [04/Jan/2018:02:38:08 -0600] "GET /obtenernotificaciones/ HTTP/1.1" 200 390 "http://127.0.0.1/upload/" "Mozilla/5.0 (X11; Ubuntu; Linux x86_64; rv:57.0) Gecko/20100101 Firefox/57.0"
127.0.0.1 - - [04/Jan/2018:02:38:10 -0600] "POST /upload/ HTTP/1.1" 413 208 "http://127.0.0.1/upload/" "Mozilla/5.0 (X11; Ubuntu; Linux x86_64; rv:57.0) Gecko/20100101 Firefox/57.0"
127.0.0.1 - - [04/Jan/2018:02:38:14 -0600] "GET /obtenernotificaciones/ HTTP/1.1" 200 390 "http://127.0.0.1/upload/" "Mozilla/5.0 (X11; Ubuntu; Linux x86_64; rv:57.0) Gecko/20100101 Firefox/57.0"
127.0.0.1 - - [04/Jan/2018:02:38:17 -0600] "GET /obtenernotificaciones/ HTTP/1.1" 200 390 "http://127.0.0.1/upload/" "Mozilla/5.0 (X11; Ubuntu; Linux x86_64; rv:57.0) Gecko/20100101 Firefox/57.0"
127.0.0.1 - - [04/Jan/2018:02:38:21 -0600] "GET /obtenernotificaciones/ HTTP/1.1" 200 390 "http://127.0.0.1/upload/" "Mozilla/5.0 (X11; Ubuntu; Linux x86_64; rv:57.0) Gecko/20100101 Firefox/57.0"
127.0.0.1 - - [04/Jan/2018:02:38:24 -0600] "GET /obtenernotificaciones/ HTTP/1.1" 200 390 "http://127.0.0.1/upload/" "Mozilla/5.0 (X11; Ubuntu; Linux x86_64; rv:57.0) Gecko/20100101 Firefox/57.0"
127.0.0.1 - - [04/Jan/2018:02:38:27 -0600] "GET /obtenernotificaciones/ HTTP/1.1" 200 390 "http://127.0.0.1/upload/" "Mozilla/5.0 (X11; Ubuntu; Linux x86_64; rv:57.0) Gecko/20100101 Firefox/57.0"
127.0.0.1 - - [04/Jan/2018:02:38:30 -0600] "GET /obtenernotificaciones/ HTTP/1.1" 200 390 "http://127.0.0.1/upload/" "Mozilla/5.0 (X11; Ubuntu; Linux x86_64; rv:57.0) Gecko/20100101 Firefox/57.0"
127.0.0.1 - - [04/Jan/2018:02:38:33 -0600] "GET /obtenernotificaciones/ HTTP/1.1" 200 390 "http://127.0.0.1/upload/" "Mozilla/5.0 (X11; Ubuntu; Linux x86_64; rv:57.0) Gecko/20100101 Firefox/57.0"
127.0.0.1 - - [04/Jan/2018:02:38:36 -0600] "GET /obtenernotificaciones/ HTTP/1.1" 200 390 "http://127.0.0.1/upload/" "Mozilla/5.0 (X11; Ubuntu; Linux x86_64; rv:57.0) Gecko/20100101 Firefox/57.0"
127.0.0.1 - - [04/Jan/2018:02:38:39 -0600] "GET /obtenernotificaciones/ HTTP/1.1" 200 390 "http://127.0.0.1/upload/" "Mozilla/5.0 (X11; Ubuntu; Linux x86_64; rv:57.0) Gecko/20100101 Firefox/57.0"
127.0.0.1 - - [04/Jan/2018:02:38:42 -0600] "GET /obtenernotificaciones/ HTTP/1.1" 200 390 "http://127.0.0.1/upload/" "Mozilla/5.0 (X11; Ubuntu; Linux x86_64; rv:57.0) Gecko/20100101 Firefox/57.0"
127.0.0.1 - - [04/Jan/2018:02:38:45 -0600] "GET /obtenernotificaciones/ HTTP/1.1" 200 390 "http://127.0.0.1/upload/" "Mozilla/5.0 (X11; Ubuntu; Linux x86_64; rv:57.0) Gecko/20100101 Firefox/57.0"
127.0.0.1 - - [04/Jan/2018:02:38:48 -0600] "GET /obtenernotificaciones/ HTTP/1.1" 200 390 "http://127.0.0.1/upload/" "Mozilla/5.0 (X11; Ubuntu; Linux x86_64; rv:57.0) Gecko/20100101 Firefox/57.0"
127.0.0.1 - - [04/Jan/2018:02:38:51 -0600] "GET /obtenernotificaciones/ HTTP/1.1" 200 390 "http://127.0.0.1/upload/" "Mozilla/5.0 (X11; Ubuntu; Linux x86_64; rv:57.0) Gecko/20100101 Firefox/57.0"
127.0.0.1 - - [04/Jan/2018:02:38:54 -0600] "GET /obtenernotificaciones/ HTTP/1.1" 200 390 "http://127.0.0.1/upload/" "Mozilla/5.0 (X11; Ubuntu; Linux x86_64; rv:57.0) Gecko/20100101 Firefox/57.0"
127.0.0.1 - - [04/Jan/2018:02:38:57 -0600] "GET /obtenernotificaciones/ HTTP/1.1" 200 390 "http://127.0.0.1/upload/" "Mozilla/5.0 (X11; Ubuntu; Linux x86_64; rv:57.0) Gecko/20100101 Firefox/57.0"
127.0.0.1 - - [04/Jan/2018:02:39:00 -0600] "GET /obtenernotificaciones/ HTTP/1.1" 200 390 "http://127.0.0.1/upload/" "Mozilla/5.0 (X11; Ubuntu; Linux x86_64; rv:57.0) Gecko/20100101 Firefox/57.0"
127.0.0.1 - - [04/Jan/2018:02:39:03 -0600] "GET /obtenernotificaciones/ HTTP/1.1" 200 390 "http://127.0.0.1/upload/" "Mozilla/5.0 (X11; Ubuntu; Linux x86_64; rv:57.0) Gecko/20100101 Firefox/57.0"
127.0.0.1 - - [04/Jan/2018:02:39:06 -0600] "GET /obtenernotificaciones/ HTTP/1.1" 200 390 "http://127.0.0.1/upload/" "Mozilla/5.0 (X11; Ubuntu; Linux x86_64; rv:57.0) Gecko/20100101 Firefox/57.0"
127.0.0.1 - - [04/Jan/2018:02:39:09 -0600] "GET /obtenernotificaciones/ HTTP/1.1" 200 390 "http://127.0.0.1/upload/" "Mozilla/5.0 (X11; Ubuntu; Linux x86_64; rv:57.0) Gecko/20100101 Firefox/57.0"
127.0.0.1 - - [04/Jan/2018:02:39:12 -0600] "GET /obtenernotificaciones/ HTTP/1.1" 200 390 "http://127.0.0.1/upload/" "Mozilla/5.0 (X11; Ubuntu; Linux x86_64; rv:57.0) Gecko/20100101 Firefox/57.0"
127.0.0.1 - - [04/Jan/2018:02:39:15 -0600] "GET /obtenernotificaciones/ HTTP/1.1" 200 390 "http://127.0.0.1/upload/" "Mozilla/5.0 (X11; Ubuntu; Linux x86_64; rv:57.0) Gecko/20100101 Firefox/57.0"
127.0.0.1 - - [04/Jan/2018:02:39:18 -0600] "GET /obtenernotificaciones/ HTTP/1.1" 200 390 "http://127.0.0.1/upload/" "Mozilla/5.0 (X11; Ubuntu; Linux x86_64; rv:57.0) Gecko/20100101 Firefox/57.0"
127.0.0.1 - - [04/Jan/2018:02:39:21 -0600] "GET /obtenernotificaciones/ HTTP/1.1" 200 390 "http://127.0.0.1/upload/" "Mozilla/5.0 (X11; Ubuntu; Linux x86_64; rv:57.0) Gecko/20100101 Firefox/57.0"
127.0.0.1 - - [04/Jan/2018:02:39:24 -0600] "GET /obtenernotificaciones/ HTTP/1.1" 200 390 "http://127.0.0.1/upload/" "Mozilla/5.0 (X11; Ubuntu; Linux x86_64; rv:57.0) Gecko/20100101 Firefox/57.0"
127.0.0.1 - - [04/Jan/2018:02:39:27 -0600] "GET /obtenernotificaciones/ HTTP/1.1" 200 390 "http://127.0.0.1/upload/" "Mozilla/5.0 (X11; Ubuntu; Linux x86_64; rv:57.0) Gecko/20100101 Firefox/57.0"
127.0.0.1 - - [04/Jan/2018:02:39:30 -0600] "GET /obtenernotificaciones/ HTTP/1.1" 200 390 "http://127.0.0.1/upload/" "Mozilla/5.0 (X11; Ubuntu; Linux x86_64; rv:57.0) Gecko/20100101 Firefox/57.0"
127.0.0.1 - - [04/Jan/2018:02:39:33 -0600] "GET /obtenernotificaciones/ HTTP/1.1" 200 390 "http://127.0.0.1/upload/" "Mozilla/5.0 (X11; Ubuntu; Linux x86_64; rv:57.0) Gecko/20100101 Firefox/57.0"
127.0.0.1 - - [04/Jan/2018:02:39:36 -0600] "GET /obtenernotificaciones/ HTTP/1.1" 200 390 "http://127.0.0.1/upload/" "Mozilla/5.0 (X11; Ubuntu; Linux x86_64; rv:57.0) Gecko/20100101 Firefox/57.0"
127.0.0.1 - - [04/Jan/2018:02:39:39 -0600] "GET /obtenernotificaciones/ HTTP/1.1" 200 390 "http://127.0.0.1/upload/" "Mozilla/5.0 (X11; Ubuntu; Linux x86_64; rv:57.0) Gecko/20100101 Firefox/57.0"
127.0.0.1 - - [04/Jan/2018:02:39:42 -0600] "GET /obtenernotificaciones/ HTTP/1.1" 200 390 "http://127.0.0.1/upload/" "Mozilla/5.0 (X11; Ubuntu; Linux x86_64; rv:57.0) Gecko/20100101 Firefox/57.0"
127.0.0.1 - - [04/Jan/2018:02:39:45 -0600] "GET /obtenernotificaciones/ HTTP/1.1" 200 390 "http://127.0.0.1/upload/" "Mozilla/5.0 (X11; Ubuntu; Linux x86_64; rv:57.0) Gecko/20100101 Firefox/57.0"
127.0.0.1 - - [04/Jan/2018:02:39:48 -0600] "GET /obtenernotificaciones/ HTTP/1.1" 200 390 "http://127.0.0.1/upload/" "Mozilla/5.0 (X11; Ubuntu; Linux x86_64; rv:57.0) Gecko/20100101 Firefox/57.0"
127.0.0.1 - - [04/Jan/2018:02:39:51 -0600] "GET /obtenernotificaciones/ HTTP/1.1" 200 390 "http://127.0.0.1/upload/" "Mozilla/5.0 (X11; Ubuntu; Linux x86_64; rv:57.0) Gecko/20100101 Firefox/57.0"
127.0.0.1 - - [04/Jan/2018:02:39:54 -0600] "GET /obtenernotificaciones/ HTTP/1.1" 200 390 "http://127.0.0.1/upload/" "Mozilla/5.0 (X11; Ubuntu; Linux x86_64; rv:57.0) Gecko/20100101 Firefox/57.0"
127.0.0.1 - - [04/Jan/2018:02:39:57 -0600] "GET /obtenernotificaciones/ HTTP/1.1" 200 390 "http://127.0.0.1/upload/" "Mozilla/5.0 (X11; Ubuntu; Linux x86_64; rv:57.0) Gecko/20100101 Firefox/57.0"
127.0.0.1 - - [04/Jan/2018:02:40:00 -0600] "GET /obtenernotificaciones/ HTTP/1.1" 200 390 "http://127.0.0.1/upload/" "Mozilla/5.0 (X11; Ubuntu; Linux x86_64; rv:57.0) Gecko/20100101 Firefox/57.0"
127.0.0.1 - - [04/Jan/2018:02:40:02 -0600] "GET /upload/ HTTP/1.1" 200 5423 "http://127.0.0.1/videos/" "Mozilla/5.0 (X11; Ubuntu; Linux x86_64; rv:57.0) Gecko/20100101 Firefox/57.0"
127.0.0.1 - - [04/Jan/2018:02:40:02 -0600] "GET /static/bootstrap/vendor/bootstrap/css/bootstrap.min.css HTTP/1.1" 200 127343 "http://127.0.0.1/upload/" "Mozilla/5.0 (X11; Ubuntu; Linux x86_64; rv:57.0) Gecko/20100101 Firefox/57.0"
127.0.0.1 - - [04/Jan/2018:02:40:02 -0600] "GET /static/bootstrap/vendor/font-awesome/css/font-awesome.min.css HTTP/1.1" 200 31000 "http://127.0.0.1/upload/" "Mozilla/5.0 (X11; Ubuntu; Linux x86_64; rv:57.0) Gecko/20100101 Firefox/57.0"
127.0.0.1 - - [04/Jan/2018:02:40:02 -0600] "GET /static/bootstrap/css/sb-admin.css HTTP/1.1" 200 12302 "http://127.0.0.1/upload/" "Mozilla/5.0 (X11; Ubuntu; Linux x86_64; rv:57.0) Gecko/20100101 Firefox/57.0"
127.0.0.1 - - [04/Jan/2018:02:40:02 -0600] "GET /static/bootstrap/vendor/jquery/jquery.min.js HTTP/1.1" 200 86659 "http://127.0.0.1/upload/" "Mozilla/5.0 (X11; Ubuntu; Linux x86_64; rv:57.0) Gecko/20100101 Firefox/57.0"
127.0.0.1 - - [04/Jan/2018:02:40:02 -0600] "GET /static/js/base.js HTTP/1.1" 200 1778 "http://127.0.0.1/upload/" "Mozilla/5.0 (X11; Ubuntu; Linux x86_64; rv:57.0) Gecko/20100101 Firefox/57.0"
127.0.0.1 - - [04/Jan/2018:02:40:02 -0600] "GET /static/js/busqueda.js HTTP/1.1" 200 296 "http://127.0.0.1/upload/" "Mozilla/5.0 (X11; Ubuntu; Linux x86_64; rv:57.0) Gecko/20100101 Firefox/57.0"
127.0.0.1 - - [04/Jan/2018:02:40:02 -0600] "GET /static/css/subir_video.css HTTP/1.1" 200 2946 "http://127.0.0.1/upload/" "Mozilla/5.0 (X11; Ubuntu; Linux x86_64; rv:57.0) Gecko/20100101 Firefox/57.0"
127.0.0.1 - - [04/Jan/2018:02:40:02 -0600] "GET /static/js/subir_archivo.js HTTP/1.1" 200 2609 "http://127.0.0.1/upload/" "Mozilla/5.0 (X11; Ubuntu; Linux x86_64; rv:57.0) Gecko/20100101 Firefox/57.0"
127.0.0.1 - - [04/Jan/2018:02:40:02 -0600] "GET /static/bootstrap/vendor/bootstrap/js/bootstrap.bundle.min.js HTTP/1.1" 200 69453 "http://127.0.0.1/upload/" "Mozilla/5.0 (X11; Ubuntu; Linux x86_64; rv:57.0) Gecko/20100101 Firefox/57.0"
127.0.0.1 - - [04/Jan/2018:02:40:02 -0600] "GET /static/bootstrap/vendor/jquery-easing/jquery.easing.min.js HTTP/1.1" 200 2532 "http://127.0.0.1/upload/" "Mozilla/5.0 (X11; Ubuntu; Linux x86_64; rv:57.0) Gecko/20100101 Firefox/57.0"
127.0.0.1 - - [04/Jan/2018:02:40:02 -0600] "GET /static/bootstrap/js/sb-admin.min.js HTTP/1.1" 200 1443 "http://127.0.0.1/upload/" "Mozilla/5.0 (X11; Ubuntu; Linux x86_64; rv:57.0) Gecko/20100101 Firefox/57.0"
127.0.0.1 - - [04/Jan/2018:02:40:02 -0600] "GET /static/bootstrap/vendor/font-awesome/fonts/fontawesome-webfont.woff2?v=4.7.0 HTTP/1.1" 200 77160 "http://127.0.0.1/static/bootstrap/vendor/font-awesome/css/font-awesome.min.css" "Mozilla/5.0 (X11; Ubuntu; Linux x86_64; rv:57.0) Gecko/20100101 Firefox/57.0"
127.0.0.1 - - [04/Jan/2018:02:40:02 -0600] "GET /obtenernotificaciones/ HTTP/1.1" 200 390 "http://127.0.0.1/upload/" "Mozilla/5.0 (X11; Ubuntu; Linux x86_64; rv:57.0) Gecko/20100101 Firefox/57.0"
127.0.0.1 - - [04/Jan/2018:02:40:05 -0600] "GET /obtenernotificaciones/ HTTP/1.1" 200 390 "http://127.0.0.1/upload/" "Mozilla/5.0 (X11; Ubuntu; Linux x86_64; rv:57.0) Gecko/20100101 Firefox/57.0"
127.0.0.1 - - [04/Jan/2018:02:40:08 -0600] "GET /obtenernotificaciones/ HTTP/1.1" 200 390 "http://127.0.0.1/upload/" "Mozilla/5.0 (X11; Ubuntu; Linux x86_64; rv:57.0) Gecko/20100101 Firefox/57.0"
127.0.0.1 - - [04/Jan/2018:02:40:11 -0600] "GET /obtenernotificaciones/ HTTP/1.1" 200 390 "http://127.0.0.1/upload/" "Mozilla/5.0 (X11; Ubuntu; Linux x86_64; rv:57.0) Gecko/20100101 Firefox/57.0"
127.0.0.1 - - [04/Jan/2018:02:40:12 -0600] "POST /upload/ HTTP/1.1" 413 208 "http://127.0.0.1/upload/" "Mozilla/5.0 (X11; Ubuntu; Linux x86_64; rv:57.0) Gecko/20100101 Firefox/57.0"
127.0.0.1 - - [04/Jan/2018:02:40:17 -0600] "GET /obtenernotificaciones/ HTTP/1.1" 200 390 "http://127.0.0.1/upload/" "Mozilla/5.0 (X11; Ubuntu; Linux x86_64; rv:57.0) Gecko/20100101 Firefox/57.0"
127.0.0.1 - - [04/Jan/2018:02:40:17 -0600] "GET /videos/ HTTP/1.1" 200 6329 "http://127.0.0.1/login/" "Mozilla/5.0 (X11; Ubuntu; Linux x86_64; rv:57.0) Gecko/20100101 Firefox/57.0"
127.0.0.1 - - [04/Jan/2018:02:40:17 -0600] "GET /static/css/videos.css HTTP/1.1" 200 2018 "http://127.0.0.1/videos/" "Mozilla/5.0 (X11; Ubuntu; Linux x86_64; rv:57.0) Gecko/20100101 Firefox/57.0"
127.0.0.1 - - [04/Jan/2018:02:40:17 -0600] "GET /static/js/bootstrap-fileprogress.js HTTP/1.1" 404 152 "http://127.0.0.1/videos/" "Mozilla/5.0 (X11; Ubuntu; Linux x86_64; rv:57.0) Gecko/20100101 Firefox/57.0"
127.0.0.1 - - [04/Jan/2018:02:40:17 -0600] "GET /media/thumbnails/use_your_head.gif HTTP/1.1" 403 152 "http://127.0.0.1/videos/" "Mozilla/5.0 (X11; Ubuntu; Linux x86_64; rv:57.0) Gecko/20100101 Firefox/57.0"
127.0.0.1 - - [04/Jan/2018:02:40:17 -0600] "GET /media/thumbnails/use_your_had.gif HTTP/1.1" 200 685508 "http://127.0.0.1/videos/" "Mozilla/5.0 (X11; Ubuntu; Linux x86_64; rv:57.0) Gecko/20100101 Firefox/57.0"
127.0.0.1 - - [04/Jan/2018:02:40:17 -0600] "GET /media/thumbnails/use_your_head_3GmI5Mv.gif HTTP/1.1" 403 152 "http://127.0.0.1/videos/" "Mozilla/5.0 (X11; Ubuntu; Linux x86_64; rv:57.0) Gecko/20100101 Firefox/57.0"
127.0.0.1 - - [04/Jan/2018:02:40:17 -0600] "GET /media/ HTTP/1.1" 403 152 "http://127.0.0.1/videos/" "Mozilla/5.0 (X11; Ubuntu; Linux x86_64; rv:57.0) Gecko/20100101 Firefox/57.0"
127.0.0.1 - - [04/Jan/2018:02:40:17 -0600] "GET /media//home/carlos/Escritorio/tutub/media/thumbnails/bob_esponja_SoCXkz4..gif HTTP/1.1" 404 152 "http://127.0.0.1/videos/" "Mozilla/5.0 (X11; Ubuntu; Linux x86_64; rv:57.0) Gecko/20100101 Firefox/57.0"
127.0.0.1 - - [04/Jan/2018:02:40:17 -0600] "GET /media/bob_esponja_1mPoEn8.gif HTTP/1.1" 404 152 "http://127.0.0.1/videos/" "Mozilla/5.0 (X11; Ubuntu; Linux x86_64; rv:57.0) Gecko/20100101 Firefox/57.0"
127.0.0.1 - - [04/Jan/2018:02:40:17 -0600] "GET /media//thumbnails/bob_esponja_qitkEZX.gif HTTP/1.1" 200 686391 "http://127.0.0.1/videos/" "Mozilla/5.0 (X11; Ubuntu; Linux x86_64; rv:57.0) Gecko/20100101 Firefox/57.0"
127.0.0.1 - - [04/Jan/2018:02:40:17 -0600] "GET /media/thumbnails/use_your_head_m1Nq265.gif HTTP/1.1" 403 152 "http://127.0.0.1/videos/" "Mozilla/5.0 (X11; Ubuntu; Linux x86_64; rv:57.0) Gecko/20100101 Firefox/57.0"
127.0.0.1 - - [04/Jan/2018:02:40:17 -0600] "GET /media//thumbnails/bob_esponja_1qkPs5z.gif HTTP/1.1" 200 686391 "http://127.0.0.1/videos/" "Mozilla/5.0 (X11; Ubuntu; Linux x86_64; rv:57.0) Gecko/20100101 Firefox/57.0"
127.0.0.1 - - [04/Jan/2018:02:40:17 -0600] "GET /media//thumbnails/output.gif HTTP/1.1" 200 685508 "http://127.0.0.1/videos/" "Mozilla/5.0 (X11; Ubuntu; Linux x86_64; rv:57.0) Gecko/20100101 Firefox/57.0"
127.0.0.1 - - [04/Jan/2018:02:40:17 -0600] "GET /media//thumbnails/bob_esponja_cQ9Blia.gif HTTP/1.1" 200 686391 "http://127.0.0.1/videos/" "Mozilla/5.0 (X11; Ubuntu; Linux x86_64; rv:57.0) Gecko/20100101 Firefox/57.0"
127.0.0.1 - - [04/Jan/2018:02:40:17 -0600] "GET /media//thumbnails/bob_esponja_N9N6JsP.gif HTTP/1.1" 200 686391 "http://127.0.0.1/videos/" "Mozilla/5.0 (X11; Ubuntu; Linux x86_64; rv:57.0) Gecko/20100101 Firefox/57.0"
127.0.0.1 - - [04/Jan/2018:02:40:17 -0600] "GET /media//thumbnails/bob_esponja_Vk4hqkA.gif HTTP/1.1" 200 686391 "http://127.0.0.1/videos/" "Mozilla/5.0 (X11; Ubuntu; Linux x86_64; rv:57.0) Gecko/20100101 Firefox/57.0"
127.0.0.1 - - [04/Jan/2018:02:40:17 -0600] "GET /media//thumbnails/bob_esponja_iKHwmMs.gif HTTP/1.1" 200 686391 "http://127.0.0.1/videos/" "Mozilla/5.0 (X11; Ubuntu; Linux x86_64; rv:57.0) Gecko/20100101 Firefox/57.0"
127.0.0.1 - - [04/Jan/2018:02:40:17 -0600] "GET /media//thumbnails/bob_esponja_bS3MYi0.gif HTTP/1.1" 200 686391 "http://127.0.0.1/videos/" "Mozilla/5.0 (X11; Ubuntu; Linux x86_64; rv:57.0) Gecko/20100101 Firefox/57.0"
127.0.0.1 - - [04/Jan/2018:02:40:17 -0600] "GET /media//thumbnails/output_gsnvW8H.gif HTTP/1.1" 200 685508 "http://127.0.0.1/videos/" "Mozilla/5.0 (X11; Ubuntu; Linux x86_64; rv:57.0) Gecko/20100101 Firefox/57.0"
127.0.0.1 - - [04/Jan/2018:02:40:17 -0600] "GET /media//thumbnails/output_Lo62uY1.gif HTTP/1.1" 200 685508 "http://127.0.0.1/videos/" "Mozilla/5.0 (X11; Ubuntu; Linux x86_64; rv:57.0) Gecko/20100101 Firefox/57.0"
127.0.0.1 - - [04/Jan/2018:02:40:17 -0600] "GET /media//thumbnails/output_SVICLxL.gif HTTP/1.1" 200 685508 "http://127.0.0.1/videos/" "Mozilla/5.0 (X11; Ubuntu; Linux x86_64; rv:57.0) Gecko/20100101 Firefox/57.0"
127.0.0.1 - - [04/Jan/2018:02:40:17 -0600] "GET /media//thumbnails/bob_esponja_QbDfEK7.gif HTTP/1.1" 200 686391 "http://127.0.0.1/videos/" "Mozilla/5.0 (X11; Ubuntu; Linux x86_64; rv:57.0) Gecko/20100101 Firefox/57.0"
127.0.0.1 - - [04/Jan/2018:02:40:17 -0600] "GET /media//thumbnails/2400677-hi.gif HTTP/1.1" 200 245461 "http://127.0.0.1/videos/" "Mozilla/5.0 (X11; Ubuntu; Linux x86_64; rv:57.0) Gecko/20100101 Firefox/57.0"
127.0.0.1 - - [04/Jan/2018:02:40:17 -0600] "GET /media//thumbnails/2400677-hi_y3czTUQ.gif HTTP/1.1" 200 1268048 "http://127.0.0.1/videos/" "Mozilla/5.0 (X11; Ubuntu; Linux x86_64; rv:57.0) Gecko/20100101 Firefox/57.0"
127.0.0.1 - - [04/Jan/2018:02:40:17 -0600] "GET /media//thumbnails/2400677-hi_0R6zx4c.gif HTTP/1.1" 200 3001722 "http://127.0.0.1/videos/" "Mozilla/5.0 (X11; Ubuntu; Linux x86_64; rv:57.0) Gecko/20100101 Firefox/57.0"
127.0.0.1 - - [04/Jan/2018:02:40:17 -0600] "GET /media//thumbnails/bob_esponja.gif HTTP/1.1" 200 3333562 "http://127.0.0.1/videos/" "Mozilla/5.0 (X11; Ubuntu; Linux x86_64; rv:57.0) Gecko/20100101 Firefox/57.0"
127.0.0.1 - - [04/Jan/2018:02:40:17 -0600] "GET /media//thumbnails/b.gif HTTP/1.1" 200 3361194 "http://127.0.0.1/videos/" "Mozilla/5.0 (X11; Ubuntu; Linux x86_64; rv:57.0) Gecko/20100101 Firefox/57.0"
127.0.0.1 - - [04/Jan/2018:02:40:20 -0600] "GET /obtenernotificaciones/ HTTP/1.1" 200 390 "http://127.0.0.1/videos/" "Mozilla/5.0 (X11; Ubuntu; Linux x86_64; rv:57.0) Gecko/20100101 Firefox/57.0"
127.0.0.1 - - [04/Jan/2018:02:40:23 -0600] "GET /obtenernotificaciones/ HTTP/1.1" 200 390 "http://127.0.0.1/videos/" "Mozilla/5.0 (X11; Ubuntu; Linux x86_64; rv:57.0) Gecko/20100101 Firefox/57.0"
127.0.0.1 - - [04/Jan/2018:02:40:26 -0600] "GET /obtenernotificaciones/ HTTP/1.1" 200 390 "http://127.0.0.1/videos/" "Mozilla/5.0 (X11; Ubuntu; Linux x86_64; rv:57.0) Gecko/20100101 Firefox/57.0"
127.0.0.1 - - [04/Jan/2018:02:40:29 -0600] "GET /obtenernotificaciones/ HTTP/1.1" 200 390 "http://127.0.0.1/videos/" "Mozilla/5.0 (X11; Ubuntu; Linux x86_64; rv:57.0) Gecko/20100101 Firefox/57.0"
127.0.0.1 - - [04/Jan/2018:02:40:32 -0600] "GET /obtenernotificaciones/ HTTP/1.1" 200 390 "http://127.0.0.1/videos/" "Mozilla/5.0 (X11; Ubuntu; Linux x86_64; rv:57.0) Gecko/20100101 Firefox/57.0"
127.0.0.1 - - [04/Jan/2018:02:40:35 -0600] "GET /obtenernotificaciones/ HTTP/1.1" 200 390 "http://127.0.0.1/videos/" "Mozilla/5.0 (X11; Ubuntu; Linux x86_64; rv:57.0) Gecko/20100101 Firefox/57.0"
127.0.0.1 - - [04/Jan/2018:02:40:38 -0600] "GET /obtenernotificaciones/ HTTP/1.1" 200 390 "http://127.0.0.1/videos/" "Mozilla/5.0 (X11; Ubuntu; Linux x86_64; rv:57.0) Gecko/20100101 Firefox/57.0"
127.0.0.1 - - [04/Jan/2018:02:40:41 -0600] "GET /obtenernotificaciones/ HTTP/1.1" 200 390 "http://127.0.0.1/videos/" "Mozilla/5.0 (X11; Ubuntu; Linux x86_64; rv:57.0) Gecko/20100101 Firefox/57.0"
127.0.0.1 - - [04/Jan/2018:02:40:44 -0600] "GET /obtenernotificaciones/ HTTP/1.1" 200 390 "http://127.0.0.1/videos/" "Mozilla/5.0 (X11; Ubuntu; Linux x86_64; rv:57.0) Gecko/20100101 Firefox/57.0"
127.0.0.1 - - [04/Jan/2018:02:40:47 -0600] "GET /obtenernotificaciones/ HTTP/1.1" 200 390 "http://127.0.0.1/videos/" "Mozilla/5.0 (X11; Ubuntu; Linux x86_64; rv:57.0) Gecko/20100101 Firefox/57.0"
127.0.0.1 - - [04/Jan/2018:02:40:51 -0600] "GET /obtenernotificaciones/ HTTP/1.1" 200 390 "http://127.0.0.1/videos/" "Mozilla/5.0 (X11; Ubuntu; Linux x86_64; rv:57.0) Gecko/20100101 Firefox/57.0"
127.0.0.1 - - [04/Jan/2018:02:40:54 -0600] "GET /obtenernotificaciones/ HTTP/1.1" 200 390 "http://127.0.0.1/videos/" "Mozilla/5.0 (X11; Ubuntu; Linux x86_64; rv:57.0) Gecko/20100101 Firefox/57.0"
127.0.0.1 - - [04/Jan/2018:02:40:56 -0600] "GET /obtenernotificaciones/ HTTP/1.1" 200 390 "http://127.0.0.1/videos/" "Mozilla/5.0 (X11; Ubuntu; Linux x86_64; rv:57.0) Gecko/20100101 Firefox/57.0"
127.0.0.1 - - [04/Jan/2018:02:41:00 -0600] "GET /obtenernotificaciones/ HTTP/1.1" 200 390 "http://127.0.0.1/videos/" "Mozilla/5.0 (X11; Ubuntu; Linux x86_64; rv:57.0) Gecko/20100101 Firefox/57.0"
127.0.0.1 - - [04/Jan/2018:02:41:03 -0600] "GET /obtenernotificaciones/ HTTP/1.1" 200 390 "http://127.0.0.1/videos/" "Mozilla/5.0 (X11; Ubuntu; Linux x86_64; rv:57.0) Gecko/20100101 Firefox/57.0"
127.0.0.1 - - [04/Jan/2018:02:41:06 -0600] "GET /obtenernotificaciones/ HTTP/1.1" 200 390 "http://127.0.0.1/videos/" "Mozilla/5.0 (X11; Ubuntu; Linux x86_64; rv:57.0) Gecko/20100101 Firefox/57.0"
127.0.0.1 - - [04/Jan/2018:02:41:09 -0600] "GET /obtenernotificaciones/ HTTP/1.1" 200 390 "http://127.0.0.1/videos/" "Mozilla/5.0 (X11; Ubuntu; Linux x86_64; rv:57.0) Gecko/20100101 Firefox/57.0"
127.0.0.1 - - [04/Jan/2018:02:41:12 -0600] "GET /obtenernotificaciones/ HTTP/1.1" 200 390 "http://127.0.0.1/videos/" "Mozilla/5.0 (X11; Ubuntu; Linux x86_64; rv:57.0) Gecko/20100101 Firefox/57.0"
127.0.0.1 - - [04/Jan/2018:02:41:15 -0600] "GET /obtenernotificaciones/ HTTP/1.1" 200 390 "http://127.0.0.1/videos/" "Mozilla/5.0 (X11; Ubuntu; Linux x86_64; rv:57.0) Gecko/20100101 Firefox/57.0"
127.0.0.1 - - [04/Jan/2018:02:41:18 -0600] "GET /obtenernotificaciones/ HTTP/1.1" 200 390 "http://127.0.0.1/videos/" "Mozilla/5.0 (X11; Ubuntu; Linux x86_64; rv:57.0) Gecko/20100101 Firefox/57.0"
127.0.0.1 - - [04/Jan/2018:02:41:21 -0600] "GET /obtenernotificaciones/ HTTP/1.1" 200 390 "http://127.0.0.1/videos/" "Mozilla/5.0 (X11; Ubuntu; Linux x86_64; rv:57.0) Gecko/20100101 Firefox/57.0"
127.0.0.1 - - [04/Jan/2018:02:41:24 -0600] "GET /obtenernotificaciones/ HTTP/1.1" 200 390 "http://127.0.0.1/videos/" "Mozilla/5.0 (X11; Ubuntu; Linux x86_64; rv:57.0) Gecko/20100101 Firefox/57.0"
127.0.0.1 - - [04/Jan/2018:02:41:27 -0600] "GET /obtenernotificaciones/ HTTP/1.1" 200 390 "http://127.0.0.1/videos/" "Mozilla/5.0 (X11; Ubuntu; Linux x86_64; rv:57.0) Gecko/20100101 Firefox/57.0"
127.0.0.1 - - [04/Jan/2018:02:41:30 -0600] "GET /obtenernotificaciones/ HTTP/1.1" 200 390 "http://127.0.0.1/videos/" "Mozilla/5.0 (X11; Ubuntu; Linux x86_64; rv:57.0) Gecko/20100101 Firefox/57.0"
127.0.0.1 - - [04/Jan/2018:02:41:33 -0600] "GET /obtenernotificaciones/ HTTP/1.1" 200 390 "http://127.0.0.1/videos/" "Mozilla/5.0 (X11; Ubuntu; Linux x86_64; rv:57.0) Gecko/20100101 Firefox/57.0"
127.0.0.1 - - [04/Jan/2018:02:41:36 -0600] "GET /obtenernotificaciones/ HTTP/1.1" 200 390 "http://127.0.0.1/videos/" "Mozilla/5.0 (X11; Ubuntu; Linux x86_64; rv:57.0) Gecko/20100101 Firefox/57.0"
127.0.0.1 - - [04/Jan/2018:02:41:39 -0600] "GET /obtenernotificaciones/ HTTP/1.1" 200 390 "http://127.0.0.1/videos/" "Mozilla/5.0 (X11; Ubuntu; Linux x86_64; rv:57.0) Gecko/20100101 Firefox/57.0"
127.0.0.1 - - [04/Jan/2018:02:41:42 -0600] "GET /obtenernotificaciones/ HTTP/1.1" 200 390 "http://127.0.0.1/videos/" "Mozilla/5.0 (X11; Ubuntu; Linux x86_64; rv:57.0) Gecko/20100101 Firefox/57.0"
127.0.0.1 - - [04/Jan/2018:02:41:45 -0600] "GET /obtenernotificaciones/ HTTP/1.1" 200 390 "http://127.0.0.1/videos/" "Mozilla/5.0 (X11; Ubuntu; Linux x86_64; rv:57.0) Gecko/20100101 Firefox/57.0"
127.0.0.1 - - [04/Jan/2018:02:41:48 -0600] "GET /obtenernotificaciones/ HTTP/1.1" 200 390 "http://127.0.0.1/videos/" "Mozilla/5.0 (X11; Ubuntu; Linux x86_64; rv:57.0) Gecko/20100101 Firefox/57.0"
127.0.0.1 - - [04/Jan/2018:02:41:51 -0600] "GET /obtenernotificaciones/ HTTP/1.1" 200 390 "http://127.0.0.1/videos/" "Mozilla/5.0 (X11; Ubuntu; Linux x86_64; rv:57.0) Gecko/20100101 Firefox/57.0"
127.0.0.1 - - [04/Jan/2018:02:41:54 -0600] "GET /obtenernotificaciones/ HTTP/1.1" 200 390 "http://127.0.0.1/videos/" "Mozilla/5.0 (X11; Ubuntu; Linux x86_64; rv:57.0) Gecko/20100101 Firefox/57.0"
127.0.0.1 - - [04/Jan/2018:02:41:57 -0600] "GET /obtenernotificaciones/ HTTP/1.1" 200 390 "http://127.0.0.1/videos/" "Mozilla/5.0 (X11; Ubuntu; Linux x86_64; rv:57.0) Gecko/20100101 Firefox/57.0"
127.0.0.1 - - [04/Jan/2018:02:42:00 -0600] "GET /obtenernotificaciones/ HTTP/1.1" 200 390 "http://127.0.0.1/videos/" "Mozilla/5.0 (X11; Ubuntu; Linux x86_64; rv:57.0) Gecko/20100101 Firefox/57.0"
127.0.0.1 - - [04/Jan/2018:02:42:03 -0600] "GET /obtenernotificaciones/ HTTP/1.1" 200 390 "http://127.0.0.1/videos/" "Mozilla/5.0 (X11; Ubuntu; Linux x86_64; rv:57.0) Gecko/20100101 Firefox/57.0"
127.0.0.1 - - [04/Jan/2018:02:42:06 -0600] "GET /obtenernotificaciones/ HTTP/1.1" 200 390 "http://127.0.0.1/videos/" "Mozilla/5.0 (X11; Ubuntu; Linux x86_64; rv:57.0) Gecko/20100101 Firefox/57.0"
127.0.0.1 - - [04/Jan/2018:02:42:09 -0600] "GET /obtenernotificaciones/ HTTP/1.1" 200 390 "http://127.0.0.1/videos/" "Mozilla/5.0 (X11; Ubuntu; Linux x86_64; rv:57.0) Gecko/20100101 Firefox/57.0"
127.0.0.1 - - [04/Jan/2018:02:42:12 -0600] "GET /obtenernotificaciones/ HTTP/1.1" 200 390 "http://127.0.0.1/videos/" "Mozilla/5.0 (X11; Ubuntu; Linux x86_64; rv:57.0) Gecko/20100101 Firefox/57.0"
127.0.0.1 - - [04/Jan/2018:02:42:15 -0600] "GET /obtenernotificaciones/ HTTP/1.1" 200 390 "http://127.0.0.1/videos/" "Mozilla/5.0 (X11; Ubuntu; Linux x86_64; rv:57.0) Gecko/20100101 Firefox/57.0"
127.0.0.1 - - [04/Jan/2018:02:42:18 -0600] "GET /obtenernotificaciones/ HTTP/1.1" 200 390 "http://127.0.0.1/videos/" "Mozilla/5.0 (X11; Ubuntu; Linux x86_64; rv:57.0) Gecko/20100101 Firefox/57.0"
127.0.0.1 - - [04/Jan/2018:02:42:21 -0600] "GET /obtenernotificaciones/ HTTP/1.1" 200 390 "http://127.0.0.1/videos/" "Mozilla/5.0 (X11; Ubuntu; Linux x86_64; rv:57.0) Gecko/20100101 Firefox/57.0"
127.0.0.1 - - [04/Jan/2018:02:43:53 -0600] "GET / HTTP/1.1" 200 6325 "-" "Mozilla/5.0 (X11; Ubuntu; Linux x86_64; rv:57.0) Gecko/20100101 Firefox/57.0"
127.0.0.1 - - [04/Jan/2018:02:43:53 -0600] "GET /media//thumbnails/2400677-hi.gif HTTP/1.1" 200 245461 "http://127.0.0.1/" "Mozilla/5.0 (X11; Ubuntu; Linux x86_64; rv:57.0) Gecko/20100101 Firefox/57.0"
127.0.0.1 - - [04/Jan/2018:02:43:53 -0600] "GET /media//thumbnails/2400677-hi_0R6zx4c.gif HTTP/1.1" 200 3001722 "http://127.0.0.1/" "Mozilla/5.0 (X11; Ubuntu; Linux x86_64; rv:57.0) Gecko/20100101 Firefox/57.0"
127.0.0.1 - - [04/Jan/2018:02:43:53 -0600] "GET /media//thumbnails/2400677-hi_y3czTUQ.gif HTTP/1.1" 200 1268048 "http://127.0.0.1/" "Mozilla/5.0 (X11; Ubuntu; Linux x86_64; rv:57.0) Gecko/20100101 Firefox/57.0"
127.0.0.1 - - [04/Jan/2018:02:43:53 -0600] "GET /media//thumbnails/b.gif HTTP/1.1" 200 3361194 "http://127.0.0.1/" "Mozilla/5.0 (X11; Ubuntu; Linux x86_64; rv:57.0) Gecko/20100101 Firefox/57.0"
127.0.0.1 - - [04/Jan/2018:02:43:53 -0600] "GET /media//thumbnails/bob_esponja.gif HTTP/1.1" 200 3333562 "http://127.0.0.1/" "Mozilla/5.0 (X11; Ubuntu; Linux x86_64; rv:57.0) Gecko/20100101 Firefox/57.0"
127.0.0.1 - - [04/Jan/2018:02:43:56 -0600] "GET /upload/ HTTP/1.1" 200 5418 "http://127.0.0.1/" "Mozilla/5.0 (X11; Ubuntu; Linux x86_64; rv:57.0) Gecko/20100101 Firefox/57.0"
127.0.0.1 - - [04/Jan/2018:02:43:56 -0600] "GET /obtenernotificaciones/ HTTP/1.1" 200 390 "http://127.0.0.1/upload/" "Mozilla/5.0 (X11; Ubuntu; Linux x86_64; rv:57.0) Gecko/20100101 Firefox/57.0"
127.0.0.1 - - [04/Jan/2018:02:43:59 -0600] "GET /obtenernotificaciones/ HTTP/1.1" 200 390 "http://127.0.0.1/upload/" "Mozilla/5.0 (X11; Ubuntu; Linux x86_64; rv:57.0) Gecko/20100101 Firefox/57.0"
127.0.0.1 - - [04/Jan/2018:02:44:02 -0600] "GET /obtenernotificaciones/ HTTP/1.1" 200 390 "http://127.0.0.1/upload/" "Mozilla/5.0 (X11; Ubuntu; Linux x86_64; rv:57.0) Gecko/20100101 Firefox/57.0"
127.0.0.1 - - [04/Jan/2018:02:44:05 -0600] "GET /obtenernotificaciones/ HTTP/1.1" 200 390 "http://127.0.0.1/upload/" "Mozilla/5.0 (X11; Ubuntu; Linux x86_64; rv:57.0) Gecko/20100101 Firefox/57.0"
127.0.0.1 - - [04/Jan/2018:02:44:08 -0600] "GET /obtenernotificaciones/ HTTP/1.1" 200 385 "http://127.0.0.1/upload/" "Mozilla/5.0 (X11; Ubuntu; Linux x86_64; rv:57.0) Gecko/20100101 Firefox/57.0"
127.0.0.1 - - [04/Jan/2018:02:44:11 -0600] "GET /obtenernotificaciones/ HTTP/1.1" 200 385 "http://127.0.0.1/upload/" "Mozilla/5.0 (X11; Ubuntu; Linux x86_64; rv:57.0) Gecko/20100101 Firefox/57.0"
127.0.0.1 - - [04/Jan/2018:02:44:14 -0600] "GET /obtenernotificaciones/ HTTP/1.1" 200 385 "http://127.0.0.1/upload/" "Mozilla/5.0 (X11; Ubuntu; Linux x86_64; rv:57.0) Gecko/20100101 Firefox/57.0"
127.0.0.1 - - [04/Jan/2018:02:44:16 -0600] "POST /upload/ HTTP/1.1" 200 5547 "http://127.0.0.1/upload/" "Mozilla/5.0 (X11; Ubuntu; Linux x86_64; rv:57.0) Gecko/20100101 Firefox/57.0"
127.0.0.1 - - [04/Jan/2018:02:44:16 -0600] "GET /obtenernotificaciones/ HTTP/1.1" 200 399 "http://127.0.0.1/upload/" "Mozilla/5.0 (X11; Ubuntu; Linux x86_64; rv:57.0) Gecko/20100101 Firefox/57.0"
127.0.0.1 - - [04/Jan/2018:02:44:19 -0600] "GET /obtenernotificaciones/ HTTP/1.1" 200 399 "http://127.0.0.1/upload/" "Mozilla/5.0 (X11; Ubuntu; Linux x86_64; rv:57.0) Gecko/20100101 Firefox/57.0"
