127.0.0.1 - - [04/Jan/2018:03:02:09 -0600] "GET /videos/ HTTP/1.1" 200 6447 "http://127.0.0.1/login/" "Mozilla/5.0 (X11; Ubuntu; Linux x86_64; rv:57.0) Gecko/20100101 Firefox/57.0"
127.0.0.1 - - [04/Jan/2018:03:02:09 -0600] "GET /static/js/bootstrap-fileprogress.js HTTP/1.1" 404 152 "http://127.0.0.1/videos/" "Mozilla/5.0 (X11; Ubuntu; Linux x86_64; rv:57.0) Gecko/20100101 Firefox/57.0"
127.0.0.1 - - [04/Jan/2018:03:02:09 -0600] "GET /media/thumbnails/use_your_head.gif HTTP/1.1" 403 152 "http://127.0.0.1/videos/" "Mozilla/5.0 (X11; Ubuntu; Linux x86_64; rv:57.0) Gecko/20100101 Firefox/57.0"
127.0.0.1 - - [04/Jan/2018:03:02:09 -0600] "GET /media/thumbnails/use_your_head_3GmI5Mv.gif HTTP/1.1" 403 152 "http://127.0.0.1/videos/" "Mozilla/5.0 (X11; Ubuntu; Linux x86_64; rv:57.0) Gecko/20100101 Firefox/57.0"
127.0.0.1 - - [04/Jan/2018:03:02:09 -0600] "GET /media/ HTTP/1.1" 403 152 "http://127.0.0.1/videos/" "Mozilla/5.0 (X11; Ubuntu; Linux x86_64; rv:57.0) Gecko/20100101 Firefox/57.0"
127.0.0.1 - - [04/Jan/2018:03:02:09 -0600] "GET /media//home/carlos/Escritorio/tutub/media/thumbnails/bob_esponja_SoCXkz4..gif HTTP/1.1" 404 152 "http://127.0.0.1/videos/" "Mozilla/5.0 (X11; Ubuntu; Linux x86_64; rv:57.0) Gecko/20100101 Firefox/57.0"
127.0.0.1 - - [04/Jan/2018:03:02:09 -0600] "GET /media/bob_esponja_1mPoEn8.gif HTTP/1.1" 404 152 "http://127.0.0.1/videos/" "Mozilla/5.0 (X11; Ubuntu; Linux x86_64; rv:57.0) Gecko/20100101 Firefox/57.0"
127.0.0.1 - - [04/Jan/2018:03:02:09 -0600] "GET /media/thumbnails/use_your_head_m1Nq265.gif HTTP/1.1" 403 152 "http://127.0.0.1/videos/" "Mozilla/5.0 (X11; Ubuntu; Linux x86_64; rv:57.0) Gecko/20100101 Firefox/57.0"
127.0.0.1 - - [04/Jan/2018:03:02:09 -0600] "GET /static/js/bootstrap-fileprogress.js HTTP/1.1" 404 152 "http://127.0.0.1/videos/" "Mozilla/5.0 (X11; Ubuntu; Linux x86_64; rv:57.0) Gecko/20100101 Firefox/57.0"
127.0.0.1 - - [04/Jan/2018:03:02:09 -0600] "GET /media/thumbnails/use_your_head.gif HTTP/1.1" 403 152 "http://127.0.0.1/videos/" "Mozilla/5.0 (X11; Ubuntu; Linux x86_64; rv:57.0) Gecko/20100101 Firefox/57.0"
127.0.0.1 - - [04/Jan/2018:03:02:09 -0600] "GET /media/thumbnails/use_your_head_3GmI5Mv.gif HTTP/1.1" 403 152 "http://127.0.0.1/videos/" "Mozilla/5.0 (X11; Ubuntu; Linux x86_64; rv:57.0) Gecko/20100101 Firefox/57.0"
127.0.0.1 - - [04/Jan/2018:03:02:09 -0600] "GET /media/ HTTP/1.1" 403 152 "http://127.0.0.1/videos/" "Mozilla/5.0 (X11; Ubuntu; Linux x86_64; rv:57.0) Gecko/20100101 Firefox/57.0"
127.0.0.1 - - [04/Jan/2018:03:02:09 -0600] "GET /media//home/carlos/Escritorio/tutub/media/thumbnails/bob_esponja_SoCXkz4..gif HTTP/1.1" 404 152 "http://127.0.0.1/videos/" "Mozilla/5.0 (X11; Ubuntu; Linux x86_64; rv:57.0) Gecko/20100101 Firefox/57.0"
127.0.0.1 - - [04/Jan/2018:03:02:09 -0600] "GET /media/bob_esponja_1mPoEn8.gif HTTP/1.1" 404 152 "http://127.0.0.1/videos/" "Mozilla/5.0 (X11; Ubuntu; Linux x86_64; rv:57.0) Gecko/20100101 Firefox/57.0"
127.0.0.1 - - [04/Jan/2018:03:02:09 -0600] "GET /media/thumbnails/use_your_head_m1Nq265.gif HTTP/1.1" 403 152 "http://127.0.0.1/videos/" "Mozilla/5.0 (X11; Ubuntu; Linux x86_64; rv:57.0) Gecko/20100101 Firefox/57.0"
127.0.0.1 - - [04/Jan/2018:03:02:09 -0600] "GET /media//thumbnails/2400677-hi.gif HTTP/1.1" 200 245461 "http://127.0.0.1/videos/" "Mozilla/5.0 (X11; Ubuntu; Linux x86_64; rv:57.0) Gecko/20100101 Firefox/57.0"
127.0.0.1 - - [04/Jan/2018:03:02:09 -0600] "GET /media//thumbnails/2400677-hi_0R6zx4c.gif HTTP/1.1" 200 3001722 "http://127.0.0.1/videos/" "Mozilla/5.0 (X11; Ubuntu; Linux x86_64; rv:57.0) Gecko/20100101 Firefox/57.0"
127.0.0.1 - - [04/Jan/2018:03:02:09 -0600] "GET /media//thumbnails/2400677-hi_y3czTUQ.gif HTTP/1.1" 200 1268048 "http://127.0.0.1/videos/" "Mozilla/5.0 (X11; Ubuntu; Linux x86_64; rv:57.0) Gecko/20100101 Firefox/57.0"
127.0.0.1 - - [04/Jan/2018:03:02:09 -0600] "GET /media//thumbnails/b.gif HTTP/1.1" 200 3361194 "http://127.0.0.1/videos/" "Mozilla/5.0 (X11; Ubuntu; Linux x86_64; rv:57.0) Gecko/20100101 Firefox/57.0"
127.0.0.1 - - [04/Jan/2018:03:02:09 -0600] "GET /media//thumbnails/bob_esponja.gif HTTP/1.1" 200 3333562 "http://127.0.0.1/videos/" "Mozilla/5.0 (X11; Ubuntu; Linux x86_64; rv:57.0) Gecko/20100101 Firefox/57.0"
127.0.0.1 - - [04/Jan/2018:03:02:09 -0600] "GET /obtenernotificaciones/ HTTP/1.1" 200 378 "http://127.0.0.1/videos/" "Mozilla/5.0 (X11; Ubuntu; Linux x86_64; rv:57.0) Gecko/20100101 Firefox/57.0"
192.168.1.69 - - [04/Jan/2018:03:02:10 -0600] "GET /obtenernotificaciones/ HTTP/1.1" 200 378 "http://192.168.1.74/upload/" "Mozilla/5.0 (Linux; Android 7.1.1; Moto X Play Build/NPD26.48-24-1) AppleWebKit/537.36 (KHTML, like Gecko) Chrome/63.0.3239.111 Mobile Safari/537.36"
127.0.0.1 - - [04/Jan/2018:03:02:11 -0600] "GET /upload/ HTTP/1.1" 200 5420 "http://127.0.0.1/videos/" "Mozilla/5.0 (X11; Ubuntu; Linux x86_64; rv:57.0) Gecko/20100101 Firefox/57.0"
127.0.0.1 - - [04/Jan/2018:03:02:12 -0600] "GET /obtenernotificaciones/ HTTP/1.1" 200 378 "http://127.0.0.1/upload/" "Mozilla/5.0 (X11; Ubuntu; Linux x86_64; rv:57.0) Gecko/20100101 Firefox/57.0"
192.168.1.69 - - [04/Jan/2018:03:02:13 -0600] "GET /obtenernotificaciones/ HTTP/1.1" 200 378 "http://192.168.1.74/upload/" "Mozilla/5.0 (Linux; Android 7.1.1; Moto X Play Build/NPD26.48-24-1) AppleWebKit/537.36 (KHTML, like Gecko) Chrome/63.0.3239.111 Mobile Safari/537.36"
127.0.0.1 - - [04/Jan/2018:03:02:15 -0600] "GET /obtenernotificaciones/ HTTP/1.1" 200 378 "http://127.0.0.1/upload/" "Mozilla/5.0 (X11; Ubuntu; Linux x86_64; rv:57.0) Gecko/20100101 Firefox/57.0"
192.168.1.69 - - [04/Jan/2018:03:02:16 -0600] "GET /obtenernotificaciones/ HTTP/1.1" 200 378 "http://192.168.1.74/upload/" "Mozilla/5.0 (Linux; Android 7.1.1; Moto X Play Build/NPD26.48-24-1) AppleWebKit/537.36 (KHTML, like Gecko) Chrome/63.0.3239.111 Mobile Safari/537.36"
127.0.0.1 - - [04/Jan/2018:03:02:18 -0600] "GET /obtenernotificaciones/ HTTP/1.1" 200 378 "http://127.0.0.1/upload/" "Mozilla/5.0 (X11; Ubuntu; Linux x86_64; rv:57.0) Gecko/20100101 Firefox/57.0"
192.168.1.69 - - [04/Jan/2018:03:02:19 -0600] "GET /obtenernotificaciones/ HTTP/1.1" 200 378 "http://192.168.1.74/upload/" "Mozilla/5.0 (Linux; Android 7.1.1; Moto X Play Build/NPD26.48-24-1) AppleWebKit/537.36 (KHTML, like Gecko) Chrome/63.0.3239.111 Mobile Safari/537.36"
127.0.0.1 - - [04/Jan/2018:03:02:21 -0600] "GET /obtenernotificaciones/ HTTP/1.1" 200 378 "http://127.0.0.1/upload/" "Mozilla/5.0 (X11; Ubuntu; Linux x86_64; rv:57.0) Gecko/20100101 Firefox/57.0"
192.168.1.69 - - [04/Jan/2018:03:02:22 -0600] "GET /obtenernotificaciones/ HTTP/1.1" 200 378 "http://192.168.1.74/upload/" "Mozilla/5.0 (Linux; Android 7.1.1; Moto X Play Build/NPD26.48-24-1) AppleWebKit/537.36 (KHTML, like Gecko) Chrome/63.0.3239.111 Mobile Safari/537.36"
127.0.0.1 - - [04/Jan/2018:03:02:24 -0600] "GET /obtenernotificaciones/ HTTP/1.1" 200 378 "http://127.0.0.1/upload/" "Mozilla/5.0 (X11; Ubuntu; Linux x86_64; rv:57.0) Gecko/20100101 Firefox/57.0"
192.168.1.69 - - [04/Jan/2018:03:02:25 -0600] "GET /obtenernotificaciones/ HTTP/1.1" 200 378 "http://192.168.1.74/upload/" "Mozilla/5.0 (Linux; Android 7.1.1; Moto X Play Build/NPD26.48-24-1) AppleWebKit/537.36 (KHTML, like Gecko) Chrome/63.0.3239.111 Mobile Safari/537.36"
127.0.0.1 - - [04/Jan/2018:03:02:27 -0600] "GET /obtenernotificaciones/ HTTP/1.1" 200 378 "http://127.0.0.1/upload/" "Mozilla/5.0 (X11; Ubuntu; Linux x86_64; rv:57.0) Gecko/20100101 Firefox/57.0"
192.168.1.69 - - [04/Jan/2018:03:02:28 -0600] "GET /obtenernotificaciones/ HTTP/1.1" 200 378 "http://192.168.1.74/upload/" "Mozilla/5.0 (Linux; Android 7.1.1; Moto X Play Build/NPD26.48-24-1) AppleWebKit/537.36 (KHTML, like Gecko) Chrome/63.0.3239.111 Mobile Safari/537.36"
127.0.0.1 - - [04/Jan/2018:03:02:30 -0600] "GET /obtenernotificaciones/ HTTP/1.1" 200 378 "http://127.0.0.1/upload/" "Mozilla/5.0 (X11; Ubuntu; Linux x86_64; rv:57.0) Gecko/20100101 Firefox/57.0"
192.168.1.69 - - [04/Jan/2018:03:02:31 -0600] "GET /obtenernotificaciones/ HTTP/1.1" 200 378 "http://192.168.1.74/upload/" "Mozilla/5.0 (Linux; Android 7.1.1; Moto X Play Build/NPD26.48-24-1) AppleWebKit/537.36 (KHTML, like Gecko) Chrome/63.0.3239.111 Mobile Safari/537.36"
127.0.0.1 - - [04/Jan/2018:03:02:33 -0600] "GET /obtenernotificaciones/ HTTP/1.1" 200 378 "http://127.0.0.1/upload/" "Mozilla/5.0 (X11; Ubuntu; Linux x86_64; rv:57.0) Gecko/20100101 Firefox/57.0"
192.168.1.69 - - [04/Jan/2018:03:02:34 -0600] "GET /obtenernotificaciones/ HTTP/1.1" 200 378 "http://192.168.1.74/upload/" "Mozilla/5.0 (Linux; Android 7.1.1; Moto X Play Build/NPD26.48-24-1) AppleWebKit/537.36 (KHTML, like Gecko) Chrome/63.0.3239.111 Mobile Safari/537.36"
127.0.0.1 - - [04/Jan/2018:03:02:36 -0600] "GET /obtenernotificaciones/ HTTP/1.1" 200 378 "http://127.0.0.1/upload/" "Mozilla/5.0 (X11; Ubuntu; Linux x86_64; rv:57.0) Gecko/20100101 Firefox/57.0"
192.168.1.69 - - [04/Jan/2018:03:02:37 -0600] "GET /obtenernotificaciones/ HTTP/1.1" 200 378 "http://192.168.1.74/upload/" "Mozilla/5.0 (Linux; Android 7.1.1; Moto X Play Build/NPD26.48-24-1) AppleWebKit/537.36 (KHTML, like Gecko) Chrome/63.0.3239.111 Mobile Safari/537.36"
127.0.0.1 - - [04/Jan/2018:03:02:39 -0600] "GET /obtenernotificaciones/ HTTP/1.1" 200 378 "http://127.0.0.1/upload/" "Mozilla/5.0 (X11; Ubuntu; Linux x86_64; rv:57.0) Gecko/20100101 Firefox/57.0"
192.168.1.69 - - [04/Jan/2018:03:02:40 -0600] "GET /obtenernotificaciones/ HTTP/1.1" 200 378 "http://192.168.1.74/upload/" "Mozilla/5.0 (Linux; Android 7.1.1; Moto X Play Build/NPD26.48-24-1) AppleWebKit/537.36 (KHTML, like Gecko) Chrome/63.0.3239.111 Mobile Safari/537.36"
127.0.0.1 - - [04/Jan/2018:03:02:42 -0600] "GET /obtenernotificaciones/ HTTP/1.1" 200 378 "http://127.0.0.1/upload/" "Mozilla/5.0 (X11; Ubuntu; Linux x86_64; rv:57.0) Gecko/20100101 Firefox/57.0"
192.168.1.69 - - [04/Jan/2018:03:02:43 -0600] "GET /obtenernotificaciones/ HTTP/1.1" 200 378 "http://192.168.1.74/upload/" "Mozilla/5.0 (Linux; Android 7.1.1; Moto X Play Build/NPD26.48-24-1) AppleWebKit/537.36 (KHTML, like Gecko) Chrome/63.0.3239.111 Mobile Safari/537.36"
127.0.0.1 - - [04/Jan/2018:03:02:45 -0600] "GET /obtenernotificaciones/ HTTP/1.1" 200 378 "http://127.0.0.1/upload/" "Mozilla/5.0 (X11; Ubuntu; Linux x86_64; rv:57.0) Gecko/20100101 Firefox/57.0"
192.168.1.69 - - [04/Jan/2018:03:02:46 -0600] "GET /obtenernotificaciones/ HTTP/1.1" 200 378 "http://192.168.1.74/upload/" "Mozilla/5.0 (Linux; Android 7.1.1; Moto X Play Build/NPD26.48-24-1) AppleWebKit/537.36 (KHTML, like Gecko) Chrome/63.0.3239.111 Mobile Safari/537.36"
127.0.0.1 - - [04/Jan/2018:03:02:48 -0600] "GET /obtenernotificaciones/ HTTP/1.1" 200 378 "http://127.0.0.1/upload/" "Mozilla/5.0 (X11; Ubuntu; Linux x86_64; rv:57.0) Gecko/20100101 Firefox/57.0"
192.168.1.69 - - [04/Jan/2018:03:02:49 -0600] "GET /obtenernotificaciones/ HTTP/1.1" 200 378 "http://192.168.1.74/upload/" "Mozilla/5.0 (Linux; Android 7.1.1; Moto X Play Build/NPD26.48-24-1) AppleWebKit/537.36 (KHTML, like Gecko) Chrome/63.0.3239.111 Mobile Safari/537.36"
127.0.0.1 - - [04/Jan/2018:03:02:51 -0600] "GET /obtenernotificaciones/ HTTP/1.1" 200 378 "http://127.0.0.1/upload/" "Mozilla/5.0 (X11; Ubuntu; Linux x86_64; rv:57.0) Gecko/20100101 Firefox/57.0"
192.168.1.69 - - [04/Jan/2018:03:02:52 -0600] "GET /obtenernotificaciones/ HTTP/1.1" 200 378 "http://192.168.1.74/upload/" "Mozilla/5.0 (Linux; Android 7.1.1; Moto X Play Build/NPD26.48-24-1) AppleWebKit/537.36 (KHTML, like Gecko) Chrome/63.0.3239.111 Mobile Safari/537.36"
127.0.0.1 - - [04/Jan/2018:03:02:54 -0600] "GET /obtenernotificaciones/ HTTP/1.1" 200 378 "http://127.0.0.1/upload/" "Mozilla/5.0 (X11; Ubuntu; Linux x86_64; rv:57.0) Gecko/20100101 Firefox/57.0"
192.168.1.69 - - [04/Jan/2018:03:02:55 -0600] "GET /obtenernotificaciones/ HTTP/1.1" 200 378 "http://192.168.1.74/upload/" "Mozilla/5.0 (Linux; Android 7.1.1; Moto X Play Build/NPD26.48-24-1) AppleWebKit/537.36 (KHTML, like Gecko) Chrome/63.0.3239.111 Mobile Safari/537.36"
127.0.0.1 - - [04/Jan/2018:03:02:57 -0600] "GET /obtenernotificaciones/ HTTP/1.1" 200 378 "http://127.0.0.1/upload/" "Mozilla/5.0 (X11; Ubuntu; Linux x86_64; rv:57.0) Gecko/20100101 Firefox/57.0"
192.168.1.69 - - [04/Jan/2018:03:02:58 -0600] "GET /obtenernotificaciones/ HTTP/1.1" 200 378 "http://192.168.1.74/upload/" "Mozilla/5.0 (Linux; Android 7.1.1; Moto X Play Build/NPD26.48-24-1) AppleWebKit/537.36 (KHTML, like Gecko) Chrome/63.0.3239.111 Mobile Safari/537.36"
127.0.0.1 - - [04/Jan/2018:03:03:00 -0600] "GET /obtenernotificaciones/ HTTP/1.1" 200 378 "http://127.0.0.1/upload/" "Mozilla/5.0 (X11; Ubuntu; Linux x86_64; rv:57.0) Gecko/20100101 Firefox/57.0"
192.168.1.69 - - [04/Jan/2018:03:03:01 -0600] "GET /obtenernotificaciones/ HTTP/1.1" 200 378 "http://192.168.1.74/upload/" "Mozilla/5.0 (Linux; Android 7.1.1; Moto X Play Build/NPD26.48-24-1) AppleWebKit/537.36 (KHTML, like Gecko) Chrome/63.0.3239.111 Mobile Safari/537.36"
127.0.0.1 - - [04/Jan/2018:03:03:03 -0600] "GET /obtenernotificaciones/ HTTP/1.1" 200 378 "http://127.0.0.1/upload/" "Mozilla/5.0 (X11; Ubuntu; Linux x86_64; rv:57.0) Gecko/20100101 Firefox/57.0"
192.168.1.69 - - [04/Jan/2018:03:03:04 -0600] "GET /obtenernotificaciones/ HTTP/1.1" 200 378 "http://192.168.1.74/upload/" "Mozilla/5.0 (Linux; Android 7.1.1; Moto X Play Build/NPD26.48-24-1) AppleWebKit/537.36 (KHTML, like Gecko) Chrome/63.0.3239.111 Mobile Safari/537.36"
127.0.0.1 - - [04/Jan/2018:03:03:06 -0600] "GET /obtenernotificaciones/ HTTP/1.1" 200 378 "http://127.0.0.1/upload/" "Mozilla/5.0 (X11; Ubuntu; Linux x86_64; rv:57.0) Gecko/20100101 Firefox/57.0"
192.168.1.69 - - [04/Jan/2018:03:03:07 -0600] "GET /obtenernotificaciones/ HTTP/1.1" 200 378 "http://192.168.1.74/upload/" "Mozilla/5.0 (Linux; Android 7.1.1; Moto X Play Build/NPD26.48-24-1) AppleWebKit/537.36 (KHTML, like Gecko) Chrome/63.0.3239.111 Mobile Safari/537.36"
127.0.0.1 - - [04/Jan/2018:03:03:09 -0600] "GET /obtenernotificaciones/ HTTP/1.1" 200 378 "http://127.0.0.1/upload/" "Mozilla/5.0 (X11; Ubuntu; Linux x86_64; rv:57.0) Gecko/20100101 Firefox/57.0"
192.168.1.69 - - [04/Jan/2018:03:03:10 -0600] "GET /obtenernotificaciones/ HTTP/1.1" 200 378 "http://192.168.1.74/upload/" "Mozilla/5.0 (Linux; Android 7.1.1; Moto X Play Build/NPD26.48-24-1) AppleWebKit/537.36 (KHTML, like Gecko) Chrome/63.0.3239.111 Mobile Safari/537.36"
127.0.0.1 - - [04/Jan/2018:03:03:12 -0600] "GET /obtenernotificaciones/ HTTP/1.1" 200 378 "http://127.0.0.1/upload/" "Mozilla/5.0 (X11; Ubuntu; Linux x86_64; rv:57.0) Gecko/20100101 Firefox/57.0"
192.168.1.69 - - [04/Jan/2018:03:03:13 -0600] "GET /obtenernotificaciones/ HTTP/1.1" 200 378 "http://192.168.1.74/upload/" "Mozilla/5.0 (Linux; Android 7.1.1; Moto X Play Build/NPD26.48-24-1) AppleWebKit/537.36 (KHTML, like Gecko) Chrome/63.0.3239.111 Mobile Safari/537.36"
127.0.0.1 - - [04/Jan/2018:03:03:15 -0600] "GET /obtenernotificaciones/ HTTP/1.1" 200 378 "http://127.0.0.1/upload/" "Mozilla/5.0 (X11; Ubuntu; Linux x86_64; rv:57.0) Gecko/20100101 Firefox/57.0"
192.168.1.69 - - [04/Jan/2018:03:03:16 -0600] "GET /obtenernotificaciones/ HTTP/1.1" 200 378 "http://192.168.1.74/upload/" "Mozilla/5.0 (Linux; Android 7.1.1; Moto X Play Build/NPD26.48-24-1) AppleWebKit/537.36 (KHTML, like Gecko) Chrome/63.0.3239.111 Mobile Safari/537.36"
127.0.0.1 - - [04/Jan/2018:03:03:18 -0600] "GET /obtenernotificaciones/ HTTP/1.1" 200 378 "http://127.0.0.1/upload/" "Mozilla/5.0 (X11; Ubuntu; Linux x86_64; rv:57.0) Gecko/20100101 Firefox/57.0"
192.168.1.69 - - [04/Jan/2018:03:03:19 -0600] "GET /obtenernotificaciones/ HTTP/1.1" 200 378 "http://192.168.1.74/upload/" "Mozilla/5.0 (Linux; Android 7.1.1; Moto X Play Build/NPD26.48-24-1) AppleWebKit/537.36 (KHTML, like Gecko) Chrome/63.0.3239.111 Mobile Safari/537.36"
127.0.0.1 - - [04/Jan/2018:03:03:21 -0600] "GET /obtenernotificaciones/ HTTP/1.1" 200 378 "http://127.0.0.1/upload/" "Mozilla/5.0 (X11; Ubuntu; Linux x86_64; rv:57.0) Gecko/20100101 Firefox/57.0"
192.168.1.69 - - [04/Jan/2018:03:03:22 -0600] "GET /obtenernotificaciones/ HTTP/1.1" 200 378 "http://192.168.1.74/upload/" "Mozilla/5.0 (Linux; Android 7.1.1; Moto X Play Build/NPD26.48-24-1) AppleWebKit/537.36 (KHTML, like Gecko) Chrome/63.0.3239.111 Mobile Safari/537.36"
127.0.0.1 - - [04/Jan/2018:03:03:24 -0600] "GET /obtenernotificaciones/ HTTP/1.1" 200 378 "http://127.0.0.1/upload/" "Mozilla/5.0 (X11; Ubuntu; Linux x86_64; rv:57.0) Gecko/20100101 Firefox/57.0"
192.168.1.69 - - [04/Jan/2018:03:03:25 -0600] "GET /obtenernotificaciones/ HTTP/1.1" 200 378 "http://192.168.1.74/upload/" "Mozilla/5.0 (Linux; Android 7.1.1; Moto X Play Build/NPD26.48-24-1) AppleWebKit/537.36 (KHTML, like Gecko) Chrome/63.0.3239.111 Mobile Safari/537.36"
127.0.0.1 - - [04/Jan/2018:03:03:27 -0600] "GET /obtenernotificaciones/ HTTP/1.1" 200 378 "http://127.0.0.1/upload/" "Mozilla/5.0 (X11; Ubuntu; Linux x86_64; rv:57.0) Gecko/20100101 Firefox/57.0"
192.168.1.69 - - [04/Jan/2018:03:03:28 -0600] "GET /obtenernotificaciones/ HTTP/1.1" 200 378 "http://192.168.1.74/upload/" "Mozilla/5.0 (Linux; Android 7.1.1; Moto X Play Build/NPD26.48-24-1) AppleWebKit/537.36 (KHTML, like Gecko) Chrome/63.0.3239.111 Mobile Safari/537.36"
127.0.0.1 - - [04/Jan/2018:03:03:30 -0600] "GET /obtenernotificaciones/ HTTP/1.1" 200 378 "http://127.0.0.1/upload/" "Mozilla/5.0 (X11; Ubuntu; Linux x86_64; rv:57.0) Gecko/20100101 Firefox/57.0"
192.168.1.69 - - [04/Jan/2018:03:03:31 -0600] "GET /obtenernotificaciones/ HTTP/1.1" 200 378 "http://192.168.1.74/upload/" "Mozilla/5.0 (Linux; Android 7.1.1; Moto X Play Build/NPD26.48-24-1) AppleWebKit/537.36 (KHTML, like Gecko) Chrome/63.0.3239.111 Mobile Safari/537.36"
127.0.0.1 - - [04/Jan/2018:03:03:33 -0600] "GET /obtenernotificaciones/ HTTP/1.1" 200 378 "http://127.0.0.1/upload/" "Mozilla/5.0 (X11; Ubuntu; Linux x86_64; rv:57.0) Gecko/20100101 Firefox/57.0"
192.168.1.69 - - [04/Jan/2018:03:03:34 -0600] "GET /obtenernotificaciones/ HTTP/1.1" 200 378 "http://192.168.1.74/upload/" "Mozilla/5.0 (Linux; Android 7.1.1; Moto X Play Build/NPD26.48-24-1) AppleWebKit/537.36 (KHTML, like Gecko) Chrome/63.0.3239.111 Mobile Safari/537.36"
127.0.0.1 - - [04/Jan/2018:03:03:36 -0600] "GET /obtenernotificaciones/ HTTP/1.1" 200 378 "http://127.0.0.1/upload/" "Mozilla/5.0 (X11; Ubuntu; Linux x86_64; rv:57.0) Gecko/20100101 Firefox/57.0"
192.168.1.69 - - [04/Jan/2018:03:03:37 -0600] "GET /obtenernotificaciones/ HTTP/1.1" 200 378 "http://192.168.1.74/upload/" "Mozilla/5.0 (Linux; Android 7.1.1; Moto X Play Build/NPD26.48-24-1) AppleWebKit/537.36 (KHTML, like Gecko) Chrome/63.0.3239.111 Mobile Safari/537.36"
127.0.0.1 - - [04/Jan/2018:03:03:39 -0600] "GET /obtenernotificaciones/ HTTP/1.1" 200 378 "http://127.0.0.1/upload/" "Mozilla/5.0 (X11; Ubuntu; Linux x86_64; rv:57.0) Gecko/20100101 Firefox/57.0"
192.168.1.69 - - [04/Jan/2018:03:03:40 -0600] "GET /obtenernotificaciones/ HTTP/1.1" 200 378 "http://192.168.1.74/upload/" "Mozilla/5.0 (Linux; Android 7.1.1; Moto X Play Build/NPD26.48-24-1) AppleWebKit/537.36 (KHTML, like Gecko) Chrome/63.0.3239.111 Mobile Safari/537.36"
127.0.0.1 - - [04/Jan/2018:03:03:42 -0600] "GET /obtenernotificaciones/ HTTP/1.1" 200 378 "http://127.0.0.1/upload/" "Mozilla/5.0 (X11; Ubuntu; Linux x86_64; rv:57.0) Gecko/20100101 Firefox/57.0"
127.0.0.1 - - [04/Jan/2018:03:03:45 -0600] "GET /obtenernotificaciones/ HTTP/1.1" 200 378 "http://127.0.0.1/upload/" "Mozilla/5.0 (X11; Ubuntu; Linux x86_64; rv:57.0) Gecko/20100101 Firefox/57.0"
192.168.1.69 - - [04/Jan/2018:03:03:45 -0600] "GET /obtenernotificaciones/ HTTP/1.1" 200 378 "http://192.168.1.74/upload/" "Mozilla/5.0 (Linux; Android 7.1.1; Moto X Play Build/NPD26.48-24-1) AppleWebKit/537.36 (KHTML, like Gecko) Chrome/63.0.3239.111 Mobile Safari/537.36"
192.168.1.69 - - [04/Jan/2018:03:03:46 -0600] "GET /obtenernotificaciones/ HTTP/1.1" 200 378 "http://192.168.1.74/upload/" "Mozilla/5.0 (Linux; Android 7.1.1; Moto X Play Build/NPD26.48-24-1) AppleWebKit/537.36 (KHTML, like Gecko) Chrome/63.0.3239.111 Mobile Safari/537.36"
127.0.0.1 - - [04/Jan/2018:03:03:48 -0600] "GET /obtenernotificaciones/ HTTP/1.1" 200 378 "http://127.0.0.1/upload/" "Mozilla/5.0 (X11; Ubuntu; Linux x86_64; rv:57.0) Gecko/20100101 Firefox/57.0"
192.168.1.69 - - [04/Jan/2018:03:03:49 -0600] "GET /obtenernotificaciones/ HTTP/1.1" 200 378 "http://192.168.1.74/upload/" "Mozilla/5.0 (Linux; Android 7.1.1; Moto X Play Build/NPD26.48-24-1) AppleWebKit/537.36 (KHTML, like Gecko) Chrome/63.0.3239.111 Mobile Safari/537.36"
127.0.0.1 - - [04/Jan/2018:03:03:51 -0600] "GET /obtenernotificaciones/ HTTP/1.1" 200 378 "http://127.0.0.1/upload/" "Mozilla/5.0 (X11; Ubuntu; Linux x86_64; rv:57.0) Gecko/20100101 Firefox/57.0"
192.168.1.69 - - [04/Jan/2018:03:03:52 -0600] "GET /obtenernotificaciones/ HTTP/1.1" 200 378 "http://192.168.1.74/upload/" "Mozilla/5.0 (Linux; Android 7.1.1; Moto X Play Build/NPD26.48-24-1) AppleWebKit/537.36 (KHTML, like Gecko) Chrome/63.0.3239.111 Mobile Safari/537.36"
127.0.0.1 - - [04/Jan/2018:03:03:54 -0600] "GET /obtenernotificaciones/ HTTP/1.1" 200 378 "http://127.0.0.1/upload/" "Mozilla/5.0 (X11; Ubuntu; Linux x86_64; rv:57.0) Gecko/20100101 Firefox/57.0"
192.168.1.69 - - [04/Jan/2018:03:03:55 -0600] "GET /obtenernotificaciones/ HTTP/1.1" 200 378 "http://192.168.1.74/upload/" "Mozilla/5.0 (Linux; Android 7.1.1; Moto X Play Build/NPD26.48-24-1) AppleWebKit/537.36 (KHTML, like Gecko) Chrome/63.0.3239.111 Mobile Safari/537.36"
127.0.0.1 - - [04/Jan/2018:03:03:57 -0600] "GET /obtenernotificaciones/ HTTP/1.1" 200 378 "http://127.0.0.1/upload/" "Mozilla/5.0 (X11; Ubuntu; Linux x86_64; rv:57.0) Gecko/20100101 Firefox/57.0"
192.168.1.69 - - [04/Jan/2018:03:03:58 -0600] "GET /obtenernotificaciones/ HTTP/1.1" 200 378 "http://192.168.1.74/upload/" "Mozilla/5.0 (Linux; Android 7.1.1; Moto X Play Build/NPD26.48-24-1) AppleWebKit/537.36 (KHTML, like Gecko) Chrome/63.0.3239.111 Mobile Safari/537.36"
127.0.0.1 - - [04/Jan/2018:03:04:00 -0600] "GET /obtenernotificaciones/ HTTP/1.1" 200 378 "http://127.0.0.1/upload/" "Mozilla/5.0 (X11; Ubuntu; Linux x86_64; rv:57.0) Gecko/20100101 Firefox/57.0"
192.168.1.69 - - [04/Jan/2018:03:04:01 -0600] "GET /obtenernotificaciones/ HTTP/1.1" 200 378 "http://192.168.1.74/upload/" "Mozilla/5.0 (Linux; Android 7.1.1; Moto X Play Build/NPD26.48-24-1) AppleWebKit/537.36 (KHTML, like Gecko) Chrome/63.0.3239.111 Mobile Safari/537.36"
127.0.0.1 - - [04/Jan/2018:03:04:02 -0600] "POST /upload/ HTTP/1.1" 408 0 "http://127.0.0.1/upload/" "Mozilla/5.0 (X11; Ubuntu; Linux x86_64; rv:57.0) Gecko/20100101 Firefox/57.0"
127.0.0.1 - - [04/Jan/2018:03:04:03 -0600] "GET /obtenernotificaciones/ HTTP/1.1" 200 378 "http://127.0.0.1/upload/" "Mozilla/5.0 (X11; Ubuntu; Linux x86_64; rv:57.0) Gecko/20100101 Firefox/57.0"
192.168.1.69 - - [04/Jan/2018:03:04:04 -0600] "GET /obtenernotificaciones/ HTTP/1.1" 200 378 "http://192.168.1.74/upload/" "Mozilla/5.0 (Linux; Android 7.1.1; Moto X Play Build/NPD26.48-24-1) AppleWebKit/537.36 (KHTML, like Gecko) Chrome/63.0.3239.111 Mobile Safari/537.36"
127.0.0.1 - - [04/Jan/2018:03:04:06 -0600] "GET /obtenernotificaciones/ HTTP/1.1" 200 378 "http://127.0.0.1/upload/" "Mozilla/5.0 (X11; Ubuntu; Linux x86_64; rv:57.0) Gecko/20100101 Firefox/57.0"
192.168.1.69 - - [04/Jan/2018:03:04:07 -0600] "GET /obtenernotificaciones/ HTTP/1.1" 200 378 "http://192.168.1.74/upload/" "Mozilla/5.0 (Linux; Android 7.1.1; Moto X Play Build/NPD26.48-24-1) AppleWebKit/537.36 (KHTML, like Gecko) Chrome/63.0.3239.111 Mobile Safari/537.36"
127.0.0.1 - - [04/Jan/2018:03:04:09 -0600] "GET /obtenernotificaciones/ HTTP/1.1" 200 378 "http://127.0.0.1/upload/" "Mozilla/5.0 (X11; Ubuntu; Linux x86_64; rv:57.0) Gecko/20100101 Firefox/57.0"
192.168.1.69 - - [04/Jan/2018:03:04:10 -0600] "GET /obtenernotificaciones/ HTTP/1.1" 200 378 "http://192.168.1.74/upload/" "Mozilla/5.0 (Linux; Android 7.1.1; Moto X Play Build/NPD26.48-24-1) AppleWebKit/537.36 (KHTML, like Gecko) Chrome/63.0.3239.111 Mobile Safari/537.36"
127.0.0.1 - - [04/Jan/2018:03:04:12 -0600] "GET /obtenernotificaciones/ HTTP/1.1" 200 378 "http://127.0.0.1/upload/" "Mozilla/5.0 (X11; Ubuntu; Linux x86_64; rv:57.0) Gecko/20100101 Firefox/57.0"
192.168.1.69 - - [04/Jan/2018:03:04:13 -0600] "GET /obtenernotificaciones/ HTTP/1.1" 200 378 "http://192.168.1.74/upload/" "Mozilla/5.0 (Linux; Android 7.1.1; Moto X Play Build/NPD26.48-24-1) AppleWebKit/537.36 (KHTML, like Gecko) Chrome/63.0.3239.111 Mobile Safari/537.36"
127.0.0.1 - - [04/Jan/2018:03:04:15 -0600] "GET /obtenernotificaciones/ HTTP/1.1" 200 378 "http://127.0.0.1/upload/" "Mozilla/5.0 (X11; Ubuntu; Linux x86_64; rv:57.0) Gecko/20100101 Firefox/57.0"
192.168.1.69 - - [04/Jan/2018:03:04:16 -0600] "GET /obtenernotificaciones/ HTTP/1.1" 200 378 "http://192.168.1.74/upload/" "Mozilla/5.0 (Linux; Android 7.1.1; Moto X Play Build/NPD26.48-24-1) AppleWebKit/537.36 (KHTML, like Gecko) Chrome/63.0.3239.111 Mobile Safari/537.36"
127.0.0.1 - - [04/Jan/2018:03:04:18 -0600] "GET /obtenernotificaciones/ HTTP/1.1" 200 378 "http://127.0.0.1/upload/" "Mozilla/5.0 (X11; Ubuntu; Linux x86_64; rv:57.0) Gecko/20100101 Firefox/57.0"
192.168.1.69 - - [04/Jan/2018:03:04:19 -0600] "GET /obtenernotificaciones/ HTTP/1.1" 200 378 "http://192.168.1.74/upload/" "Mozilla/5.0 (Linux; Android 7.1.1; Moto X Play Build/NPD26.48-24-1) AppleWebKit/537.36 (KHTML, like Gecko) Chrome/63.0.3239.111 Mobile Safari/537.36"
127.0.0.1 - - [04/Jan/2018:03:04:21 -0600] "GET /obtenernotificaciones/ HTTP/1.1" 200 378 "http://127.0.0.1/upload/" "Mozilla/5.0 (X11; Ubuntu; Linux x86_64; rv:57.0) Gecko/20100101 Firefox/57.0"
192.168.1.69 - - [04/Jan/2018:03:04:22 -0600] "GET /obtenernotificaciones/ HTTP/1.1" 200 378 "http://192.168.1.74/upload/" "Mozilla/5.0 (Linux; Android 7.1.1; Moto X Play Build/NPD26.48-24-1) AppleWebKit/537.36 (KHTML, like Gecko) Chrome/63.0.3239.111 Mobile Safari/537.36"
127.0.0.1 - - [04/Jan/2018:03:04:24 -0600] "GET /obtenernotificaciones/ HTTP/1.1" 200 378 "http://127.0.0.1/upload/" "Mozilla/5.0 (X11; Ubuntu; Linux x86_64; rv:57.0) Gecko/20100101 Firefox/57.0"
192.168.1.69 - - [04/Jan/2018:03:04:25 -0600] "GET /obtenernotificaciones/ HTTP/1.1" 200 378 "http://192.168.1.74/upload/" "Mozilla/5.0 (Linux; Android 7.1.1; Moto X Play Build/NPD26.48-24-1) AppleWebKit/537.36 (KHTML, like Gecko) Chrome/63.0.3239.111 Mobile Safari/537.36"
127.0.0.1 - - [04/Jan/2018:03:04:27 -0600] "GET /obtenernotificaciones/ HTTP/1.1" 200 378 "http://127.0.0.1/upload/" "Mozilla/5.0 (X11; Ubuntu; Linux x86_64; rv:57.0) Gecko/20100101 Firefox/57.0"
192.168.1.69 - - [04/Jan/2018:03:04:28 -0600] "GET /obtenernotificaciones/ HTTP/1.1" 200 378 "http://192.168.1.74/upload/" "Mozilla/5.0 (Linux; Android 7.1.1; Moto X Play Build/NPD26.48-24-1) AppleWebKit/537.36 (KHTML, like Gecko) Chrome/63.0.3239.111 Mobile Safari/537.36"
127.0.0.1 - - [04/Jan/2018:03:04:30 -0600] "GET /obtenernotificaciones/ HTTP/1.1" 200 378 "http://127.0.0.1/upload/" "Mozilla/5.0 (X11; Ubuntu; Linux x86_64; rv:57.0) Gecko/20100101 Firefox/57.0"
192.168.1.69 - - [04/Jan/2018:03:04:31 -0600] "GET /obtenernotificaciones/ HTTP/1.1" 200 378 "http://192.168.1.74/upload/" "Mozilla/5.0 (Linux; Android 7.1.1; Moto X Play Build/NPD26.48-24-1) AppleWebKit/537.36 (KHTML, like Gecko) Chrome/63.0.3239.111 Mobile Safari/537.36"
127.0.0.1 - - [04/Jan/2018:03:04:33 -0600] "GET /obtenernotificaciones/ HTTP/1.1" 200 378 "http://127.0.0.1/upload/" "Mozilla/5.0 (X11; Ubuntu; Linux x86_64; rv:57.0) Gecko/20100101 Firefox/57.0"
192.168.1.69 - - [04/Jan/2018:03:04:34 -0600] "GET /obtenernotificaciones/ HTTP/1.1" 200 378 "http://192.168.1.74/upload/" "Mozilla/5.0 (Linux; Android 7.1.1; Moto X Play Build/NPD26.48-24-1) AppleWebKit/537.36 (KHTML, like Gecko) Chrome/63.0.3239.111 Mobile Safari/537.36"
127.0.0.1 - - [04/Jan/2018:03:04:36 -0600] "GET /obtenernotificaciones/ HTTP/1.1" 200 378 "http://127.0.0.1/upload/" "Mozilla/5.0 (X11; Ubuntu; Linux x86_64; rv:57.0) Gecko/20100101 Firefox/57.0"
192.168.1.69 - - [04/Jan/2018:03:04:37 -0600] "GET /obtenernotificaciones/ HTTP/1.1" 200 378 "http://192.168.1.74/upload/" "Mozilla/5.0 (Linux; Android 7.1.1; Moto X Play Build/NPD26.48-24-1) AppleWebKit/537.36 (KHTML, like Gecko) Chrome/63.0.3239.111 Mobile Safari/537.36"
127.0.0.1 - - [04/Jan/2018:03:04:39 -0600] "GET /obtenernotificaciones/ HTTP/1.1" 200 378 "http://127.0.0.1/upload/" "Mozilla/5.0 (X11; Ubuntu; Linux x86_64; rv:57.0) Gecko/20100101 Firefox/57.0"
192.168.1.69 - - [04/Jan/2018:03:04:40 -0600] "GET /obtenernotificaciones/ HTTP/1.1" 200 378 "http://192.168.1.74/upload/" "Mozilla/5.0 (Linux; Android 7.1.1; Moto X Play Build/NPD26.48-24-1) AppleWebKit/537.36 (KHTML, like Gecko) Chrome/63.0.3239.111 Mobile Safari/537.36"
127.0.0.1 - - [04/Jan/2018:03:04:42 -0600] "GET /obtenernotificaciones/ HTTP/1.1" 200 378 "http://127.0.0.1/upload/" "Mozilla/5.0 (X11; Ubuntu; Linux x86_64; rv:57.0) Gecko/20100101 Firefox/57.0"
192.168.1.69 - - [04/Jan/2018:03:04:43 -0600] "GET /obtenernotificaciones/ HTTP/1.1" 200 378 "http://192.168.1.74/upload/" "Mozilla/5.0 (Linux; Android 7.1.1; Moto X Play Build/NPD26.48-24-1) AppleWebKit/537.36 (KHTML, like Gecko) Chrome/63.0.3239.111 Mobile Safari/537.36"
127.0.0.1 - - [04/Jan/2018:03:04:45 -0600] "GET /obtenernotificaciones/ HTTP/1.1" 200 378 "http://127.0.0.1/upload/" "Mozilla/5.0 (X11; Ubuntu; Linux x86_64; rv:57.0) Gecko/20100101 Firefox/57.0"
192.168.1.69 - - [04/Jan/2018:03:04:46 -0600] "GET /obtenernotificaciones/ HTTP/1.1" 200 378 "http://192.168.1.74/upload/" "Mozilla/5.0 (Linux; Android 7.1.1; Moto X Play Build/NPD26.48-24-1) AppleWebKit/537.36 (KHTML, like Gecko) Chrome/63.0.3239.111 Mobile Safari/537.36"
127.0.0.1 - - [04/Jan/2018:03:04:48 -0600] "GET /obtenernotificaciones/ HTTP/1.1" 200 378 "http://127.0.0.1/upload/" "Mozilla/5.0 (X11; Ubuntu; Linux x86_64; rv:57.0) Gecko/20100101 Firefox/57.0"
192.168.1.69 - - [04/Jan/2018:03:04:49 -0600] "GET /obtenernotificaciones/ HTTP/1.1" 200 378 "http://192.168.1.74/upload/" "Mozilla/5.0 (Linux; Android 7.1.1; Moto X Play Build/NPD26.48-24-1) AppleWebKit/537.36 (KHTML, like Gecko) Chrome/63.0.3239.111 Mobile Safari/537.36"
127.0.0.1 - - [04/Jan/2018:03:04:51 -0600] "GET /obtenernotificaciones/ HTTP/1.1" 200 378 "http://127.0.0.1/upload/" "Mozilla/5.0 (X11; Ubuntu; Linux x86_64; rv:57.0) Gecko/20100101 Firefox/57.0"
127.0.0.1 - - [04/Jan/2018:03:04:51 -0600] "GET / HTTP/1.1" 200 6447 "-" "Mozilla/5.0 (X11; Ubuntu; Linux x86_64; rv:57.0) Gecko/20100101 Firefox/57.0"
127.0.0.1 - - [04/Jan/2018:03:04:51 -0600] "GET /static/js/bootstrap-fileprogress.js HTTP/1.1" 404 152 "http://127.0.0.1/" "Mozilla/5.0 (X11; Ubuntu; Linux x86_64; rv:57.0) Gecko/20100101 Firefox/57.0"
127.0.0.1 - - [04/Jan/2018:03:04:51 -0600] "GET /media/thumbnails/use_your_head.gif HTTP/1.1" 403 152 "http://127.0.0.1/" "Mozilla/5.0 (X11; Ubuntu; Linux x86_64; rv:57.0) Gecko/20100101 Firefox/57.0"
127.0.0.1 - - [04/Jan/2018:03:04:51 -0600] "GET /media/thumbnails/use_your_head_3GmI5Mv.gif HTTP/1.1" 403 152 "http://127.0.0.1/" "Mozilla/5.0 (X11; Ubuntu; Linux x86_64; rv:57.0) Gecko/20100101 Firefox/57.0"
127.0.0.1 - - [04/Jan/2018:03:04:51 -0600] "GET /media/ HTTP/1.1" 403 152 "http://127.0.0.1/" "Mozilla/5.0 (X11; Ubuntu; Linux x86_64; rv:57.0) Gecko/20100101 Firefox/57.0"
127.0.0.1 - - [04/Jan/2018:03:04:51 -0600] "GET /media//home/carlos/Escritorio/tutub/media/thumbnails/bob_esponja_SoCXkz4..gif HTTP/1.1" 404 152 "http://127.0.0.1/" "Mozilla/5.0 (X11; Ubuntu; Linux x86_64; rv:57.0) Gecko/20100101 Firefox/57.0"
127.0.0.1 - - [04/Jan/2018:03:04:51 -0600] "GET /media/bob_esponja_1mPoEn8.gif HTTP/1.1" 404 152 "http://127.0.0.1/" "Mozilla/5.0 (X11; Ubuntu; Linux x86_64; rv:57.0) Gecko/20100101 Firefox/57.0"
127.0.0.1 - - [04/Jan/2018:03:04:51 -0600] "GET /media/thumbnails/use_your_head_m1Nq265.gif HTTP/1.1" 403 152 "http://127.0.0.1/" "Mozilla/5.0 (X11; Ubuntu; Linux x86_64; rv:57.0) Gecko/20100101 Firefox/57.0"
127.0.0.1 - - [04/Jan/2018:03:04:51 -0600] "GET /static/js/bootstrap-fileprogress.js HTTP/1.1" 404 152 "http://127.0.0.1/" "Mozilla/5.0 (X11; Ubuntu; Linux x86_64; rv:57.0) Gecko/20100101 Firefox/57.0"
127.0.0.1 - - [04/Jan/2018:03:04:51 -0600] "GET /media/thumbnails/use_your_head.gif HTTP/1.1" 403 152 "http://127.0.0.1/" "Mozilla/5.0 (X11; Ubuntu; Linux x86_64; rv:57.0) Gecko/20100101 Firefox/57.0"
127.0.0.1 - - [04/Jan/2018:03:04:51 -0600] "GET /media/thumbnails/use_your_head_3GmI5Mv.gif HTTP/1.1" 403 152 "http://127.0.0.1/" "Mozilla/5.0 (X11; Ubuntu; Linux x86_64; rv:57.0) Gecko/20100101 Firefox/57.0"
127.0.0.1 - - [04/Jan/2018:03:04:51 -0600] "GET /media/ HTTP/1.1" 403 152 "http://127.0.0.1/" "Mozilla/5.0 (X11; Ubuntu; Linux x86_64; rv:57.0) Gecko/20100101 Firefox/57.0"
127.0.0.1 - - [04/Jan/2018:03:04:51 -0600] "GET /media//home/carlos/Escritorio/tutub/media/thumbnails/bob_esponja_SoCXkz4..gif HTTP/1.1" 404 152 "http://127.0.0.1/" "Mozilla/5.0 (X11; Ubuntu; Linux x86_64; rv:57.0) Gecko/20100101 Firefox/57.0"
127.0.0.1 - - [04/Jan/2018:03:04:51 -0600] "GET /media/bob_esponja_1mPoEn8.gif HTTP/1.1" 404 152 "http://127.0.0.1/" "Mozilla/5.0 (X11; Ubuntu; Linux x86_64; rv:57.0) Gecko/20100101 Firefox/57.0"
127.0.0.1 - - [04/Jan/2018:03:04:51 -0600] "GET /media/thumbnails/use_your_head_m1Nq265.gif HTTP/1.1" 403 152 "http://127.0.0.1/" "Mozilla/5.0 (X11; Ubuntu; Linux x86_64; rv:57.0) Gecko/20100101 Firefox/57.0"
127.0.0.1 - - [04/Jan/2018:03:04:51 -0600] "GET /media//thumbnails/2400677-hi.gif HTTP/1.1" 200 245461 "http://127.0.0.1/" "Mozilla/5.0 (X11; Ubuntu; Linux x86_64; rv:57.0) Gecko/20100101 Firefox/57.0"
127.0.0.1 - - [04/Jan/2018:03:04:51 -0600] "GET /media//thumbnails/2400677-hi_0R6zx4c.gif HTTP/1.1" 200 3001722 "http://127.0.0.1/" "Mozilla/5.0 (X11; Ubuntu; Linux x86_64; rv:57.0) Gecko/20100101 Firefox/57.0"
127.0.0.1 - - [04/Jan/2018:03:04:51 -0600] "GET /media//thumbnails/2400677-hi_y3czTUQ.gif HTTP/1.1" 200 1268048 "http://127.0.0.1/" "Mozilla/5.0 (X11; Ubuntu; Linux x86_64; rv:57.0) Gecko/20100101 Firefox/57.0"
127.0.0.1 - - [04/Jan/2018:03:04:51 -0600] "GET /media//thumbnails/b.gif HTTP/1.1" 200 3361194 "http://127.0.0.1/" "Mozilla/5.0 (X11; Ubuntu; Linux x86_64; rv:57.0) Gecko/20100101 Firefox/57.0"
127.0.0.1 - - [04/Jan/2018:03:04:51 -0600] "GET /media//thumbnails/bob_esponja.gif HTTP/1.1" 200 3333562 "http://127.0.0.1/" "Mozilla/5.0 (X11; Ubuntu; Linux x86_64; rv:57.0) Gecko/20100101 Firefox/57.0"
127.0.0.1 - - [04/Jan/2018:03:04:51 -0600] "GET /media//thumbnails/bob_esponja_OlknGdk.gif HTTP/1.1" 304 0 "http://127.0.0.1/" "Mozilla/5.0 (X11; Ubuntu; Linux x86_64; rv:57.0) Gecko/20100101 Firefox/57.0"
127.0.0.1 - - [04/Jan/2018:03:04:51 -0600] "GET /media//thumbnails/235279-hi.gif HTTP/1.1" 304 0 "http://127.0.0.1/" "Mozilla/5.0 (X11; Ubuntu; Linux x86_64; rv:57.0) Gecko/20100101 Firefox/57.0"
127.0.0.1 - - [04/Jan/2018:03:04:51 -0600] "GET /media//thumbnails/823829-hi.gif HTTP/1.1" 304 0 "http://127.0.0.1/" "Mozilla/5.0 (X11; Ubuntu; Linux x86_64; rv:57.0) Gecko/20100101 Firefox/57.0"
127.0.0.1 - - [04/Jan/2018:03:04:51 -0600] "GET /obtenernotificaciones/ HTTP/1.1" 200 378 "http://127.0.0.1/" "Mozilla/5.0 (X11; Ubuntu; Linux x86_64; rv:57.0) Gecko/20100101 Firefox/57.0"
192.168.1.69 - - [04/Jan/2018:03:04:52 -0600] "GET /obtenernotificaciones/ HTTP/1.1" 200 378 "http://192.168.1.74/upload/" "Mozilla/5.0 (Linux; Android 7.1.1; Moto X Play Build/NPD26.48-24-1) AppleWebKit/537.36 (KHTML, like Gecko) Chrome/63.0.3239.111 Mobile Safari/537.36"
127.0.0.1 - - [04/Jan/2018:03:04:54 -0600] "GET /obtenernotificaciones/ HTTP/1.1" 200 378 "http://127.0.0.1/upload/" "Mozilla/5.0 (X11; Ubuntu; Linux x86_64; rv:57.0) Gecko/20100101 Firefox/57.0"
127.0.0.1 - - [04/Jan/2018:03:04:54 -0600] "GET /obtenernotificaciones/ HTTP/1.1" 200 378 "http://127.0.0.1/" "Mozilla/5.0 (X11; Ubuntu; Linux x86_64; rv:57.0) Gecko/20100101 Firefox/57.0"
127.0.0.1 - - [04/Jan/2018:03:04:57 -0600] "GET /obtenernotificaciones/ HTTP/1.1" 200 378 "http://127.0.0.1/upload/" "Mozilla/5.0 (X11; Ubuntu; Linux x86_64; rv:57.0) Gecko/20100101 Firefox/57.0"
192.168.1.69 - - [04/Jan/2018:03:04:57 -0600] "GET /obtenernotificaciones/ HTTP/1.1" 200 378 "http://192.168.1.74/upload/" "Mozilla/5.0 (Linux; Android 7.1.1; Moto X Play Build/NPD26.48-24-1) AppleWebKit/537.36 (KHTML, like Gecko) Chrome/63.0.3239.111 Mobile Safari/537.36"
192.168.1.69 - - [04/Jan/2018:03:04:58 -0600] "GET /obtenernotificaciones/ HTTP/1.1" 200 378 "http://192.168.1.74/upload/" "Mozilla/5.0 (Linux; Android 7.1.1; Moto X Play Build/NPD26.48-24-1) AppleWebKit/537.36 (KHTML, like Gecko) Chrome/63.0.3239.111 Mobile Safari/537.36"
127.0.0.1 - - [04/Jan/2018:03:04:58 -0600] "GET /obtenernotificaciones/ HTTP/1.1" 200 378 "http://127.0.0.1/" "Mozilla/5.0 (X11; Ubuntu; Linux x86_64; rv:57.0) Gecko/20100101 Firefox/57.0"
127.0.0.1 - - [04/Jan/2018:03:05:00 -0600] "GET /obtenernotificaciones/ HTTP/1.1" 200 378 "http://127.0.0.1/upload/" "Mozilla/5.0 (X11; Ubuntu; Linux x86_64; rv:57.0) Gecko/20100101 Firefox/57.0"
127.0.0.1 - - [04/Jan/2018:03:05:01 -0600] "GET /obtenernotificaciones/ HTTP/1.1" 200 378 "http://127.0.0.1/" "Mozilla/5.0 (X11; Ubuntu; Linux x86_64; rv:57.0) Gecko/20100101 Firefox/57.0"
192.168.1.69 - - [04/Jan/2018:03:05:01 -0600] "GET /obtenernotificaciones/ HTTP/1.1" 200 378 "http://192.168.1.74/upload/" "Mozilla/5.0 (Linux; Android 7.1.1; Moto X Play Build/NPD26.48-24-1) AppleWebKit/537.36 (KHTML, like Gecko) Chrome/63.0.3239.111 Mobile Safari/537.36"
127.0.0.1 - - [04/Jan/2018:03:05:02 -0600] "POST /upload/ HTTP/1.1" 408 0 "http://127.0.0.1/upload/" "Mozilla/5.0 (X11; Ubuntu; Linux x86_64; rv:57.0) Gecko/20100101 Firefox/57.0"
127.0.0.1 - - [04/Jan/2018:03:05:03 -0600] "GET /obtenernotificaciones/ HTTP/1.1" 200 378 "http://127.0.0.1/upload/" "Mozilla/5.0 (X11; Ubuntu; Linux x86_64; rv:57.0) Gecko/20100101 Firefox/57.0"
127.0.0.1 - - [04/Jan/2018:03:05:04 -0600] "GET /obtenernotificaciones/ HTTP/1.1" 200 378 "http://127.0.0.1/" "Mozilla/5.0 (X11; Ubuntu; Linux x86_64; rv:57.0) Gecko/20100101 Firefox/57.0"
192.168.1.69 - - [04/Jan/2018:03:05:04 -0600] "GET /obtenernotificaciones/ HTTP/1.1" 200 378 "http://192.168.1.74/upload/" "Mozilla/5.0 (Linux; Android 7.1.1; Moto X Play Build/NPD26.48-24-1) AppleWebKit/537.36 (KHTML, like Gecko) Chrome/63.0.3239.111 Mobile Safari/537.36"
127.0.0.1 - - [04/Jan/2018:03:05:06 -0600] "GET /obtenernotificaciones/ HTTP/1.1" 200 378 "http://127.0.0.1/upload/" "Mozilla/5.0 (X11; Ubuntu; Linux x86_64; rv:57.0) Gecko/20100101 Firefox/57.0"
127.0.0.1 - - [04/Jan/2018:03:05:07 -0600] "GET /obtenernotificaciones/ HTTP/1.1" 200 378 "http://127.0.0.1/" "Mozilla/5.0 (X11; Ubuntu; Linux x86_64; rv:57.0) Gecko/20100101 Firefox/57.0"
192.168.1.69 - - [04/Jan/2018:03:05:07 -0600] "GET /obtenernotificaciones/ HTTP/1.1" 200 378 "http://192.168.1.74/upload/" "Mozilla/5.0 (Linux; Android 7.1.1; Moto X Play Build/NPD26.48-24-1) AppleWebKit/537.36 (KHTML, like Gecko) Chrome/63.0.3239.111 Mobile Safari/537.36"
127.0.0.1 - - [04/Jan/2018:03:05:09 -0600] "GET /obtenernotificaciones/ HTTP/1.1" 200 378 "http://127.0.0.1/upload/" "Mozilla/5.0 (X11; Ubuntu; Linux x86_64; rv:57.0) Gecko/20100101 Firefox/57.0"
192.168.1.69 - - [04/Jan/2018:03:05:10 -0600] "GET /obtenernotificaciones/ HTTP/1.1" 200 378 "http://192.168.1.74/upload/" "Mozilla/5.0 (Linux; Android 7.1.1; Moto X Play Build/NPD26.48-24-1) AppleWebKit/537.36 (KHTML, like Gecko) Chrome/63.0.3239.111 Mobile Safari/537.36"
127.0.0.1 - - [04/Jan/2018:03:05:10 -0600] "GET /obtenernotificaciones/ HTTP/1.1" 200 378 "http://127.0.0.1/" "Mozilla/5.0 (X11; Ubuntu; Linux x86_64; rv:57.0) Gecko/20100101 Firefox/57.0"
127.0.0.1 - - [04/Jan/2018:03:05:12 -0600] "GET /obtenernotificaciones/ HTTP/1.1" 200 378 "http://127.0.0.1/upload/" "Mozilla/5.0 (X11; Ubuntu; Linux x86_64; rv:57.0) Gecko/20100101 Firefox/57.0"
192.168.1.69 - - [04/Jan/2018:03:05:13 -0600] "GET /obtenernotificaciones/ HTTP/1.1" 200 378 "http://192.168.1.74/upload/" "Mozilla/5.0 (Linux; Android 7.1.1; Moto X Play Build/NPD26.48-24-1) AppleWebKit/537.36 (KHTML, like Gecko) Chrome/63.0.3239.111 Mobile Safari/537.36"
127.0.0.1 - - [04/Jan/2018:03:05:13 -0600] "GET /obtenernotificaciones/ HTTP/1.1" 200 378 "http://127.0.0.1/" "Mozilla/5.0 (X11; Ubuntu; Linux x86_64; rv:57.0) Gecko/20100101 Firefox/57.0"
127.0.0.1 - - [04/Jan/2018:03:05:15 -0600] "GET /obtenernotificaciones/ HTTP/1.1" 200 378 "http://127.0.0.1/upload/" "Mozilla/5.0 (X11; Ubuntu; Linux x86_64; rv:57.0) Gecko/20100101 Firefox/57.0"
192.168.1.69 - - [04/Jan/2018:03:05:16 -0600] "GET /obtenernotificaciones/ HTTP/1.1" 200 378 "http://192.168.1.74/upload/" "Mozilla/5.0 (Linux; Android 7.1.1; Moto X Play Build/NPD26.48-24-1) AppleWebKit/537.36 (KHTML, like Gecko) Chrome/63.0.3239.111 Mobile Safari/537.36"
127.0.0.1 - - [04/Jan/2018:03:05:16 -0600] "GET /obtenernotificaciones/ HTTP/1.1" 200 378 "http://127.0.0.1/" "Mozilla/5.0 (X11; Ubuntu; Linux x86_64; rv:57.0) Gecko/20100101 Firefox/57.0"
127.0.0.1 - - [04/Jan/2018:03:05:18 -0600] "GET /obtenernotificaciones/ HTTP/1.1" 200 378 "http://127.0.0.1/upload/" "Mozilla/5.0 (X11; Ubuntu; Linux x86_64; rv:57.0) Gecko/20100101 Firefox/57.0"
192.168.1.69 - - [04/Jan/2018:03:05:19 -0600] "GET /obtenernotificaciones/ HTTP/1.1" 200 378 "http://192.168.1.74/upload/" "Mozilla/5.0 (Linux; Android 7.1.1; Moto X Play Build/NPD26.48-24-1) AppleWebKit/537.36 (KHTML, like Gecko) Chrome/63.0.3239.111 Mobile Safari/537.36"
127.0.0.1 - - [04/Jan/2018:03:05:19 -0600] "GET /obtenernotificaciones/ HTTP/1.1" 200 378 "http://127.0.0.1/" "Mozilla/5.0 (X11; Ubuntu; Linux x86_64; rv:57.0) Gecko/20100101 Firefox/57.0"
127.0.0.1 - - [04/Jan/2018:03:05:21 -0600] "GET /obtenernotificaciones/ HTTP/1.1" 200 378 "http://127.0.0.1/upload/" "Mozilla/5.0 (X11; Ubuntu; Linux x86_64; rv:57.0) Gecko/20100101 Firefox/57.0"
192.168.1.69 - - [04/Jan/2018:03:05:22 -0600] "GET /obtenernotificaciones/ HTTP/1.1" 200 378 "http://192.168.1.74/upload/" "Mozilla/5.0 (Linux; Android 7.1.1; Moto X Play Build/NPD26.48-24-1) AppleWebKit/537.36 (KHTML, like Gecko) Chrome/63.0.3239.111 Mobile Safari/537.36"
127.0.0.1 - - [04/Jan/2018:03:05:22 -0600] "GET /obtenernotificaciones/ HTTP/1.1" 200 378 "http://127.0.0.1/" "Mozilla/5.0 (X11; Ubuntu; Linux x86_64; rv:57.0) Gecko/20100101 Firefox/57.0"
127.0.0.1 - - [04/Jan/2018:03:05:24 -0600] "GET /obtenernotificaciones/ HTTP/1.1" 200 378 "http://127.0.0.1/upload/" "Mozilla/5.0 (X11; Ubuntu; Linux x86_64; rv:57.0) Gecko/20100101 Firefox/57.0"
192.168.1.69 - - [04/Jan/2018:03:05:25 -0600] "GET /obtenernotificaciones/ HTTP/1.1" 200 378 "http://192.168.1.74/upload/" "Mozilla/5.0 (Linux; Android 7.1.1; Moto X Play Build/NPD26.48-24-1) AppleWebKit/537.36 (KHTML, like Gecko) Chrome/63.0.3239.111 Mobile Safari/537.36"
127.0.0.1 - - [04/Jan/2018:03:05:25 -0600] "GET /obtenernotificaciones/ HTTP/1.1" 200 378 "http://127.0.0.1/" "Mozilla/5.0 (X11; Ubuntu; Linux x86_64; rv:57.0) Gecko/20100101 Firefox/57.0"
127.0.0.1 - - [04/Jan/2018:03:05:27 -0600] "GET /obtenernotificaciones/ HTTP/1.1" 200 378 "http://127.0.0.1/upload/" "Mozilla/5.0 (X11; Ubuntu; Linux x86_64; rv:57.0) Gecko/20100101 Firefox/57.0"
192.168.1.69 - - [04/Jan/2018:03:05:28 -0600] "GET /obtenernotificaciones/ HTTP/1.1" 200 378 "http://192.168.1.74/upload/" "Mozilla/5.0 (Linux; Android 7.1.1; Moto X Play Build/NPD26.48-24-1) AppleWebKit/537.36 (KHTML, like Gecko) Chrome/63.0.3239.111 Mobile Safari/537.36"
127.0.0.1 - - [04/Jan/2018:03:05:28 -0600] "GET /obtenernotificaciones/ HTTP/1.1" 200 378 "http://127.0.0.1/" "Mozilla/5.0 (X11; Ubuntu; Linux x86_64; rv:57.0) Gecko/20100101 Firefox/57.0"
127.0.0.1 - - [04/Jan/2018:03:05:30 -0600] "GET /obtenernotificaciones/ HTTP/1.1" 200 378 "http://127.0.0.1/upload/" "Mozilla/5.0 (X11; Ubuntu; Linux x86_64; rv:57.0) Gecko/20100101 Firefox/57.0"
192.168.1.69 - - [04/Jan/2018:03:05:31 -0600] "GET /obtenernotificaciones/ HTTP/1.1" 200 378 "http://192.168.1.74/upload/" "Mozilla/5.0 (Linux; Android 7.1.1; Moto X Play Build/NPD26.48-24-1) AppleWebKit/537.36 (KHTML, like Gecko) Chrome/63.0.3239.111 Mobile Safari/537.36"
127.0.0.1 - - [04/Jan/2018:03:05:31 -0600] "GET /obtenernotificaciones/ HTTP/1.1" 200 378 "http://127.0.0.1/" "Mozilla/5.0 (X11; Ubuntu; Linux x86_64; rv:57.0) Gecko/20100101 Firefox/57.0"
127.0.0.1 - - [04/Jan/2018:03:05:33 -0600] "GET /obtenernotificaciones/ HTTP/1.1" 200 378 "http://127.0.0.1/upload/" "Mozilla/5.0 (X11; Ubuntu; Linux x86_64; rv:57.0) Gecko/20100101 Firefox/57.0"
192.168.1.69 - - [04/Jan/2018:03:05:34 -0600] "GET /obtenernotificaciones/ HTTP/1.1" 200 378 "http://192.168.1.74/upload/" "Mozilla/5.0 (Linux; Android 7.1.1; Moto X Play Build/NPD26.48-24-1) AppleWebKit/537.36 (KHTML, like Gecko) Chrome/63.0.3239.111 Mobile Safari/537.36"
127.0.0.1 - - [04/Jan/2018:03:05:34 -0600] "GET /obtenernotificaciones/ HTTP/1.1" 200 378 "http://127.0.0.1/" "Mozilla/5.0 (X11; Ubuntu; Linux x86_64; rv:57.0) Gecko/20100101 Firefox/57.0"
127.0.0.1 - - [04/Jan/2018:03:05:36 -0600] "GET /obtenernotificaciones/ HTTP/1.1" 200 378 "http://127.0.0.1/upload/" "Mozilla/5.0 (X11; Ubuntu; Linux x86_64; rv:57.0) Gecko/20100101 Firefox/57.0"
192.168.1.69 - - [04/Jan/2018:03:05:37 -0600] "GET /obtenernotificaciones/ HTTP/1.1" 200 378 "http://192.168.1.74/upload/" "Mozilla/5.0 (Linux; Android 7.1.1; Moto X Play Build/NPD26.48-24-1) AppleWebKit/537.36 (KHTML, like Gecko) Chrome/63.0.3239.111 Mobile Safari/537.36"
127.0.0.1 - - [04/Jan/2018:03:05:37 -0600] "GET /obtenernotificaciones/ HTTP/1.1" 200 378 "http://127.0.0.1/" "Mozilla/5.0 (X11; Ubuntu; Linux x86_64; rv:57.0) Gecko/20100101 Firefox/57.0"
127.0.0.1 - - [04/Jan/2018:03:05:39 -0600] "GET /obtenernotificaciones/ HTTP/1.1" 200 378 "http://127.0.0.1/upload/" "Mozilla/5.0 (X11; Ubuntu; Linux x86_64; rv:57.0) Gecko/20100101 Firefox/57.0"
192.168.1.69 - - [04/Jan/2018:03:05:40 -0600] "GET /obtenernotificaciones/ HTTP/1.1" 200 378 "http://192.168.1.74/upload/" "Mozilla/5.0 (Linux; Android 7.1.1; Moto X Play Build/NPD26.48-24-1) AppleWebKit/537.36 (KHTML, like Gecko) Chrome/63.0.3239.111 Mobile Safari/537.36"
127.0.0.1 - - [04/Jan/2018:03:05:40 -0600] "GET /obtenernotificaciones/ HTTP/1.1" 200 378 "http://127.0.0.1/" "Mozilla/5.0 (X11; Ubuntu; Linux x86_64; rv:57.0) Gecko/20100101 Firefox/57.0"
127.0.0.1 - - [04/Jan/2018:03:05:42 -0600] "GET /obtenernotificaciones/ HTTP/1.1" 200 378 "http://127.0.0.1/upload/" "Mozilla/5.0 (X11; Ubuntu; Linux x86_64; rv:57.0) Gecko/20100101 Firefox/57.0"
192.168.1.69 - - [04/Jan/2018:03:05:43 -0600] "GET /obtenernotificaciones/ HTTP/1.1" 200 378 "http://192.168.1.74/upload/" "Mozilla/5.0 (Linux; Android 7.1.1; Moto X Play Build/NPD26.48-24-1) AppleWebKit/537.36 (KHTML, like Gecko) Chrome/63.0.3239.111 Mobile Safari/537.36"
127.0.0.1 - - [04/Jan/2018:03:05:43 -0600] "GET /obtenernotificaciones/ HTTP/1.1" 200 378 "http://127.0.0.1/" "Mozilla/5.0 (X11; Ubuntu; Linux x86_64; rv:57.0) Gecko/20100101 Firefox/57.0"
127.0.0.1 - - [04/Jan/2018:03:05:45 -0600] "GET /obtenernotificaciones/ HTTP/1.1" 200 378 "http://127.0.0.1/upload/" "Mozilla/5.0 (X11; Ubuntu; Linux x86_64; rv:57.0) Gecko/20100101 Firefox/57.0"
192.168.1.69 - - [04/Jan/2018:03:05:46 -0600] "GET /obtenernotificaciones/ HTTP/1.1" 200 378 "http://192.168.1.74/upload/" "Mozilla/5.0 (Linux; Android 7.1.1; Moto X Play Build/NPD26.48-24-1) AppleWebKit/537.36 (KHTML, like Gecko) Chrome/63.0.3239.111 Mobile Safari/537.36"
127.0.0.1 - - [04/Jan/2018:03:05:46 -0600] "GET /obtenernotificaciones/ HTTP/1.1" 200 378 "http://127.0.0.1/" "Mozilla/5.0 (X11; Ubuntu; Linux x86_64; rv:57.0) Gecko/20100101 Firefox/57.0"
127.0.0.1 - - [04/Jan/2018:03:05:48 -0600] "GET /obtenernotificaciones/ HTTP/1.1" 200 378 "http://127.0.0.1/upload/" "Mozilla/5.0 (X11; Ubuntu; Linux x86_64; rv:57.0) Gecko/20100101 Firefox/57.0"
192.168.1.69 - - [04/Jan/2018:03:05:49 -0600] "GET /obtenernotificaciones/ HTTP/1.1" 200 378 "http://192.168.1.74/upload/" "Mozilla/5.0 (Linux; Android 7.1.1; Moto X Play Build/NPD26.48-24-1) AppleWebKit/537.36 (KHTML, like Gecko) Chrome/63.0.3239.111 Mobile Safari/537.36"
127.0.0.1 - - [04/Jan/2018:03:05:49 -0600] "GET /obtenernotificaciones/ HTTP/1.1" 200 378 "http://127.0.0.1/" "Mozilla/5.0 (X11; Ubuntu; Linux x86_64; rv:57.0) Gecko/20100101 Firefox/57.0"
127.0.0.1 - - [04/Jan/2018:03:05:51 -0600] "GET /obtenernotificaciones/ HTTP/1.1" 200 378 "http://127.0.0.1/upload/" "Mozilla/5.0 (X11; Ubuntu; Linux x86_64; rv:57.0) Gecko/20100101 Firefox/57.0"
192.168.1.69 - - [04/Jan/2018:03:05:52 -0600] "GET /obtenernotificaciones/ HTTP/1.1" 200 378 "http://192.168.1.74/upload/" "Mozilla/5.0 (Linux; Android 7.1.1; Moto X Play Build/NPD26.48-24-1) AppleWebKit/537.36 (KHTML, like Gecko) Chrome/63.0.3239.111 Mobile Safari/537.36"
127.0.0.1 - - [04/Jan/2018:03:05:52 -0600] "GET /obtenernotificaciones/ HTTP/1.1" 200 378 "http://127.0.0.1/" "Mozilla/5.0 (X11; Ubuntu; Linux x86_64; rv:57.0) Gecko/20100101 Firefox/57.0"
127.0.0.1 - - [04/Jan/2018:03:05:54 -0600] "GET /obtenernotificaciones/ HTTP/1.1" 200 378 "http://127.0.0.1/upload/" "Mozilla/5.0 (X11; Ubuntu; Linux x86_64; rv:57.0) Gecko/20100101 Firefox/57.0"
192.168.1.69 - - [04/Jan/2018:03:05:55 -0600] "GET /obtenernotificaciones/ HTTP/1.1" 200 378 "http://192.168.1.74/upload/" "Mozilla/5.0 (Linux; Android 7.1.1; Moto X Play Build/NPD26.48-24-1) AppleWebKit/537.36 (KHTML, like Gecko) Chrome/63.0.3239.111 Mobile Safari/537.36"
127.0.0.1 - - [04/Jan/2018:03:05:55 -0600] "GET /obtenernotificaciones/ HTTP/1.1" 200 378 "http://127.0.0.1/" "Mozilla/5.0 (X11; Ubuntu; Linux x86_64; rv:57.0) Gecko/20100101 Firefox/57.0"
127.0.0.1 - - [04/Jan/2018:03:05:57 -0600] "GET /obtenernotificaciones/ HTTP/1.1" 200 378 "http://127.0.0.1/upload/" "Mozilla/5.0 (X11; Ubuntu; Linux x86_64; rv:57.0) Gecko/20100101 Firefox/57.0"
192.168.1.69 - - [04/Jan/2018:03:05:58 -0600] "GET /obtenernotificaciones/ HTTP/1.1" 200 378 "http://192.168.1.74/upload/" "Mozilla/5.0 (Linux; Android 7.1.1; Moto X Play Build/NPD26.48-24-1) AppleWebKit/537.36 (KHTML, like Gecko) Chrome/63.0.3239.111 Mobile Safari/537.36"
127.0.0.1 - - [04/Jan/2018:03:05:58 -0600] "GET /obtenernotificaciones/ HTTP/1.1" 200 378 "http://127.0.0.1/" "Mozilla/5.0 (X11; Ubuntu; Linux x86_64; rv:57.0) Gecko/20100101 Firefox/57.0"
