192.168.1.69 - - [04/Jan/2018:02:57:04 -0600] "GET /obtenernotificaciones/ HTTP/1.1" 200 378 "http://192.168.1.74/upload/" "Mozilla/5.0 (Linux; Android 7.1.1; Moto X Play Build/NPD26.48-24-1) AppleWebKit/537.36 (KHTML, like Gecko) Chrome/63.0.3239.111 Mobile Safari/537.36"
127.0.0.1 - - [04/Jan/2018:02:57:05 -0600] "GET /obtenernotificaciones/ HTTP/1.1" 200 378 "http://127.0.0.1/filtro/recientes/" "Mozilla/5.0 (X11; Ubuntu; Linux x86_64; rv:57.0) Gecko/20100101 Firefox/57.0"
192.168.1.69 - - [04/Jan/2018:02:57:07 -0600] "GET /obtenernotificaciones/ HTTP/1.1" 200 378 "http://192.168.1.74/upload/" "Mozilla/5.0 (Linux; Android 7.1.1; Moto X Play Build/NPD26.48-24-1) AppleWebKit/537.36 (KHTML, like Gecko) Chrome/63.0.3239.111 Mobile Safari/537.36"
127.0.0.1 - - [04/Jan/2018:02:57:08 -0600] "GET /obtenernotificaciones/ HTTP/1.1" 200 378 "http://127.0.0.1/filtro/recientes/" "Mozilla/5.0 (X11; Ubuntu; Linux x86_64; rv:57.0) Gecko/20100101 Firefox/57.0"
192.168.1.69 - - [04/Jan/2018:02:57:10 -0600] "GET /obtenernotificaciones/ HTTP/1.1" 200 378 "http://192.168.1.74/upload/" "Mozilla/5.0 (Linux; Android 7.1.1; Moto X Play Build/NPD26.48-24-1) AppleWebKit/537.36 (KHTML, like Gecko) Chrome/63.0.3239.111 Mobile Safari/537.36"
127.0.0.1 - - [04/Jan/2018:02:57:11 -0600] "GET /obtenernotificaciones/ HTTP/1.1" 200 378 "http://127.0.0.1/filtro/recientes/" "Mozilla/5.0 (X11; Ubuntu; Linux x86_64; rv:57.0) Gecko/20100101 Firefox/57.0"
192.168.1.69 - - [04/Jan/2018:02:57:12 -0600] "GET /obtenernotificaciones/ HTTP/1.1" 200 378 "http://192.168.1.74/upload/" "Mozilla/5.0 (Linux; Android 7.1.1; Moto X Play Build/NPD26.48-24-1) AppleWebKit/537.36 (KHTML, like Gecko) Chrome/63.0.3239.111 Mobile Safari/537.36"
127.0.0.1 - - [04/Jan/2018:02:57:14 -0600] "GET /obtenernotificaciones/ HTTP/1.1" 200 378 "http://127.0.0.1/filtro/recientes/" "Mozilla/5.0 (X11; Ubuntu; Linux x86_64; rv:57.0) Gecko/20100101 Firefox/57.0"
192.168.1.69 - - [04/Jan/2018:02:57:16 -0600] "GET /obtenernotificaciones/ HTTP/1.1" 200 378 "http://192.168.1.74/upload/" "Mozilla/5.0 (Linux; Android 7.1.1; Moto X Play Build/NPD26.48-24-1) AppleWebKit/537.36 (KHTML, like Gecko) Chrome/63.0.3239.111 Mobile Safari/537.36"
127.0.0.1 - - [04/Jan/2018:02:57:17 -0600] "GET /obtenernotificaciones/ HTTP/1.1" 200 378 "http://127.0.0.1/filtro/recientes/" "Mozilla/5.0 (X11; Ubuntu; Linux x86_64; rv:57.0) Gecko/20100101 Firefox/57.0"
192.168.1.69 - - [04/Jan/2018:02:57:19 -0600] "GET /obtenernotificaciones/ HTTP/1.1" 200 378 "http://192.168.1.74/upload/" "Mozilla/5.0 (Linux; Android 7.1.1; Moto X Play Build/NPD26.48-24-1) AppleWebKit/537.36 (KHTML, like Gecko) Chrome/63.0.3239.111 Mobile Safari/537.36"
127.0.0.1 - - [04/Jan/2018:02:57:20 -0600] "GET /obtenernotificaciones/ HTTP/1.1" 200 378 "http://127.0.0.1/filtro/recientes/" "Mozilla/5.0 (X11; Ubuntu; Linux x86_64; rv:57.0) Gecko/20100101 Firefox/57.0"
192.168.1.69 - - [04/Jan/2018:02:57:22 -0600] "GET /obtenernotificaciones/ HTTP/1.1" 200 378 "http://192.168.1.74/upload/" "Mozilla/5.0 (Linux; Android 7.1.1; Moto X Play Build/NPD26.48-24-1) AppleWebKit/537.36 (KHTML, like Gecko) Chrome/63.0.3239.111 Mobile Safari/537.36"
127.0.0.1 - - [04/Jan/2018:02:57:23 -0600] "GET /obtenernotificaciones/ HTTP/1.1" 200 378 "http://127.0.0.1/filtro/recientes/" "Mozilla/5.0 (X11; Ubuntu; Linux x86_64; rv:57.0) Gecko/20100101 Firefox/57.0"
192.168.1.69 - - [04/Jan/2018:02:57:24 -0600] "GET /obtenernotificaciones/ HTTP/1.1" 200 378 "http://192.168.1.74/upload/" "Mozilla/5.0 (Linux; Android 7.1.1; Moto X Play Build/NPD26.48-24-1) AppleWebKit/537.36 (KHTML, like Gecko) Chrome/63.0.3239.111 Mobile Safari/537.36"
127.0.0.1 - - [04/Jan/2018:02:57:26 -0600] "GET /obtenernotificaciones/ HTTP/1.1" 200 378 "http://127.0.0.1/filtro/recientes/" "Mozilla/5.0 (X11; Ubuntu; Linux x86_64; rv:57.0) Gecko/20100101 Firefox/57.0"
192.168.1.69 - - [04/Jan/2018:02:57:28 -0600] "GET /obtenernotificaciones/ HTTP/1.1" 200 378 "http://192.168.1.74/upload/" "Mozilla/5.0 (Linux; Android 7.1.1; Moto X Play Build/NPD26.48-24-1) AppleWebKit/537.36 (KHTML, like Gecko) Chrome/63.0.3239.111 Mobile Safari/537.36"
127.0.0.1 - - [04/Jan/2018:02:57:29 -0600] "GET /obtenernotificaciones/ HTTP/1.1" 200 378 "http://127.0.0.1/filtro/recientes/" "Mozilla/5.0 (X11; Ubuntu; Linux x86_64; rv:57.0) Gecko/20100101 Firefox/57.0"
192.168.1.69 - - [04/Jan/2018:02:57:31 -0600] "GET /obtenernotificaciones/ HTTP/1.1" 200 378 "http://192.168.1.74/upload/" "Mozilla/5.0 (Linux; Android 7.1.1; Moto X Play Build/NPD26.48-24-1) AppleWebKit/537.36 (KHTML, like Gecko) Chrome/63.0.3239.111 Mobile Safari/537.36"
127.0.0.1 - - [04/Jan/2018:02:57:32 -0600] "GET /obtenernotificaciones/ HTTP/1.1" 200 378 "http://127.0.0.1/filtro/recientes/" "Mozilla/5.0 (X11; Ubuntu; Linux x86_64; rv:57.0) Gecko/20100101 Firefox/57.0"
192.168.1.69 - - [04/Jan/2018:02:57:34 -0600] "GET /obtenernotificaciones/ HTTP/1.1" 200 378 "http://192.168.1.74/upload/" "Mozilla/5.0 (Linux; Android 7.1.1; Moto X Play Build/NPD26.48-24-1) AppleWebKit/537.36 (KHTML, like Gecko) Chrome/63.0.3239.111 Mobile Safari/537.36"
127.0.0.1 - - [04/Jan/2018:02:57:34 -0600] "GET /filtro/recientes/ HTTP/1.1" 200 6467 "http://127.0.0.1/videos/" "Mozilla/5.0 (X11; Ubuntu; Linux x86_64; rv:57.0) Gecko/20100101 Firefox/57.0"
127.0.0.1 - - [04/Jan/2018:02:57:34 -0600] "GET /static/bootstrap/vendor/bootstrap/css/bootstrap.min.css HTTP/1.1" 304 0 "http://127.0.0.1/filtro/recientes/" "Mozilla/5.0 (X11; Ubuntu; Linux x86_64; rv:57.0) Gecko/20100101 Firefox/57.0"
127.0.0.1 - - [04/Jan/2018:02:57:34 -0600] "GET /static/bootstrap/vendor/font-awesome/css/font-awesome.min.css HTTP/1.1" 304 0 "http://127.0.0.1/filtro/recientes/" "Mozilla/5.0 (X11; Ubuntu; Linux x86_64; rv:57.0) Gecko/20100101 Firefox/57.0"
127.0.0.1 - - [04/Jan/2018:02:57:34 -0600] "GET /static/bootstrap/css/sb-admin.css HTTP/1.1" 304 0 "http://127.0.0.1/filtro/recientes/" "Mozilla/5.0 (X11; Ubuntu; Linux x86_64; rv:57.0) Gecko/20100101 Firefox/57.0"
127.0.0.1 - - [04/Jan/2018:02:57:34 -0600] "GET /static/bootstrap/vendor/jquery/jquery.min.js HTTP/1.1" 304 0 "http://127.0.0.1/filtro/recientes/" "Mozilla/5.0 (X11; Ubuntu; Linux x86_64; rv:57.0) Gecko/20100101 Firefox/57.0"
127.0.0.1 - - [04/Jan/2018:02:57:34 -0600] "GET /static/js/base.js HTTP/1.1" 304 0 "http://127.0.0.1/filtro/recientes/" "Mozilla/5.0 (X11; Ubuntu; Linux x86_64; rv:57.0) Gecko/20100101 Firefox/57.0"
127.0.0.1 - - [04/Jan/2018:02:57:34 -0600] "GET /static/js/busqueda.js HTTP/1.1" 304 0 "http://127.0.0.1/filtro/recientes/" "Mozilla/5.0 (X11; Ubuntu; Linux x86_64; rv:57.0) Gecko/20100101 Firefox/57.0"
127.0.0.1 - - [04/Jan/2018:02:57:34 -0600] "GET /static/css/videos.css HTTP/1.1" 304 0 "http://127.0.0.1/filtro/recientes/" "Mozilla/5.0 (X11; Ubuntu; Linux x86_64; rv:57.0) Gecko/20100101 Firefox/57.0"
127.0.0.1 - - [04/Jan/2018:02:57:34 -0600] "GET /static/js/bootstrap-fileprogress.js HTTP/1.1" 404 152 "http://127.0.0.1/filtro/recientes/" "Mozilla/5.0 (X11; Ubuntu; Linux x86_64; rv:57.0) Gecko/20100101 Firefox/57.0"
127.0.0.1 - - [04/Jan/2018:02:57:34 -0600] "GET /media/thumbnails/use_your_head_m1Nq265.gif HTTP/1.1" 403 152 "http://127.0.0.1/filtro/recientes/" "Mozilla/5.0 (X11; Ubuntu; Linux x86_64; rv:57.0) Gecko/20100101 Firefox/57.0"
127.0.0.1 - - [04/Jan/2018:02:57:34 -0600] "GET /media/bob_esponja_1mPoEn8.gif HTTP/1.1" 404 152 "http://127.0.0.1/filtro/recientes/" "Mozilla/5.0 (X11; Ubuntu; Linux x86_64; rv:57.0) Gecko/20100101 Firefox/57.0"
127.0.0.1 - - [04/Jan/2018:02:57:34 -0600] "GET /media//home/carlos/Escritorio/tutub/media/thumbnails/bob_esponja_SoCXkz4..gif HTTP/1.1" 404 152 "http://127.0.0.1/filtro/recientes/" "Mozilla/5.0 (X11; Ubuntu; Linux x86_64; rv:57.0) Gecko/20100101 Firefox/57.0"
127.0.0.1 - - [04/Jan/2018:02:57:34 -0600] "GET /media/ HTTP/1.1" 403 152 "http://127.0.0.1/filtro/recientes/" "Mozilla/5.0 (X11; Ubuntu; Linux x86_64; rv:57.0) Gecko/20100101 Firefox/57.0"
127.0.0.1 - - [04/Jan/2018:02:57:34 -0600] "GET /media/thumbnails/use_your_head_3GmI5Mv.gif HTTP/1.1" 403 152 "http://127.0.0.1/filtro/recientes/" "Mozilla/5.0 (X11; Ubuntu; Linux x86_64; rv:57.0) Gecko/20100101 Firefox/57.0"
127.0.0.1 - - [04/Jan/2018:02:57:34 -0600] "GET /media/thumbnails/use_your_head.gif HTTP/1.1" 403 152 "http://127.0.0.1/filtro/recientes/" "Mozilla/5.0 (X11; Ubuntu; Linux x86_64; rv:57.0) Gecko/20100101 Firefox/57.0"
127.0.0.1 - - [04/Jan/2018:02:57:34 -0600] "GET /static/bootstrap/vendor/bootstrap/js/bootstrap.bundle.min.js HTTP/1.1" 304 0 "http://127.0.0.1/filtro/recientes/" "Mozilla/5.0 (X11; Ubuntu; Linux x86_64; rv:57.0) Gecko/20100101 Firefox/57.0"
127.0.0.1 - - [04/Jan/2018:02:57:34 -0600] "GET /static/bootstrap/vendor/jquery-easing/jquery.easing.min.js HTTP/1.1" 304 0 "http://127.0.0.1/filtro/recientes/" "Mozilla/5.0 (X11; Ubuntu; Linux x86_64; rv:57.0) Gecko/20100101 Firefox/57.0"
127.0.0.1 - - [04/Jan/2018:02:57:34 -0600] "GET /static/bootstrap/js/sb-admin.min.js HTTP/1.1" 304 0 "http://127.0.0.1/filtro/recientes/" "Mozilla/5.0 (X11; Ubuntu; Linux x86_64; rv:57.0) Gecko/20100101 Firefox/57.0"
127.0.0.1 - - [04/Jan/2018:02:57:34 -0600] "GET /static/js/bootstrap-fileprogress.js HTTP/1.1" 404 152 "http://127.0.0.1/filtro/recientes/" "Mozilla/5.0 (X11; Ubuntu; Linux x86_64; rv:57.0) Gecko/20100101 Firefox/57.0"
127.0.0.1 - - [04/Jan/2018:02:57:34 -0600] "GET /media//thumbnails/823829-hi.gif HTTP/1.1" 304 0 "http://127.0.0.1/filtro/recientes/" "Mozilla/5.0 (X11; Ubuntu; Linux x86_64; rv:57.0) Gecko/20100101 Firefox/57.0"
127.0.0.1 - - [04/Jan/2018:02:57:34 -0600] "GET /media//thumbnails/235279-hi.gif HTTP/1.1" 304 0 "http://127.0.0.1/filtro/recientes/" "Mozilla/5.0 (X11; Ubuntu; Linux x86_64; rv:57.0) Gecko/20100101 Firefox/57.0"
127.0.0.1 - - [04/Jan/2018:02:57:34 -0600] "GET /media//thumbnails/bob_esponja_OlknGdk.gif HTTP/1.1" 304 0 "http://127.0.0.1/filtro/recientes/" "Mozilla/5.0 (X11; Ubuntu; Linux x86_64; rv:57.0) Gecko/20100101 Firefox/57.0"
127.0.0.1 - - [04/Jan/2018:02:57:34 -0600] "GET /media//thumbnails/bob_esponja.gif HTTP/1.1" 200 3333562 "http://127.0.0.1/filtro/recientes/" "Mozilla/5.0 (X11; Ubuntu; Linux x86_64; rv:57.0) Gecko/20100101 Firefox/57.0"
127.0.0.1 - - [04/Jan/2018:02:57:34 -0600] "GET /media//thumbnails/b.gif HTTP/1.1" 200 3361194 "http://127.0.0.1/filtro/recientes/" "Mozilla/5.0 (X11; Ubuntu; Linux x86_64; rv:57.0) Gecko/20100101 Firefox/57.0"
127.0.0.1 - - [04/Jan/2018:02:57:34 -0600] "GET /media//thumbnails/2400677-hi_y3czTUQ.gif HTTP/1.1" 200 1268048 "http://127.0.0.1/filtro/recientes/" "Mozilla/5.0 (X11; Ubuntu; Linux x86_64; rv:57.0) Gecko/20100101 Firefox/57.0"
127.0.0.1 - - [04/Jan/2018:02:57:34 -0600] "GET /media//thumbnails/2400677-hi_0R6zx4c.gif HTTP/1.1" 200 3001722 "http://127.0.0.1/filtro/recientes/" "Mozilla/5.0 (X11; Ubuntu; Linux x86_64; rv:57.0) Gecko/20100101 Firefox/57.0"
127.0.0.1 - - [04/Jan/2018:02:57:34 -0600] "GET /media//thumbnails/2400677-hi.gif HTTP/1.1" 200 245461 "http://127.0.0.1/filtro/recientes/" "Mozilla/5.0 (X11; Ubuntu; Linux x86_64; rv:57.0) Gecko/20100101 Firefox/57.0"
127.0.0.1 - - [04/Jan/2018:02:57:34 -0600] "GET /media//thumbnails/output_SVICLxL.gif HTTP/1.1" 304 0 "http://127.0.0.1/filtro/recientes/" "Mozilla/5.0 (X11; Ubuntu; Linux x86_64; rv:57.0) Gecko/20100101 Firefox/57.0"
127.0.0.1 - - [04/Jan/2018:02:57:34 -0600] "GET /media//thumbnails/bob_esponja_QbDfEK7.gif HTTP/1.1" 304 0 "http://127.0.0.1/filtro/recientes/" "Mozilla/5.0 (X11; Ubuntu; Linux x86_64; rv:57.0) Gecko/20100101 Firefox/57.0"
127.0.0.1 - - [04/Jan/2018:02:57:34 -0600] "GET /media//thumbnails/output_Lo62uY1.gif HTTP/1.1" 304 0 "http://127.0.0.1/filtro/recientes/" "Mozilla/5.0 (X11; Ubuntu; Linux x86_64; rv:57.0) Gecko/20100101 Firefox/57.0"
127.0.0.1 - - [04/Jan/2018:02:57:34 -0600] "GET /media//thumbnails/output_gsnvW8H.gif HTTP/1.1" 304 0 "http://127.0.0.1/filtro/recientes/" "Mozilla/5.0 (X11; Ubuntu; Linux x86_64; rv:57.0) Gecko/20100101 Firefox/57.0"
127.0.0.1 - - [04/Jan/2018:02:57:34 -0600] "GET /media//thumbnails/bob_esponja_bS3MYi0.gif HTTP/1.1" 304 0 "http://127.0.0.1/filtro/recientes/" "Mozilla/5.0 (X11; Ubuntu; Linux x86_64; rv:57.0) Gecko/20100101 Firefox/57.0"
127.0.0.1 - - [04/Jan/2018:02:57:34 -0600] "GET /media//thumbnails/bob_esponja_iKHwmMs.gif HTTP/1.1" 304 0 "http://127.0.0.1/filtro/recientes/" "Mozilla/5.0 (X11; Ubuntu; Linux x86_64; rv:57.0) Gecko/20100101 Firefox/57.0"
127.0.0.1 - - [04/Jan/2018:02:57:34 -0600] "GET /media//thumbnails/bob_esponja_Vk4hqkA.gif HTTP/1.1" 304 0 "http://127.0.0.1/filtro/recientes/" "Mozilla/5.0 (X11; Ubuntu; Linux x86_64; rv:57.0) Gecko/20100101 Firefox/57.0"
127.0.0.1 - - [04/Jan/2018:02:57:34 -0600] "GET /media//thumbnails/bob_esponja_N9N6JsP.gif HTTP/1.1" 304 0 "http://127.0.0.1/filtro/recientes/" "Mozilla/5.0 (X11; Ubuntu; Linux x86_64; rv:57.0) Gecko/20100101 Firefox/57.0"
127.0.0.1 - - [04/Jan/2018:02:57:34 -0600] "GET /media//thumbnails/bob_esponja_cQ9Blia.gif HTTP/1.1" 304 0 "http://127.0.0.1/filtro/recientes/" "Mozilla/5.0 (X11; Ubuntu; Linux x86_64; rv:57.0) Gecko/20100101 Firefox/57.0"
127.0.0.1 - - [04/Jan/2018:02:57:34 -0600] "GET /media//thumbnails/bob_esponja_1qkPs5z.gif HTTP/1.1" 304 0 "http://127.0.0.1/filtro/recientes/" "Mozilla/5.0 (X11; Ubuntu; Linux x86_64; rv:57.0) Gecko/20100101 Firefox/57.0"
127.0.0.1 - - [04/Jan/2018:02:57:34 -0600] "GET /media//thumbnails/output.gif HTTP/1.1" 304 0 "http://127.0.0.1/filtro/recientes/" "Mozilla/5.0 (X11; Ubuntu; Linux x86_64; rv:57.0) Gecko/20100101 Firefox/57.0"
127.0.0.1 - - [04/Jan/2018:02:57:34 -0600] "GET /media/thumbnails/use_your_head_m1Nq265.gif HTTP/1.1" 403 152 "http://127.0.0.1/filtro/recientes/" "Mozilla/5.0 (X11; Ubuntu; Linux x86_64; rv:57.0) Gecko/20100101 Firefox/57.0"
127.0.0.1 - - [04/Jan/2018:02:57:34 -0600] "GET /media//thumbnails/bob_esponja_qitkEZX.gif HTTP/1.1" 304 0 "http://127.0.0.1/filtro/recientes/" "Mozilla/5.0 (X11; Ubuntu; Linux x86_64; rv:57.0) Gecko/20100101 Firefox/57.0"
127.0.0.1 - - [04/Jan/2018:02:57:34 -0600] "GET /media/bob_esponja_1mPoEn8.gif HTTP/1.1" 404 152 "http://127.0.0.1/filtro/recientes/" "Mozilla/5.0 (X11; Ubuntu; Linux x86_64; rv:57.0) Gecko/20100101 Firefox/57.0"
127.0.0.1 - - [04/Jan/2018:02:57:34 -0600] "GET /media//home/carlos/Escritorio/tutub/media/thumbnails/bob_esponja_SoCXkz4..gif HTTP/1.1" 404 152 "http://127.0.0.1/filtro/recientes/" "Mozilla/5.0 (X11; Ubuntu; Linux x86_64; rv:57.0) Gecko/20100101 Firefox/57.0"
127.0.0.1 - - [04/Jan/2018:02:57:34 -0600] "GET /media/ HTTP/1.1" 403 152 "http://127.0.0.1/filtro/recientes/" "Mozilla/5.0 (X11; Ubuntu; Linux x86_64; rv:57.0) Gecko/20100101 Firefox/57.0"
127.0.0.1 - - [04/Jan/2018:02:57:34 -0600] "GET /media/thumbnails/use_your_head_3GmI5Mv.gif HTTP/1.1" 403 152 "http://127.0.0.1/filtro/recientes/" "Mozilla/5.0 (X11; Ubuntu; Linux x86_64; rv:57.0) Gecko/20100101 Firefox/57.0"
127.0.0.1 - - [04/Jan/2018:02:57:34 -0600] "GET /media/thumbnails/use_your_had.gif HTTP/1.1" 304 0 "http://127.0.0.1/filtro/recientes/" "Mozilla/5.0 (X11; Ubuntu; Linux x86_64; rv:57.0) Gecko/20100101 Firefox/57.0"
127.0.0.1 - - [04/Jan/2018:02:57:34 -0600] "GET /media/thumbnails/use_your_head.gif HTTP/1.1" 403 152 "http://127.0.0.1/filtro/recientes/" "Mozilla/5.0 (X11; Ubuntu; Linux x86_64; rv:57.0) Gecko/20100101 Firefox/57.0"
127.0.0.1 - - [04/Jan/2018:02:57:34 -0600] "GET /obtenernotificaciones/ HTTP/1.1" 200 378 "http://127.0.0.1/filtro/recientes/" "Mozilla/5.0 (X11; Ubuntu; Linux x86_64; rv:57.0) Gecko/20100101 Firefox/57.0"
192.168.1.69 - - [04/Jan/2018:02:57:36 -0600] "GET /obtenernotificaciones/ HTTP/1.1" 200 378 "http://192.168.1.74/upload/" "Mozilla/5.0 (Linux; Android 7.1.1; Moto X Play Build/NPD26.48-24-1) AppleWebKit/537.36 (KHTML, like Gecko) Chrome/63.0.3239.111 Mobile Safari/537.36"
127.0.0.1 - - [04/Jan/2018:02:57:37 -0600] "GET /obtenernotificaciones/ HTTP/1.1" 200 378 "http://127.0.0.1/filtro/recientes/" "Mozilla/5.0 (X11; Ubuntu; Linux x86_64; rv:57.0) Gecko/20100101 Firefox/57.0"
192.168.1.69 - - [04/Jan/2018:02:57:39 -0600] "GET /obtenernotificaciones/ HTTP/1.1" 200 378 "http://192.168.1.74/upload/" "Mozilla/5.0 (Linux; Android 7.1.1; Moto X Play Build/NPD26.48-24-1) AppleWebKit/537.36 (KHTML, like Gecko) Chrome/63.0.3239.111 Mobile Safari/537.36"
127.0.0.1 - - [04/Jan/2018:02:57:40 -0600] "GET /obtenernotificaciones/ HTTP/1.1" 200 378 "http://127.0.0.1/filtro/recientes/" "Mozilla/5.0 (X11; Ubuntu; Linux x86_64; rv:57.0) Gecko/20100101 Firefox/57.0"
192.168.1.69 - - [04/Jan/2018:02:57:43 -0600] "GET /obtenernotificaciones/ HTTP/1.1" 200 378 "http://192.168.1.74/upload/" "Mozilla/5.0 (Linux; Android 7.1.1; Moto X Play Build/NPD26.48-24-1) AppleWebKit/537.36 (KHTML, like Gecko) Chrome/63.0.3239.111 Mobile Safari/537.36"
127.0.0.1 - - [04/Jan/2018:02:57:43 -0600] "GET /obtenernotificaciones/ HTTP/1.1" 200 378 "http://127.0.0.1/filtro/recientes/" "Mozilla/5.0 (X11; Ubuntu; Linux x86_64; rv:57.0) Gecko/20100101 Firefox/57.0"
192.168.1.69 - - [04/Jan/2018:02:57:45 -0600] "GET /obtenernotificaciones/ HTTP/1.1" 200 378 "http://192.168.1.74/upload/" "Mozilla/5.0 (Linux; Android 7.1.1; Moto X Play Build/NPD26.48-24-1) AppleWebKit/537.36 (KHTML, like Gecko) Chrome/63.0.3239.111 Mobile Safari/537.36"
127.0.0.1 - - [04/Jan/2018:02:57:46 -0600] "GET /obtenernotificaciones/ HTTP/1.1" 200 378 "http://127.0.0.1/filtro/recientes/" "Mozilla/5.0 (X11; Ubuntu; Linux x86_64; rv:57.0) Gecko/20100101 Firefox/57.0"
192.168.1.69 - - [04/Jan/2018:02:57:48 -0600] "GET /obtenernotificaciones/ HTTP/1.1" 200 378 "http://192.168.1.74/upload/" "Mozilla/5.0 (Linux; Android 7.1.1; Moto X Play Build/NPD26.48-24-1) AppleWebKit/537.36 (KHTML, like Gecko) Chrome/63.0.3239.111 Mobile Safari/537.36"
192.168.1.69 - - [04/Jan/2018:02:57:51 -0600] "GET /obtenernotificaciones/ HTTP/1.1" 200 378 "http://192.168.1.74/upload/" "Mozilla/5.0 (Linux; Android 7.1.1; Moto X Play Build/NPD26.48-24-1) AppleWebKit/537.36 (KHTML, like Gecko) Chrome/63.0.3239.111 Mobile Safari/537.36"
192.168.1.69 - - [04/Jan/2018:02:57:55 -0600] "GET /obtenernotificaciones/ HTTP/1.1" 200 378 "http://192.168.1.74/upload/" "Mozilla/5.0 (Linux; Android 7.1.1; Moto X Play Build/NPD26.48-24-1) AppleWebKit/537.36 (KHTML, like Gecko) Chrome/63.0.3239.111 Mobile Safari/537.36"
192.168.1.69 - - [04/Jan/2018:02:57:58 -0600] "GET /obtenernotificaciones/ HTTP/1.1" 200 378 "http://192.168.1.74/upload/" "Mozilla/5.0 (Linux; Android 7.1.1; Moto X Play Build/NPD26.48-24-1) AppleWebKit/537.36 (KHTML, like Gecko) Chrome/63.0.3239.111 Mobile Safari/537.36"
192.168.1.69 - - [04/Jan/2018:02:58:01 -0600] "GET /obtenernotificaciones/ HTTP/1.1" 200 378 "http://192.168.1.74/upload/" "Mozilla/5.0 (Linux; Android 7.1.1; Moto X Play Build/NPD26.48-24-1) AppleWebKit/537.36 (KHTML, like Gecko) Chrome/63.0.3239.111 Mobile Safari/537.36"
192.168.1.69 - - [04/Jan/2018:02:58:03 -0600] "GET /obtenernotificaciones/ HTTP/1.1" 200 378 "http://192.168.1.74/upload/" "Mozilla/5.0 (Linux; Android 7.1.1; Moto X Play Build/NPD26.48-24-1) AppleWebKit/537.36 (KHTML, like Gecko) Chrome/63.0.3239.111 Mobile Safari/537.36"
192.168.1.69 - - [04/Jan/2018:02:58:07 -0600] "GET /obtenernotificaciones/ HTTP/1.1" 200 378 "http://192.168.1.74/upload/" "Mozilla/5.0 (Linux; Android 7.1.1; Moto X Play Build/NPD26.48-24-1) AppleWebKit/537.36 (KHTML, like Gecko) Chrome/63.0.3239.111 Mobile Safari/537.36"
192.168.1.69 - - [04/Jan/2018:02:58:09 -0600] "GET /obtenernotificaciones/ HTTP/1.1" 200 378 "http://192.168.1.74/upload/" "Mozilla/5.0 (Linux; Android 7.1.1; Moto X Play Build/NPD26.48-24-1) AppleWebKit/537.36 (KHTML, like Gecko) Chrome/63.0.3239.111 Mobile Safari/537.36"
192.168.1.69 - - [04/Jan/2018:02:58:13 -0600] "GET /obtenernotificaciones/ HTTP/1.1" 200 378 "http://192.168.1.74/upload/" "Mozilla/5.0 (Linux; Android 7.1.1; Moto X Play Build/NPD26.48-24-1) AppleWebKit/537.36 (KHTML, like Gecko) Chrome/63.0.3239.111 Mobile Safari/537.36"
192.168.1.69 - - [04/Jan/2018:02:58:15 -0600] "GET /obtenernotificaciones/ HTTP/1.1" 200 378 "http://192.168.1.74/upload/" "Mozilla/5.0 (Linux; Android 7.1.1; Moto X Play Build/NPD26.48-24-1) AppleWebKit/537.36 (KHTML, like Gecko) Chrome/63.0.3239.111 Mobile Safari/537.36"
192.168.1.69 - - [04/Jan/2018:02:58:18 -0600] "GET /obtenernotificaciones/ HTTP/1.1" 200 378 "http://192.168.1.74/upload/" "Mozilla/5.0 (Linux; Android 7.1.1; Moto X Play Build/NPD26.48-24-1) AppleWebKit/537.36 (KHTML, like Gecko) Chrome/63.0.3239.111 Mobile Safari/537.36"
192.168.1.69 - - [04/Jan/2018:02:58:22 -0600] "GET /obtenernotificaciones/ HTTP/1.1" 200 378 "http://192.168.1.74/upload/" "Mozilla/5.0 (Linux; Android 7.1.1; Moto X Play Build/NPD26.48-24-1) AppleWebKit/537.36 (KHTML, like Gecko) Chrome/63.0.3239.111 Mobile Safari/537.36"
192.168.1.69 - - [04/Jan/2018:02:58:25 -0600] "GET /obtenernotificaciones/ HTTP/1.1" 200 378 "http://192.168.1.74/upload/" "Mozilla/5.0 (Linux; Android 7.1.1; Moto X Play Build/NPD26.48-24-1) AppleWebKit/537.36 (KHTML, like Gecko) Chrome/63.0.3239.111 Mobile Safari/537.36"
192.168.1.69 - - [04/Jan/2018:02:58:27 -0600] "GET /obtenernotificaciones/ HTTP/1.1" 200 378 "http://192.168.1.74/upload/" "Mozilla/5.0 (Linux; Android 7.1.1; Moto X Play Build/NPD26.48-24-1) AppleWebKit/537.36 (KHTML, like Gecko) Chrome/63.0.3239.111 Mobile Safari/537.36"
192.168.1.69 - - [04/Jan/2018:02:58:30 -0600] "GET /obtenernotificaciones/ HTTP/1.1" 200 378 "http://192.168.1.74/upload/" "Mozilla/5.0 (Linux; Android 7.1.1; Moto X Play Build/NPD26.48-24-1) AppleWebKit/537.36 (KHTML, like Gecko) Chrome/63.0.3239.111 Mobile Safari/537.36"
192.168.1.69 - - [04/Jan/2018:02:58:34 -0600] "GET /obtenernotificaciones/ HTTP/1.1" 200 378 "http://192.168.1.74/upload/" "Mozilla/5.0 (Linux; Android 7.1.1; Moto X Play Build/NPD26.48-24-1) AppleWebKit/537.36 (KHTML, like Gecko) Chrome/63.0.3239.111 Mobile Safari/537.36"
192.168.1.69 - - [04/Jan/2018:02:58:37 -0600] "GET /obtenernotificaciones/ HTTP/1.1" 200 378 "http://192.168.1.74/upload/" "Mozilla/5.0 (Linux; Android 7.1.1; Moto X Play Build/NPD26.48-24-1) AppleWebKit/537.36 (KHTML, like Gecko) Chrome/63.0.3239.111 Mobile Safari/537.36"
192.168.1.69 - - [04/Jan/2018:02:58:40 -0600] "GET /obtenernotificaciones/ HTTP/1.1" 200 378 "http://192.168.1.74/upload/" "Mozilla/5.0 (Linux; Android 7.1.1; Moto X Play Build/NPD26.48-24-1) AppleWebKit/537.36 (KHTML, like Gecko) Chrome/63.0.3239.111 Mobile Safari/537.36"
192.168.1.69 - - [04/Jan/2018:02:58:42 -0600] "GET /obtenernotificaciones/ HTTP/1.1" 200 378 "http://192.168.1.74/upload/" "Mozilla/5.0 (Linux; Android 7.1.1; Moto X Play Build/NPD26.48-24-1) AppleWebKit/537.36 (KHTML, like Gecko) Chrome/63.0.3239.111 Mobile Safari/537.36"
192.168.1.69 - - [04/Jan/2018:02:58:46 -0600] "GET /obtenernotificaciones/ HTTP/1.1" 200 378 "http://192.168.1.74/upload/" "Mozilla/5.0 (Linux; Android 7.1.1; Moto X Play Build/NPD26.48-24-1) AppleWebKit/537.36 (KHTML, like Gecko) Chrome/63.0.3239.111 Mobile Safari/537.36"
192.168.1.69 - - [04/Jan/2018:02:58:49 -0600] "GET /obtenernotificaciones/ HTTP/1.1" 200 378 "http://192.168.1.74/upload/" "Mozilla/5.0 (Linux; Android 7.1.1; Moto X Play Build/NPD26.48-24-1) AppleWebKit/537.36 (KHTML, like Gecko) Chrome/63.0.3239.111 Mobile Safari/537.36"
192.168.1.69 - - [04/Jan/2018:02:58:52 -0600] "GET /obtenernotificaciones/ HTTP/1.1" 200 378 "http://192.168.1.74/upload/" "Mozilla/5.0 (Linux; Android 7.1.1; Moto X Play Build/NPD26.48-24-1) AppleWebKit/537.36 (KHTML, like Gecko) Chrome/63.0.3239.111 Mobile Safari/537.36"
192.168.1.69 - - [04/Jan/2018:02:58:54 -0600] "GET /obtenernotificaciones/ HTTP/1.1" 200 378 "http://192.168.1.74/upload/" "Mozilla/5.0 (Linux; Android 7.1.1; Moto X Play Build/NPD26.48-24-1) AppleWebKit/537.36 (KHTML, like Gecko) Chrome/63.0.3239.111 Mobile Safari/537.36"
192.168.1.69 - - [04/Jan/2018:02:58:57 -0600] "GET /obtenernotificaciones/ HTTP/1.1" 200 378 "http://192.168.1.74/upload/" "Mozilla/5.0 (Linux; Android 7.1.1; Moto X Play Build/NPD26.48-24-1) AppleWebKit/537.36 (KHTML, like Gecko) Chrome/63.0.3239.111 Mobile Safari/537.36"
192.168.1.69 - - [04/Jan/2018:02:59:01 -0600] "GET /obtenernotificaciones/ HTTP/1.1" 200 378 "http://192.168.1.74/upload/" "Mozilla/5.0 (Linux; Android 7.1.1; Moto X Play Build/NPD26.48-24-1) AppleWebKit/537.36 (KHTML, like Gecko) Chrome/63.0.3239.111 Mobile Safari/537.36"
192.168.1.69 - - [04/Jan/2018:02:59:04 -0600] "GET /obtenernotificaciones/ HTTP/1.1" 200 378 "http://192.168.1.74/upload/" "Mozilla/5.0 (Linux; Android 7.1.1; Moto X Play Build/NPD26.48-24-1) AppleWebKit/537.36 (KHTML, like Gecko) Chrome/63.0.3239.111 Mobile Safari/537.36"
192.168.1.69 - - [04/Jan/2018:02:59:07 -0600] "GET /obtenernotificaciones/ HTTP/1.1" 200 378 "http://192.168.1.74/upload/" "Mozilla/5.0 (Linux; Android 7.1.1; Moto X Play Build/NPD26.48-24-1) AppleWebKit/537.36 (KHTML, like Gecko) Chrome/63.0.3239.111 Mobile Safari/537.36"
192.168.1.69 - - [04/Jan/2018:02:59:10 -0600] "GET /obtenernotificaciones/ HTTP/1.1" 200 378 "http://192.168.1.74/upload/" "Mozilla/5.0 (Linux; Android 7.1.1; Moto X Play Build/NPD26.48-24-1) AppleWebKit/537.36 (KHTML, like Gecko) Chrome/63.0.3239.111 Mobile Safari/537.36"
192.168.1.69 - - [04/Jan/2018:02:59:15 -0600] "GET /obtenernotificaciones/ HTTP/1.1" 200 378 "http://192.168.1.74/upload/" "Mozilla/5.0 (Linux; Android 7.1.1; Moto X Play Build/NPD26.48-24-1) AppleWebKit/537.36 (KHTML, like Gecko) Chrome/63.0.3239.111 Mobile Safari/537.36"
192.168.1.69 - - [04/Jan/2018:02:59:16 -0600] "GET /obtenernotificaciones/ HTTP/1.1" 200 378 "http://192.168.1.74/upload/" "Mozilla/5.0 (Linux; Android 7.1.1; Moto X Play Build/NPD26.48-24-1) AppleWebKit/537.36 (KHTML, like Gecko) Chrome/63.0.3239.111 Mobile Safari/537.36"
192.168.1.69 - - [04/Jan/2018:02:59:18 -0600] "GET /obtenernotificaciones/ HTTP/1.1" 200 378 "http://192.168.1.74/upload/" "Mozilla/5.0 (Linux; Android 7.1.1; Moto X Play Build/NPD26.48-24-1) AppleWebKit/537.36 (KHTML, like Gecko) Chrome/63.0.3239.111 Mobile Safari/537.36"
192.168.1.69 - - [04/Jan/2018:02:59:22 -0600] "GET /obtenernotificaciones/ HTTP/1.1" 200 378 "http://192.168.1.74/upload/" "Mozilla/5.0 (Linux; Android 7.1.1; Moto X Play Build/NPD26.48-24-1) AppleWebKit/537.36 (KHTML, like Gecko) Chrome/63.0.3239.111 Mobile Safari/537.36"
192.168.1.69 - - [04/Jan/2018:02:59:25 -0600] "GET /obtenernotificaciones/ HTTP/1.1" 200 378 "http://192.168.1.74/upload/" "Mozilla/5.0 (Linux; Android 7.1.1; Moto X Play Build/NPD26.48-24-1) AppleWebKit/537.36 (KHTML, like Gecko) Chrome/63.0.3239.111 Mobile Safari/537.36"
192.168.1.69 - - [04/Jan/2018:02:59:27 -0600] "GET /obtenernotificaciones/ HTTP/1.1" 200 378 "http://192.168.1.74/upload/" "Mozilla/5.0 (Linux; Android 7.1.1; Moto X Play Build/NPD26.48-24-1) AppleWebKit/537.36 (KHTML, like Gecko) Chrome/63.0.3239.111 Mobile Safari/537.36"
192.168.1.69 - - [04/Jan/2018:02:59:30 -0600] "GET /obtenernotificaciones/ HTTP/1.1" 200 378 "http://192.168.1.74/upload/" "Mozilla/5.0 (Linux; Android 7.1.1; Moto X Play Build/NPD26.48-24-1) AppleWebKit/537.36 (KHTML, like Gecko) Chrome/63.0.3239.111 Mobile Safari/537.36"
192.168.1.69 - - [04/Jan/2018:02:59:33 -0600] "GET /obtenernotificaciones/ HTTP/1.1" 502 584 "http://192.168.1.74/upload/" "Mozilla/5.0 (Linux; Android 7.1.1; Moto X Play Build/NPD26.48-24-1) AppleWebKit/537.36 (KHTML, like Gecko) Chrome/63.0.3239.111 Mobile Safari/537.36"
192.168.1.69 - - [04/Jan/2018:02:59:37 -0600] "GET /obtenernotificaciones/ HTTP/1.1" 502 584 "http://192.168.1.74/upload/" "Mozilla/5.0 (Linux; Android 7.1.1; Moto X Play Build/NPD26.48-24-1) AppleWebKit/537.36 (KHTML, like Gecko) Chrome/63.0.3239.111 Mobile Safari/537.36"
192.168.1.69 - - [04/Jan/2018:02:59:40 -0600] "GET /obtenernotificaciones/ HTTP/1.1" 502 584 "http://192.168.1.74/upload/" "Mozilla/5.0 (Linux; Android 7.1.1; Moto X Play Build/NPD26.48-24-1) AppleWebKit/537.36 (KHTML, like Gecko) Chrome/63.0.3239.111 Mobile Safari/537.36"
192.168.1.69 - - [04/Jan/2018:02:59:43 -0600] "GET /obtenernotificaciones/ HTTP/1.1" 502 584 "http://192.168.1.74/upload/" "Mozilla/5.0 (Linux; Android 7.1.1; Moto X Play Build/NPD26.48-24-1) AppleWebKit/537.36 (KHTML, like Gecko) Chrome/63.0.3239.111 Mobile Safari/537.36"
192.168.1.69 - - [04/Jan/2018:02:59:45 -0600] "GET /obtenernotificaciones/ HTTP/1.1" 502 584 "http://192.168.1.74/upload/" "Mozilla/5.0 (Linux; Android 7.1.1; Moto X Play Build/NPD26.48-24-1) AppleWebKit/537.36 (KHTML, like Gecko) Chrome/63.0.3239.111 Mobile Safari/537.36"
192.168.1.69 - - [04/Jan/2018:02:59:49 -0600] "GET /obtenernotificaciones/ HTTP/1.1" 502 584 "http://192.168.1.74/upload/" "Mozilla/5.0 (Linux; Android 7.1.1; Moto X Play Build/NPD26.48-24-1) AppleWebKit/537.36 (KHTML, like Gecko) Chrome/63.0.3239.111 Mobile Safari/537.36"
192.168.1.69 - - [04/Jan/2018:02:59:51 -0600] "GET /obtenernotificaciones/ HTTP/1.1" 502 584 "http://192.168.1.74/upload/" "Mozilla/5.0 (Linux; Android 7.1.1; Moto X Play Build/NPD26.48-24-1) AppleWebKit/537.36 (KHTML, like Gecko) Chrome/63.0.3239.111 Mobile Safari/537.36"
192.168.1.69 - - [04/Jan/2018:02:59:54 -0600] "GET /obtenernotificaciones/ HTTP/1.1" 502 584 "http://192.168.1.74/upload/" "Mozilla/5.0 (Linux; Android 7.1.1; Moto X Play Build/NPD26.48-24-1) AppleWebKit/537.36 (KHTML, like Gecko) Chrome/63.0.3239.111 Mobile Safari/537.36"
192.168.1.69 - - [04/Jan/2018:02:59:57 -0600] "GET /obtenernotificaciones/ HTTP/1.1" 502 584 "http://192.168.1.74/upload/" "Mozilla/5.0 (Linux; Android 7.1.1; Moto X Play Build/NPD26.48-24-1) AppleWebKit/537.36 (KHTML, like Gecko) Chrome/63.0.3239.111 Mobile Safari/537.36"
192.168.1.69 - - [04/Jan/2018:03:00:01 -0600] "GET /obtenernotificaciones/ HTTP/1.1" 502 584 "http://192.168.1.74/upload/" "Mozilla/5.0 (Linux; Android 7.1.1; Moto X Play Build/NPD26.48-24-1) AppleWebKit/537.36 (KHTML, like Gecko) Chrome/63.0.3239.111 Mobile Safari/537.36"
192.168.1.69 - - [04/Jan/2018:03:00:04 -0600] "GET /obtenernotificaciones/ HTTP/1.1" 502 584 "http://192.168.1.74/upload/" "Mozilla/5.0 (Linux; Android 7.1.1; Moto X Play Build/NPD26.48-24-1) AppleWebKit/537.36 (KHTML, like Gecko) Chrome/63.0.3239.111 Mobile Safari/537.36"
192.168.1.69 - - [04/Jan/2018:03:00:06 -0600] "GET /obtenernotificaciones/ HTTP/1.1" 502 584 "http://192.168.1.74/upload/" "Mozilla/5.0 (Linux; Android 7.1.1; Moto X Play Build/NPD26.48-24-1) AppleWebKit/537.36 (KHTML, like Gecko) Chrome/63.0.3239.111 Mobile Safari/537.36"
192.168.1.69 - - [04/Jan/2018:03:00:09 -0600] "GET /obtenernotificaciones/ HTTP/1.1" 502 584 "http://192.168.1.74/upload/" "Mozilla/5.0 (Linux; Android 7.1.1; Moto X Play Build/NPD26.48-24-1) AppleWebKit/537.36 (KHTML, like Gecko) Chrome/63.0.3239.111 Mobile Safari/537.36"
192.168.1.69 - - [04/Jan/2018:03:00:12 -0600] "GET /obtenernotificaciones/ HTTP/1.1" 502 584 "http://192.168.1.74/upload/" "Mozilla/5.0 (Linux; Android 7.1.1; Moto X Play Build/NPD26.48-24-1) AppleWebKit/537.36 (KHTML, like Gecko) Chrome/63.0.3239.111 Mobile Safari/537.36"
192.168.1.69 - - [04/Jan/2018:03:00:15 -0600] "GET /obtenernotificaciones/ HTTP/1.1" 502 584 "http://192.168.1.74/upload/" "Mozilla/5.0 (Linux; Android 7.1.1; Moto X Play Build/NPD26.48-24-1) AppleWebKit/537.36 (KHTML, like Gecko) Chrome/63.0.3239.111 Mobile Safari/537.36"
192.168.1.69 - - [04/Jan/2018:03:00:19 -0600] "GET /obtenernotificaciones/ HTTP/1.1" 502 584 "http://192.168.1.74/upload/" "Mozilla/5.0 (Linux; Android 7.1.1; Moto X Play Build/NPD26.48-24-1) AppleWebKit/537.36 (KHTML, like Gecko) Chrome/63.0.3239.111 Mobile Safari/537.36"
192.168.1.69 - - [04/Jan/2018:03:00:22 -0600] "GET /obtenernotificaciones/ HTTP/1.1" 502 584 "http://192.168.1.74/upload/" "Mozilla/5.0 (Linux; Android 7.1.1; Moto X Play Build/NPD26.48-24-1) AppleWebKit/537.36 (KHTML, like Gecko) Chrome/63.0.3239.111 Mobile Safari/537.36"
192.168.1.69 - - [04/Jan/2018:03:00:25 -0600] "GET /obtenernotificaciones/ HTTP/1.1" 502 584 "http://192.168.1.74/upload/" "Mozilla/5.0 (Linux; Android 7.1.1; Moto X Play Build/NPD26.48-24-1) AppleWebKit/537.36 (KHTML, like Gecko) Chrome/63.0.3239.111 Mobile Safari/537.36"
192.168.1.69 - - [04/Jan/2018:03:00:28 -0600] "GET /obtenernotificaciones/ HTTP/1.1" 502 584 "http://192.168.1.74/upload/" "Mozilla/5.0 (Linux; Android 7.1.1; Moto X Play Build/NPD26.48-24-1) AppleWebKit/537.36 (KHTML, like Gecko) Chrome/63.0.3239.111 Mobile Safari/537.36"
192.168.1.69 - - [04/Jan/2018:03:00:31 -0600] "GET /obtenernotificaciones/ HTTP/1.1" 502 584 "http://192.168.1.74/upload/" "Mozilla/5.0 (Linux; Android 7.1.1; Moto X Play Build/NPD26.48-24-1) AppleWebKit/537.36 (KHTML, like Gecko) Chrome/63.0.3239.111 Mobile Safari/537.36"
192.168.1.69 - - [04/Jan/2018:03:00:34 -0600] "GET /obtenernotificaciones/ HTTP/1.1" 502 584 "http://192.168.1.74/upload/" "Mozilla/5.0 (Linux; Android 7.1.1; Moto X Play Build/NPD26.48-24-1) AppleWebKit/537.36 (KHTML, like Gecko) Chrome/63.0.3239.111 Mobile Safari/537.36"
192.168.1.69 - - [04/Jan/2018:03:00:37 -0600] "GET /obtenernotificaciones/ HTTP/1.1" 502 584 "http://192.168.1.74/upload/" "Mozilla/5.0 (Linux; Android 7.1.1; Moto X Play Build/NPD26.48-24-1) AppleWebKit/537.36 (KHTML, like Gecko) Chrome/63.0.3239.111 Mobile Safari/537.36"
192.168.1.69 - - [04/Jan/2018:03:00:40 -0600] "GET /obtenernotificaciones/ HTTP/1.1" 502 584 "http://192.168.1.74/upload/" "Mozilla/5.0 (Linux; Android 7.1.1; Moto X Play Build/NPD26.48-24-1) AppleWebKit/537.36 (KHTML, like Gecko) Chrome/63.0.3239.111 Mobile Safari/537.36"
192.168.1.69 - - [04/Jan/2018:03:00:43 -0600] "GET /obtenernotificaciones/ HTTP/1.1" 502 584 "http://192.168.1.74/upload/" "Mozilla/5.0 (Linux; Android 7.1.1; Moto X Play Build/NPD26.48-24-1) AppleWebKit/537.36 (KHTML, like Gecko) Chrome/63.0.3239.111 Mobile Safari/537.36"
192.168.1.69 - - [04/Jan/2018:03:00:46 -0600] "GET /obtenernotificaciones/ HTTP/1.1" 502 584 "http://192.168.1.74/upload/" "Mozilla/5.0 (Linux; Android 7.1.1; Moto X Play Build/NPD26.48-24-1) AppleWebKit/537.36 (KHTML, like Gecko) Chrome/63.0.3239.111 Mobile Safari/537.36"
192.168.1.69 - - [04/Jan/2018:03:00:49 -0600] "GET /obtenernotificaciones/ HTTP/1.1" 502 584 "http://192.168.1.74/upload/" "Mozilla/5.0 (Linux; Android 7.1.1; Moto X Play Build/NPD26.48-24-1) AppleWebKit/537.36 (KHTML, like Gecko) Chrome/63.0.3239.111 Mobile Safari/537.36"
192.168.1.69 - - [04/Jan/2018:03:00:52 -0600] "GET /obtenernotificaciones/ HTTP/1.1" 502 584 "http://192.168.1.74/upload/" "Mozilla/5.0 (Linux; Android 7.1.1; Moto X Play Build/NPD26.48-24-1) AppleWebKit/537.36 (KHTML, like Gecko) Chrome/63.0.3239.111 Mobile Safari/537.36"
192.168.1.69 - - [04/Jan/2018:03:00:55 -0600] "GET /obtenernotificaciones/ HTTP/1.1" 502 584 "http://192.168.1.74/upload/" "Mozilla/5.0 (Linux; Android 7.1.1; Moto X Play Build/NPD26.48-24-1) AppleWebKit/537.36 (KHTML, like Gecko) Chrome/63.0.3239.111 Mobile Safari/537.36"
192.168.1.69 - - [04/Jan/2018:03:00:58 -0600] "GET /obtenernotificaciones/ HTTP/1.1" 502 584 "http://192.168.1.74/upload/" "Mozilla/5.0 (Linux; Android 7.1.1; Moto X Play Build/NPD26.48-24-1) AppleWebKit/537.36 (KHTML, like Gecko) Chrome/63.0.3239.111 Mobile Safari/537.36"
192.168.1.69 - - [04/Jan/2018:03:01:01 -0600] "GET /obtenernotificaciones/ HTTP/1.1" 502 584 "http://192.168.1.74/upload/" "Mozilla/5.0 (Linux; Android 7.1.1; Moto X Play Build/NPD26.48-24-1) AppleWebKit/537.36 (KHTML, like Gecko) Chrome/63.0.3239.111 Mobile Safari/537.36"
192.168.1.69 - - [04/Jan/2018:03:01:04 -0600] "GET /obtenernotificaciones/ HTTP/1.1" 502 584 "http://192.168.1.74/upload/" "Mozilla/5.0 (Linux; Android 7.1.1; Moto X Play Build/NPD26.48-24-1) AppleWebKit/537.36 (KHTML, like Gecko) Chrome/63.0.3239.111 Mobile Safari/537.36"
192.168.1.69 - - [04/Jan/2018:03:01:07 -0600] "GET /obtenernotificaciones/ HTTP/1.1" 502 584 "http://192.168.1.74/upload/" "Mozilla/5.0 (Linux; Android 7.1.1; Moto X Play Build/NPD26.48-24-1) AppleWebKit/537.36 (KHTML, like Gecko) Chrome/63.0.3239.111 Mobile Safari/537.36"
192.168.1.69 - - [04/Jan/2018:03:01:10 -0600] "GET /obtenernotificaciones/ HTTP/1.1" 502 584 "http://192.168.1.74/upload/" "Mozilla/5.0 (Linux; Android 7.1.1; Moto X Play Build/NPD26.48-24-1) AppleWebKit/537.36 (KHTML, like Gecko) Chrome/63.0.3239.111 Mobile Safari/537.36"
192.168.1.69 - - [04/Jan/2018:03:01:13 -0600] "GET /obtenernotificaciones/ HTTP/1.1" 502 584 "http://192.168.1.74/upload/" "Mozilla/5.0 (Linux; Android 7.1.1; Moto X Play Build/NPD26.48-24-1) AppleWebKit/537.36 (KHTML, like Gecko) Chrome/63.0.3239.111 Mobile Safari/537.36"
192.168.1.69 - - [04/Jan/2018:03:01:16 -0600] "GET /obtenernotificaciones/ HTTP/1.1" 502 584 "http://192.168.1.74/upload/" "Mozilla/5.0 (Linux; Android 7.1.1; Moto X Play Build/NPD26.48-24-1) AppleWebKit/537.36 (KHTML, like Gecko) Chrome/63.0.3239.111 Mobile Safari/537.36"
192.168.1.69 - - [04/Jan/2018:03:01:19 -0600] "GET /obtenernotificaciones/ HTTP/1.1" 502 584 "http://192.168.1.74/upload/" "Mozilla/5.0 (Linux; Android 7.1.1; Moto X Play Build/NPD26.48-24-1) AppleWebKit/537.36 (KHTML, like Gecko) Chrome/63.0.3239.111 Mobile Safari/537.36"
192.168.1.69 - - [04/Jan/2018:03:01:22 -0600] "GET /obtenernotificaciones/ HTTP/1.1" 200 378 "http://192.168.1.74/upload/" "Mozilla/5.0 (Linux; Android 7.1.1; Moto X Play Build/NPD26.48-24-1) AppleWebKit/537.36 (KHTML, like Gecko) Chrome/63.0.3239.111 Mobile Safari/537.36"
192.168.1.69 - - [04/Jan/2018:03:01:25 -0600] "GET /obtenernotificaciones/ HTTP/1.1" 200 378 "http://192.168.1.74/upload/" "Mozilla/5.0 (Linux; Android 7.1.1; Moto X Play Build/NPD26.48-24-1) AppleWebKit/537.36 (KHTML, like Gecko) Chrome/63.0.3239.111 Mobile Safari/537.36"
192.168.1.69 - - [04/Jan/2018:03:01:28 -0600] "GET /obtenernotificaciones/ HTTP/1.1" 200 378 "http://192.168.1.74/upload/" "Mozilla/5.0 (Linux; Android 7.1.1; Moto X Play Build/NPD26.48-24-1) AppleWebKit/537.36 (KHTML, like Gecko) Chrome/63.0.3239.111 Mobile Safari/537.36"
192.168.1.69 - - [04/Jan/2018:03:01:31 -0600] "GET /obtenernotificaciones/ HTTP/1.1" 200 378 "http://192.168.1.74/upload/" "Mozilla/5.0 (Linux; Android 7.1.1; Moto X Play Build/NPD26.48-24-1) AppleWebKit/537.36 (KHTML, like Gecko) Chrome/63.0.3239.111 Mobile Safari/537.36"
192.168.1.69 - - [04/Jan/2018:03:01:34 -0600] "GET /obtenernotificaciones/ HTTP/1.1" 200 378 "http://192.168.1.74/upload/" "Mozilla/5.0 (Linux; Android 7.1.1; Moto X Play Build/NPD26.48-24-1) AppleWebKit/537.36 (KHTML, like Gecko) Chrome/63.0.3239.111 Mobile Safari/537.36"
127.0.0.1 - - [04/Jan/2018:03:01:34 -0600] "GET / HTTP/1.1" 200 5697 "-" "Mozilla/5.0 (X11; Ubuntu; Linux x86_64; rv:57.0) Gecko/20100101 Firefox/57.0"
127.0.0.1 - - [04/Jan/2018:03:01:34 -0600] "GET /static/js/bootstrap-fileprogress.js HTTP/1.1" 404 152 "http://127.0.0.1/" "Mozilla/5.0 (X11; Ubuntu; Linux x86_64; rv:57.0) Gecko/20100101 Firefox/57.0"
127.0.0.1 - - [04/Jan/2018:03:01:34 -0600] "GET /media/thumbnails/use_your_head.gif HTTP/1.1" 403 152 "http://127.0.0.1/" "Mozilla/5.0 (X11; Ubuntu; Linux x86_64; rv:57.0) Gecko/20100101 Firefox/57.0"
127.0.0.1 - - [04/Jan/2018:03:01:34 -0600] "GET /media/thumbnails/use_your_head_3GmI5Mv.gif HTTP/1.1" 403 152 "http://127.0.0.1/" "Mozilla/5.0 (X11; Ubuntu; Linux x86_64; rv:57.0) Gecko/20100101 Firefox/57.0"
127.0.0.1 - - [04/Jan/2018:03:01:34 -0600] "GET /media/ HTTP/1.1" 403 152 "http://127.0.0.1/" "Mozilla/5.0 (X11; Ubuntu; Linux x86_64; rv:57.0) Gecko/20100101 Firefox/57.0"
127.0.0.1 - - [04/Jan/2018:03:01:34 -0600] "GET /media//home/carlos/Escritorio/tutub/media/thumbnails/bob_esponja_SoCXkz4..gif HTTP/1.1" 404 152 "http://127.0.0.1/" "Mozilla/5.0 (X11; Ubuntu; Linux x86_64; rv:57.0) Gecko/20100101 Firefox/57.0"
127.0.0.1 - - [04/Jan/2018:03:01:34 -0600] "GET /media/bob_esponja_1mPoEn8.gif HTTP/1.1" 404 152 "http://127.0.0.1/" "Mozilla/5.0 (X11; Ubuntu; Linux x86_64; rv:57.0) Gecko/20100101 Firefox/57.0"
127.0.0.1 - - [04/Jan/2018:03:01:34 -0600] "GET /media/thumbnails/use_your_head_m1Nq265.gif HTTP/1.1" 403 152 "http://127.0.0.1/" "Mozilla/5.0 (X11; Ubuntu; Linux x86_64; rv:57.0) Gecko/20100101 Firefox/57.0"
127.0.0.1 - - [04/Jan/2018:03:01:34 -0600] "GET /media//thumbnails/2400677-hi.gif HTTP/1.1" 200 245461 "http://127.0.0.1/" "Mozilla/5.0 (X11; Ubuntu; Linux x86_64; rv:57.0) Gecko/20100101 Firefox/57.0"
127.0.0.1 - - [04/Jan/2018:03:01:34 -0600] "GET /media//thumbnails/2400677-hi_0R6zx4c.gif HTTP/1.1" 200 3001722 "http://127.0.0.1/" "Mozilla/5.0 (X11; Ubuntu; Linux x86_64; rv:57.0) Gecko/20100101 Firefox/57.0"
127.0.0.1 - - [04/Jan/2018:03:01:34 -0600] "GET /media//thumbnails/2400677-hi_y3czTUQ.gif HTTP/1.1" 200 1268048 "http://127.0.0.1/" "Mozilla/5.0 (X11; Ubuntu; Linux x86_64; rv:57.0) Gecko/20100101 Firefox/57.0"
127.0.0.1 - - [04/Jan/2018:03:01:34 -0600] "GET /media//thumbnails/b.gif HTTP/1.1" 200 3361194 "http://127.0.0.1/" "Mozilla/5.0 (X11; Ubuntu; Linux x86_64; rv:57.0) Gecko/20100101 Firefox/57.0"
127.0.0.1 - - [04/Jan/2018:03:01:34 -0600] "GET /media//thumbnails/bob_esponja_OlknGdk.gif HTTP/1.1" 304 0 "http://127.0.0.1/" "Mozilla/5.0 (X11; Ubuntu; Linux x86_64; rv:57.0) Gecko/20100101 Firefox/57.0"
127.0.0.1 - - [04/Jan/2018:03:01:34 -0600] "GET /media//thumbnails/235279-hi.gif HTTP/1.1" 304 0 "http://127.0.0.1/" "Mozilla/5.0 (X11; Ubuntu; Linux x86_64; rv:57.0) Gecko/20100101 Firefox/57.0"
127.0.0.1 - - [04/Jan/2018:03:01:34 -0600] "GET /media//thumbnails/bob_esponja.gif HTTP/1.1" 200 3333562 "http://127.0.0.1/" "Mozilla/5.0 (X11; Ubuntu; Linux x86_64; rv:57.0) Gecko/20100101 Firefox/57.0"
127.0.0.1 - - [04/Jan/2018:03:01:34 -0600] "GET /media//thumbnails/823829-hi.gif HTTP/1.1" 304 0 "http://127.0.0.1/" "Mozilla/5.0 (X11; Ubuntu; Linux x86_64; rv:57.0) Gecko/20100101 Firefox/57.0"
127.0.0.1 - - [04/Jan/2018:03:01:34 -0600] "GET /static/js/bootstrap-fileprogress.js HTTP/1.1" 404 152 "http://127.0.0.1/" "Mozilla/5.0 (X11; Ubuntu; Linux x86_64; rv:57.0) Gecko/20100101 Firefox/57.0"
127.0.0.1 - - [04/Jan/2018:03:01:34 -0600] "GET /media/thumbnails/use_your_head.gif HTTP/1.1" 403 152 "http://127.0.0.1/" "Mozilla/5.0 (X11; Ubuntu; Linux x86_64; rv:57.0) Gecko/20100101 Firefox/57.0"
127.0.0.1 - - [04/Jan/2018:03:01:34 -0600] "GET /media/thumbnails/use_your_head_3GmI5Mv.gif HTTP/1.1" 403 152 "http://127.0.0.1/" "Mozilla/5.0 (X11; Ubuntu; Linux x86_64; rv:57.0) Gecko/20100101 Firefox/57.0"
127.0.0.1 - - [04/Jan/2018:03:01:34 -0600] "GET /media/ HTTP/1.1" 403 152 "http://127.0.0.1/" "Mozilla/5.0 (X11; Ubuntu; Linux x86_64; rv:57.0) Gecko/20100101 Firefox/57.0"
127.0.0.1 - - [04/Jan/2018:03:01:34 -0600] "GET /media//home/carlos/Escritorio/tutub/media/thumbnails/bob_esponja_SoCXkz4..gif HTTP/1.1" 404 152 "http://127.0.0.1/" "Mozilla/5.0 (X11; Ubuntu; Linux x86_64; rv:57.0) Gecko/20100101 Firefox/57.0"
127.0.0.1 - - [04/Jan/2018:03:01:34 -0600] "GET /media/bob_esponja_1mPoEn8.gif HTTP/1.1" 404 152 "http://127.0.0.1/" "Mozilla/5.0 (X11; Ubuntu; Linux x86_64; rv:57.0) Gecko/20100101 Firefox/57.0"
127.0.0.1 - - [04/Jan/2018:03:01:34 -0600] "GET /media/thumbnails/use_your_head_m1Nq265.gif HTTP/1.1" 403 152 "http://127.0.0.1/" "Mozilla/5.0 (X11; Ubuntu; Linux x86_64; rv:57.0) Gecko/20100101 Firefox/57.0"
127.0.0.1 - - [04/Jan/2018:03:01:35 -0600] "GET /obtenernotificaciones/ HTTP/1.1" 500 27 "http://127.0.0.1/" "Mozilla/5.0 (X11; Ubuntu; Linux x86_64; rv:57.0) Gecko/20100101 Firefox/57.0"
127.0.0.1 - - [04/Jan/2018:03:01:37 -0600] "GET /video/1 HTTP/1.1" 301 0 "http://127.0.0.1/" "Mozilla/5.0 (X11; Ubuntu; Linux x86_64; rv:57.0) Gecko/20100101 Firefox/57.0"
127.0.0.1 - - [04/Jan/2018:03:01:37 -0600] "GET /video/1/ HTTP/1.1" 200 4261 "http://127.0.0.1/" "Mozilla/5.0 (X11; Ubuntu; Linux x86_64; rv:57.0) Gecko/20100101 Firefox/57.0"
127.0.0.1 - - [04/Jan/2018:03:01:37 -0600] "GET /static/css/video_detalle.css HTTP/1.1" 200 2022 "http://127.0.0.1/video/1/" "Mozilla/5.0 (X11; Ubuntu; Linux x86_64; rv:57.0) Gecko/20100101 Firefox/57.0"
127.0.0.1 - - [04/Jan/2018:03:01:37 -0600] "GET /obtenernotificaciones/ HTTP/1.1" 500 27 "http://127.0.0.1/video/1/" "Mozilla/5.0 (X11; Ubuntu; Linux x86_64; rv:57.0) Gecko/20100101 Firefox/57.0"
192.168.1.69 - - [04/Jan/2018:03:01:37 -0600] "GET /obtenernotificaciones/ HTTP/1.1" 200 378 "http://192.168.1.74/upload/" "Mozilla/5.0 (Linux; Android 7.1.1; Moto X Play Build/NPD26.48-24-1) AppleWebKit/537.36 (KHTML, like Gecko) Chrome/63.0.3239.111 Mobile Safari/537.36"
127.0.0.1 - - [04/Jan/2018:03:01:40 -0600] "GET /obtenernotificaciones/ HTTP/1.1" 500 27 "http://127.0.0.1/" "Mozilla/5.0 (X11; Ubuntu; Linux x86_64; rv:57.0) Gecko/20100101 Firefox/57.0"
192.168.1.69 - - [04/Jan/2018:03:01:40 -0600] "GET /obtenernotificaciones/ HTTP/1.1" 200 378 "http://192.168.1.74/upload/" "Mozilla/5.0 (Linux; Android 7.1.1; Moto X Play Build/NPD26.48-24-1) AppleWebKit/537.36 (KHTML, like Gecko) Chrome/63.0.3239.111 Mobile Safari/537.36"
192.168.1.69 - - [04/Jan/2018:03:01:43 -0600] "GET /obtenernotificaciones/ HTTP/1.1" 200 378 "http://192.168.1.74/upload/" "Mozilla/5.0 (Linux; Android 7.1.1; Moto X Play Build/NPD26.48-24-1) AppleWebKit/537.36 (KHTML, like Gecko) Chrome/63.0.3239.111 Mobile Safari/537.36"
127.0.0.1 - - [04/Jan/2018:03:01:43 -0600] "GET /obtenernotificaciones/ HTTP/1.1" 500 27 "http://127.0.0.1/" "Mozilla/5.0 (X11; Ubuntu; Linux x86_64; rv:57.0) Gecko/20100101 Firefox/57.0"
192.168.1.69 - - [04/Jan/2018:03:01:46 -0600] "GET /obtenernotificaciones/ HTTP/1.1" 200 378 "http://192.168.1.74/upload/" "Mozilla/5.0 (Linux; Android 7.1.1; Moto X Play Build/NPD26.48-24-1) AppleWebKit/537.36 (KHTML, like Gecko) Chrome/63.0.3239.111 Mobile Safari/537.36"
127.0.0.1 - - [04/Jan/2018:03:01:46 -0600] "GET /obtenernotificaciones/ HTTP/1.1" 500 27 "http://127.0.0.1/" "Mozilla/5.0 (X11; Ubuntu; Linux x86_64; rv:57.0) Gecko/20100101 Firefox/57.0"
127.0.0.1 - - [04/Jan/2018:03:01:48 -0600] "GET /video/1/ HTTP/1.1" 200 4261 "http://127.0.0.1/" "Mozilla/5.0 (X11; Ubuntu; Linux x86_64; rv:57.0) Gecko/20100101 Firefox/57.0"
127.0.0.1 - - [04/Jan/2018:03:01:48 -0600] "GET /obtenernotificaciones/ HTTP/1.1" 500 27 "http://127.0.0.1/video/1/" "Mozilla/5.0 (X11; Ubuntu; Linux x86_64; rv:57.0) Gecko/20100101 Firefox/57.0"
192.168.1.69 - - [04/Jan/2018:03:01:49 -0600] "GET /obtenernotificaciones/ HTTP/1.1" 200 378 "http://192.168.1.74/upload/" "Mozilla/5.0 (Linux; Android 7.1.1; Moto X Play Build/NPD26.48-24-1) AppleWebKit/537.36 (KHTML, like Gecko) Chrome/63.0.3239.111 Mobile Safari/537.36"
127.0.0.1 - - [04/Jan/2018:03:01:51 -0600] "GET /obtenernotificaciones/ HTTP/1.1" 500 27 "http://127.0.0.1/video/1/" "Mozilla/5.0 (X11; Ubuntu; Linux x86_64; rv:57.0) Gecko/20100101 Firefox/57.0"
192.168.1.69 - - [04/Jan/2018:03:01:52 -0600] "GET /obtenernotificaciones/ HTTP/1.1" 200 378 "http://192.168.1.74/upload/" "Mozilla/5.0 (Linux; Android 7.1.1; Moto X Play Build/NPD26.48-24-1) AppleWebKit/537.36 (KHTML, like Gecko) Chrome/63.0.3239.111 Mobile Safari/537.36"
127.0.0.1 - - [04/Jan/2018:03:01:53 -0600] "GET /static/bootstrap/vendor/bootstrap/css/bootstrap.min.css.map HTTP/1.1" 404 152 "-" "Mozilla/5.0 (X11; Ubuntu; Linux x86_64; rv:57.0) Gecko/20100101 Firefox/57.0"
127.0.0.1 - - [04/Jan/2018:03:01:54 -0600] "GET /obtenernotificaciones/ HTTP/1.1" 500 27 "http://127.0.0.1/video/1/" "Mozilla/5.0 (X11; Ubuntu; Linux x86_64; rv:57.0) Gecko/20100101 Firefox/57.0"
192.168.1.69 - - [04/Jan/2018:03:01:55 -0600] "GET /obtenernotificaciones/ HTTP/1.1" 200 378 "http://192.168.1.74/upload/" "Mozilla/5.0 (Linux; Android 7.1.1; Moto X Play Build/NPD26.48-24-1) AppleWebKit/537.36 (KHTML, like Gecko) Chrome/63.0.3239.111 Mobile Safari/537.36"
127.0.0.1 - - [04/Jan/2018:03:01:57 -0600] "GET /obtenernotificaciones/ HTTP/1.1" 500 27 "http://127.0.0.1/video/1/" "Mozilla/5.0 (X11; Ubuntu; Linux x86_64; rv:57.0) Gecko/20100101 Firefox/57.0"
192.168.1.69 - - [04/Jan/2018:03:01:58 -0600] "GET /obtenernotificaciones/ HTTP/1.1" 200 378 "http://192.168.1.74/upload/" "Mozilla/5.0 (Linux; Android 7.1.1; Moto X Play Build/NPD26.48-24-1) AppleWebKit/537.36 (KHTML, like Gecko) Chrome/63.0.3239.111 Mobile Safari/537.36"
127.0.0.1 - - [04/Jan/2018:03:02:00 -0600] "GET /obtenernotificaciones/ HTTP/1.1" 500 27 "http://127.0.0.1/video/1/" "Mozilla/5.0 (X11; Ubuntu; Linux x86_64; rv:57.0) Gecko/20100101 Firefox/57.0"
192.168.1.69 - - [04/Jan/2018:03:02:01 -0600] "GET /obtenernotificaciones/ HTTP/1.1" 200 378 "http://192.168.1.74/upload/" "Mozilla/5.0 (Linux; Android 7.1.1; Moto X Play Build/NPD26.48-24-1) AppleWebKit/537.36 (KHTML, like Gecko) Chrome/63.0.3239.111 Mobile Safari/537.36"
127.0.0.1 - - [04/Jan/2018:03:02:03 -0600] "GET /obtenernotificaciones/ HTTP/1.1" 500 27 "http://127.0.0.1/video/1/" "Mozilla/5.0 (X11; Ubuntu; Linux x86_64; rv:57.0) Gecko/20100101 Firefox/57.0"
127.0.0.1 - - [04/Jan/2018:03:02:04 -0600] "GET /login/ HTTP/1.1" 200 4166 "http://127.0.0.1/video/1/" "Mozilla/5.0 (X11; Ubuntu; Linux x86_64; rv:57.0) Gecko/20100101 Firefox/57.0"
127.0.0.1 - - [04/Jan/2018:03:02:04 -0600] "GET /static/js/iniciar_sesion.js HTTP/1.1" 200 388 "http://127.0.0.1/login/" "Mozilla/5.0 (X11; Ubuntu; Linux x86_64; rv:57.0) Gecko/20100101 Firefox/57.0"
192.168.1.69 - - [04/Jan/2018:03:02:04 -0600] "GET /obtenernotificaciones/ HTTP/1.1" 200 378 "http://192.168.1.74/upload/" "Mozilla/5.0 (Linux; Android 7.1.1; Moto X Play Build/NPD26.48-24-1) AppleWebKit/537.36 (KHTML, like Gecko) Chrome/63.0.3239.111 Mobile Safari/537.36"
127.0.0.1 - - [04/Jan/2018:03:02:04 -0600] "GET /obtenernotificaciones/ HTTP/1.1" 500 27 "http://127.0.0.1/login/" "Mozilla/5.0 (X11; Ubuntu; Linux x86_64; rv:57.0) Gecko/20100101 Firefox/57.0"
127.0.0.1 - - [04/Jan/2018:03:02:07 -0600] "GET /obtenernotificaciones/ HTTP/1.1" 500 27 "http://127.0.0.1/login/" "Mozilla/5.0 (X11; Ubuntu; Linux x86_64; rv:57.0) Gecko/20100101 Firefox/57.0"
192.168.1.69 - - [04/Jan/2018:03:02:07 -0600] "GET /obtenernotificaciones/ HTTP/1.1" 200 378 "http://192.168.1.74/upload/" "Mozilla/5.0 (Linux; Android 7.1.1; Moto X Play Build/NPD26.48-24-1) AppleWebKit/537.36 (KHTML, like Gecko) Chrome/63.0.3239.111 Mobile Safari/537.36"
127.0.0.1 - - [04/Jan/2018:03:02:09 -0600] "POST /login/ HTTP/1.1" 302 0 "http://127.0.0.1/login/" "Mozilla/5.0 (X11; Ubuntu; Linux x86_64; rv:57.0) Gecko/20100101 Firefox/57.0"
